###############################################################################
#
# IAR ELF Linker V8.42.1.233/W32 for ARM                  14/Jan/2020  08:48:55
# Copyright 2007-2019 IAR Systems AB.
#
#    Output file  =
#        C:\Work\TimerOpenSource\BigClockOS\BigDisplay2019\EWARM\BigDisplay2019\Exe\BigDisplay2019.out
#    Map file     =
#        C:\Work\TimerOpenSource\BigClockOS\BigDisplay2019\EWARM\BigDisplay2019\List\BigDisplay2019.map
#    Command line =
#        -f C:\Users\CHARLE~1\AppData\Local\Temp\EWB87.tmp
#        (C:\Work\TimerOpenSource\BigClockOS\BigDisplay2019\EWARM\BigDisplay2019\Obj\cmsis_os.o
#        C:\Work\TimerOpenSource\BigClockOS\BigDisplay2019\EWARM\BigDisplay2019\Obj\crc.o
#        C:\Work\TimerOpenSource\BigClockOS\BigDisplay2019\EWARM\BigDisplay2019\Obj\croutine.o
#        C:\Work\TimerOpenSource\BigClockOS\BigDisplay2019\EWARM\BigDisplay2019\Obj\DisplayApplication.o
#        C:\Work\TimerOpenSource\BigClockOS\BigDisplay2019\EWARM\BigDisplay2019\Obj\DisplayDriver.o
#        C:\Work\TimerOpenSource\BigClockOS\BigDisplay2019\EWARM\BigDisplay2019\Obj\event_groups.o
#        C:\Work\TimerOpenSource\BigClockOS\BigDisplay2019\EWARM\BigDisplay2019\Obj\FlashInterface.o
#        C:\Work\TimerOpenSource\BigClockOS\BigDisplay2019\EWARM\BigDisplay2019\Obj\Fonts.o
#        C:\Work\TimerOpenSource\BigClockOS\BigDisplay2019\EWARM\BigDisplay2019\Obj\gpio.o
#        C:\Work\TimerOpenSource\BigClockOS\BigDisplay2019\EWARM\BigDisplay2019\Obj\gpioapi.o
#        C:\Work\TimerOpenSource\BigClockOS\BigDisplay2019\EWARM\BigDisplay2019\Obj\heap_4.o
#        C:\Work\TimerOpenSource\BigClockOS\BigDisplay2019\EWARM\BigDisplay2019\Obj\list.o
#        C:\Work\TimerOpenSource\BigClockOS\BigDisplay2019\EWARM\BigDisplay2019\Obj\main.o
#        C:\Work\TimerOpenSource\BigClockOS\BigDisplay2019\EWARM\BigDisplay2019\Obj\port.o
#        C:\Work\TimerOpenSource\BigClockOS\BigDisplay2019\EWARM\BigDisplay2019\Obj\portasm.o
#        C:\Work\TimerOpenSource\BigClockOS\BigDisplay2019\EWARM\BigDisplay2019\Obj\queue.o
#        C:\Work\TimerOpenSource\BigClockOS\BigDisplay2019\EWARM\BigDisplay2019\Obj\startup_stm32f446xx.o
#        C:\Work\TimerOpenSource\BigClockOS\BigDisplay2019\EWARM\BigDisplay2019\Obj\stm32f4xx_hal.o
#        C:\Work\TimerOpenSource\BigClockOS\BigDisplay2019\EWARM\BigDisplay2019\Obj\stm32f4xx_hal_cortex.o
#        C:\Work\TimerOpenSource\BigClockOS\BigDisplay2019\EWARM\BigDisplay2019\Obj\stm32f4xx_hal_dma.o
#        C:\Work\TimerOpenSource\BigClockOS\BigDisplay2019\EWARM\BigDisplay2019\Obj\stm32f4xx_hal_dma_ex.o
#        C:\Work\TimerOpenSource\BigClockOS\BigDisplay2019\EWARM\BigDisplay2019\Obj\stm32f4xx_hal_flash.o
#        C:\Work\TimerOpenSource\BigClockOS\BigDisplay2019\EWARM\BigDisplay2019\Obj\stm32f4xx_hal_flash_ex.o
#        C:\Work\TimerOpenSource\BigClockOS\BigDisplay2019\EWARM\BigDisplay2019\Obj\stm32f4xx_hal_flash_ramfunc.o
#        C:\Work\TimerOpenSource\BigClockOS\BigDisplay2019\EWARM\BigDisplay2019\Obj\stm32f4xx_hal_gpio.o
#        C:\Work\TimerOpenSource\BigClockOS\BigDisplay2019\EWARM\BigDisplay2019\Obj\stm32f4xx_hal_msp.o
#        C:\Work\TimerOpenSource\BigClockOS\BigDisplay2019\EWARM\BigDisplay2019\Obj\stm32f4xx_hal_pwr.o
#        C:\Work\TimerOpenSource\BigClockOS\BigDisplay2019\EWARM\BigDisplay2019\Obj\stm32f4xx_hal_pwr_ex.o
#        C:\Work\TimerOpenSource\BigClockOS\BigDisplay2019\EWARM\BigDisplay2019\Obj\stm32f4xx_hal_rcc.o
#        C:\Work\TimerOpenSource\BigClockOS\BigDisplay2019\EWARM\BigDisplay2019\Obj\stm32f4xx_hal_rcc_ex.o
#        C:\Work\TimerOpenSource\BigClockOS\BigDisplay2019\EWARM\BigDisplay2019\Obj\stm32f4xx_hal_tim.o
#        C:\Work\TimerOpenSource\BigClockOS\BigDisplay2019\EWARM\BigDisplay2019\Obj\stm32f4xx_hal_tim_ex.o
#        C:\Work\TimerOpenSource\BigClockOS\BigDisplay2019\EWARM\BigDisplay2019\Obj\stm32f4xx_hal_uart.o
#        C:\Work\TimerOpenSource\BigClockOS\BigDisplay2019\EWARM\BigDisplay2019\Obj\stm32f4xx_it.o
#        C:\Work\TimerOpenSource\BigClockOS\BigDisplay2019\EWARM\BigDisplay2019\Obj\stm32f4xx_ll_gpio.o
#        C:\Work\TimerOpenSource\BigClockOS\BigDisplay2019\EWARM\BigDisplay2019\Obj\stm32f4xx_ll_rcc.o
#        C:\Work\TimerOpenSource\BigClockOS\BigDisplay2019\EWARM\BigDisplay2019\Obj\stm32f4xx_ll_usart.o
#        C:\Work\TimerOpenSource\BigClockOS\BigDisplay2019\EWARM\BigDisplay2019\Obj\system_stm32f4xx.o
#        C:\Work\TimerOpenSource\BigClockOS\BigDisplay2019\EWARM\BigDisplay2019\Obj\tasks.o
#        C:\Work\TimerOpenSource\BigClockOS\BigDisplay2019\EWARM\BigDisplay2019\Obj\timers.o
#        C:\Work\TimerOpenSource\BigClockOS\BigDisplay2019\EWARM\BigDisplay2019\Obj\usart1.o
#        C:\Work\TimerOpenSource\BigClockOS\BigDisplay2019\EWARM\BigDisplay2019\Obj\usart2.o
#        C:\Work\TimerOpenSource\BigClockOS\BigDisplay2019\EWARM\BigDisplay2019\Obj\usart4.o
#        --redirect _Printf=_PrintfFull --redirect _Scanf=_ScanfFull
#        --no_out_extension -o
#        C:\Work\TimerOpenSource\BigClockOS\BigDisplay2019\EWARM\BigDisplay2019\Exe\BigDisplay2019.out
#        --map
#        C:\Work\TimerOpenSource\BigClockOS\BigDisplay2019\EWARM\BigDisplay2019\List\BigDisplay2019.map
#        --config
#        C:\Work\TimerOpenSource\BigClockOS\BigDisplay2019\EWARM/stm32f446xx_flash.icf
#        --entry __iar_program_start --vfe --text_out locale --no_free_heap)
#
###############################################################################

*******************************************************************************
*** RUNTIME MODEL ATTRIBUTES
***

CppFlavor       = *
__SystemLibrary = DLib
__dlib_version  = 6


*******************************************************************************
*** HEAP SELECTION
***

The no free heap was selected because of --no_free_heap.


*******************************************************************************
*** PLACEMENT SUMMARY
***

"A0":  place at address 0x800'0000 { ro section .intvec };
"P1":  place in [from 0x800'8000 to 0x807'ffff] { ro };
define block CSTACK with size = 1K, alignment = 8 { };
define block HEAP with size = 512, alignment = 8 { };
"P2":  place in [from 0x2000'0000 to 0x2001'ffff] {
          rw, block CSTACK, block HEAP };
initialize by copy { rw };

  Section            Kind         Address      Size  Object
  -------            ----         -------      ----  ------
"A0":                                         0x1c4
  .intvec            ro code   0x800'0000     0x1c4  startup_stm32f446xx.o [1]
                             - 0x800'01c4     0x1c4

"P1":                                      0x1'01c4
  .text              ro code   0x800'8000    0x1024  DisplayDriver.o [1]
  .text              ro code   0x800'9024     0x238  port.o [1]
  .text              ro code   0x800'925c      0x66  ABImemset.o [4]
  .text              ro code   0x800'92c2      0x3a  zero_init3.o [4]
  .text              ro code   0x800'92fc     0x148  gpioapi.o [1]
  .text              ro code   0x800'9444     0x95c  tasks.o [1]
  CODE               ro code   0x800'9da0      0xa8  portasm.o [1]
  .text              ro code   0x800'9e48     0x1bc  stm32f4xx_ll_gpio.o [1]
  .text              ro code   0x800'a004     0x274  heap_4.o [1]
  .text              ro code   0x800'a278      0x9a  list.o [1]
  .rodata            const     0x800'a312       0x2  xlocale_c.o [2]
  .text              ro code   0x800'a314     0xbe0  DisplayApplication.o [1]
  .text              ro code   0x800'aef4      0xde  crc.o [1]
  .text              ro code   0x800'afd4      0xa8  FlashInterface.o [1]
  .text              ro code   0x800'b07c     0x5c0  Fonts.o [1]
  .text              ro code   0x800'b63c      0x4c  strtok.o [2]
  .text              ro code   0x800'b688     0x14c  iar_Stoulx.o [2]
  .text              ro code   0x800'b7d4      0x14  toupper.o [2]
  .text              ro code   0x800'b7e8     0x2d2  usart2.o [1]
  .text              ro code   0x800'babc     0x2d2  usart1.o [1]
  .text              ro code   0x800'bd90      0xa6  ABImemcpy.o [4]
  .text              ro code   0x800'be38      0x90  cmsis_os.o [1]
  .text              ro code   0x800'bec8     0x2d2  usart4.o [1]
  .text              ro code   0x800'c19c     0x220  stm32f4xx_hal_flash.o [1]
  .text              ro code   0x800'c3bc     0x2dc  stm32f4xx_hal_flash_ex.o [1]
  .text              ro code   0x800'c698      0x22  I64Shl.o [4]
  .text              ro code   0x800'c6ba      0x22  strspn.o [2]
  .text              ro code   0x800'c6dc      0x22  strcspn.o [2]
  .text              ro code   0x800'c6fe      0x14  isspace.o [2]
  .text              ro code   0x800'c712      0x14  tolower.o [2]
  .text              ro code   0x800'c728      0x58  memchr.o [4]
  .text              ro code   0x800'c780      0x74  xlocale_c.o [2]
  .text              ro code   0x800'c7f4     0x498  queue.o [1]
  .text              ro code   0x800'cc8c     0x2cc  stm32f4xx_ll_usart.o [1]
  .text              ro code   0x800'cf58      0x28  isprint.o [2]
  .text              ro code   0x800'cf80       0xc  stm32f4xx_hal.o [1]
  .text              ro code   0x800'cf8c     0x198  stm32f4xx_ll_rcc.o [1]
  .text              ro code   0x800'd124      0x14  isalpha.o [2]
  .text              ro code   0x800'd138      0x14  ispunct.o [2]
  .text              ro code   0x800'd14c     0x508  stm32f4xx_hal_rcc_ex.o [1]
  .text              ro code   0x800'd654     0x254  stm32f4xx_hal_gpio.o [1]
  .rodata            const     0x800'd8a8     0x240  Fonts.o [1]
  .rodata            const     0x800'dae8     0x240  Fonts.o [1]
  .rodata            const     0x800'dd28     0x240  Fonts.o [1]
  .rodata            const     0x800'df68     0x240  Fonts.o [1]
  .rodata            const     0x800'e1a8     0x240  Fonts.o [1]
  .rodata            const     0x800'e3e8     0x240  Fonts.o [1]
  .rodata            const     0x800'e628     0x240  Fonts.o [1]
  .rodata            const     0x800'e868     0x240  Fonts.o [1]
  .rodata            const     0x800'eaa8     0x240  Fonts.o [1]
  .rodata            const     0x800'ece8     0x200  Fonts.o [1]
  .rodata            const     0x800'eee8     0x200  Fonts.o [1]
  .rodata            const     0x800'f0e8     0x200  Fonts.o [1]
  .rodata            const     0x800'f2e8     0x200  Fonts.o [1]
  .rodata            const     0x800'f4e8     0x200  Fonts.o [1]
  .rodata            const     0x800'f6e8     0x200  Fonts.o [1]
  .rodata            const     0x800'f8e8     0x200  Fonts.o [1]
  .rodata            const     0x800'fae8     0x200  Fonts.o [1]
  .rodata            const     0x800'fce8     0x200  Fonts.o [1]
  .rodata            const     0x800'fee8     0x200  Fonts.o [1]
  .rodata            const     0x801'00e8     0x200  Fonts.o [1]
  .rodata            const     0x801'02e8     0x200  Fonts.o [1]
  .rodata            const     0x801'04e8     0x200  Fonts.o [1]
  .rodata            const     0x801'06e8     0x200  Fonts.o [1]
  .rodata            const     0x801'08e8     0x200  Fonts.o [1]
  .rodata            const     0x801'0ae8     0x200  Fonts.o [1]
  .rodata            const     0x801'0ce8     0x200  Fonts.o [1]
  .rodata            const     0x801'0ee8     0x200  Fonts.o [1]
  .rodata            const     0x801'10e8     0x200  Fonts.o [1]
  .rodata            const     0x801'12e8     0x200  Fonts.o [1]
  .rodata            const     0x801'14e8     0x200  Fonts.o [1]
  .rodata            const     0x801'16e8     0x200  Fonts.o [1]
  .rodata            const     0x801'18e8     0x200  Fonts.o [1]
  .rodata            const     0x801'1ae8     0x200  Fonts.o [1]
  .rodata            const     0x801'1ce8     0x200  Fonts.o [1]
  .rodata            const     0x801'1ee8     0x200  Fonts.o [1]
  .rodata            const     0x801'20e8     0x200  Fonts.o [1]
  .rodata            const     0x801'22e8     0x200  Fonts.o [1]
  .rodata            const     0x801'24e8     0x200  Fonts.o [1]
  .rodata            const     0x801'26e8     0x200  Fonts.o [1]
  .rodata            const     0x801'28e8     0x200  Fonts.o [1]
  .rodata            const     0x801'2ae8     0x200  Fonts.o [1]
  .rodata            const     0x801'2ce8     0x200  Fonts.o [1]
  .rodata            const     0x801'2ee8     0x200  Fonts.o [1]
  .rodata            const     0x801'30e8     0x200  Fonts.o [1]
  .rodata            const     0x801'32e8     0x200  Fonts.o [1]
  .rodata            const     0x801'34e8     0x200  Fonts.o [1]
  .rodata            const     0x801'36e8     0x200  Fonts.o [1]
  .rodata            const     0x801'38e8     0x200  Fonts.o [1]
  .text              ro code   0x801'3ae8     0x1a4  stm32f4xx_hal_rcc.o [1]
  .text              ro code   0x801'3c8c      0x28  stm32f4xx_hal.o [1]
  .text              ro code   0x801'3cb4     0x140  stm32f4xx_hal_cortex.o [1]
  .rodata            const     0x801'3df4     0x100  crc.o [1]
  .rodata            const     0x801'3ef4     0x100  crc.o [1]
  .rodata            const     0x801'3ff4     0x100  crc.o [1]
  .rodata            const     0x801'40f4      0x2c  DisplayDriver.o [1]
  .rodata            const     0x801'4120     0x100  Fonts.o [1]
  .rodata            const     0x801'4220     0x100  Fonts.o [1]
  .rodata            const     0x801'4320     0x100  Fonts.o [1]
  .rodata            const     0x801'4420     0x100  Fonts.o [1]
  .rodata            const     0x801'4520     0x100  Fonts.o [1]
  .rodata            const     0x801'4620     0x100  Fonts.o [1]
  .rodata            const     0x801'4720     0x100  Fonts.o [1]
  .rodata            const     0x801'4820     0x100  Fonts.o [1]
  .rodata            const     0x801'4920     0x100  Fonts.o [1]
  .rodata            const     0x801'4a20     0x100  Fonts.o [1]
  .rodata            const     0x801'4b20     0x100  Fonts.o [1]
  .rodata            const     0x801'4c20     0x100  Fonts.o [1]
  .rodata            const     0x801'4d20     0x100  Fonts.o [1]
  .rodata            const     0x801'4e20     0x100  Fonts.o [1]
  .rodata            const     0x801'4f20     0x100  Fonts.o [1]
  .rodata            const     0x801'5020     0x100  Fonts.o [1]
  .rodata            const     0x801'5120     0x100  Fonts.o [1]
  .rodata            const     0x801'5220     0x100  Fonts.o [1]
  .rodata            const     0x801'5320     0x100  Fonts.o [1]
  .rodata            const     0x801'5420     0x100  Fonts.o [1]
  .rodata            const     0x801'5520     0x100  Fonts.o [1]
  .rodata            const     0x801'5620     0x100  Fonts.o [1]
  .rodata            const     0x801'5720     0x100  Fonts.o [1]
  .rodata            const     0x801'5820     0x100  Fonts.o [1]
  .rodata            const     0x801'5920     0x100  Fonts.o [1]
  .rodata            const     0x801'5a20     0x100  Fonts.o [1]
  .rodata            const     0x801'5b20     0x100  Fonts.o [1]
  .rodata            const     0x801'5c20     0x100  Fonts.o [1]
  .rodata            const     0x801'5d20     0x100  Fonts.o [1]
  .rodata            const     0x801'5e20     0x100  Fonts.o [1]
  .rodata            const     0x801'5f20     0x100  Fonts.o [1]
  .rodata            const     0x801'6020     0x100  Fonts.o [1]
  .rodata            const     0x801'6120     0x100  Fonts.o [1]
  .rodata            const     0x801'6220     0x100  Fonts.o [1]
  .rodata            const     0x801'6320     0x100  Fonts.o [1]
  .rodata            const     0x801'6420     0x100  Fonts.o [1]
  .text              ro code   0x801'6520      0xf6  main.o [1]
  .text              ro code   0x801'6618      0x90  stm32f4xx_hal_pwr_ex.o [1]
  .text              ro code   0x801'66a8      0x34  stm32f4xx_hal.o [1]
  .text              ro code   0x801'66dc      0xe0  gpio.o [1]
  .text              ro code   0x801'67bc      0x5e  stm32f4xx_hal_msp.o [1]
  .rodata            const     0x801'681c      0x80  Fonts.o [1]
  .rodata            const     0x801'689c      0x80  Fonts.o [1]
  .rodata            const     0x801'691c      0x80  Fonts.o [1]
  .rodata            const     0x801'699c      0x80  Fonts.o [1]
  .rodata            const     0x801'6a1c      0x80  Fonts.o [1]
  .rodata            const     0x801'6a9c      0x80  Fonts.o [1]
  .rodata            const     0x801'6b1c      0x80  Fonts.o [1]
  .rodata            const     0x801'6b9c      0x80  Fonts.o [1]
  .rodata            const     0x801'6c1c      0x80  Fonts.o [1]
  .rodata            const     0x801'6c9c      0x80  Fonts.o [1]
  .rodata            const     0x801'6d1c      0x80  Fonts.o [1]
  .rodata            const     0x801'6d9c      0x80  Fonts.o [1]
  .rodata            const     0x801'6e1c      0x80  Fonts.o [1]
  .rodata            const     0x801'6e9c      0x80  Fonts.o [1]
  .rodata            const     0x801'6f1c      0x80  Fonts.o [1]
  .rodata            const     0x801'6f9c      0x80  Fonts.o [1]
  .rodata            const     0x801'701c      0x80  Fonts.o [1]
  .rodata            const     0x801'709c      0x80  Fonts.o [1]
  .rodata            const     0x801'711c      0x80  Fonts.o [1]
  .rodata            const     0x801'719c      0x80  Fonts.o [1]
  .rodata            const     0x801'721c      0x80  Fonts.o [1]
  .rodata            const     0x801'729c      0x80  Fonts.o [1]
  .rodata            const     0x801'731c      0x80  Fonts.o [1]
  .rodata            const     0x801'739c      0x80  Fonts.o [1]
  .rodata            const     0x801'741c      0x80  Fonts.o [1]
  .rodata            const     0x801'749c      0x80  Fonts.o [1]
  .rodata            const     0x801'751c      0x80  Fonts.o [1]
  .rodata            const     0x801'759c      0x80  Fonts.o [1]
  .rodata            const     0x801'761c      0x80  Fonts.o [1]
  .rodata            const     0x801'769c      0x80  Fonts.o [1]
  .rodata            const     0x801'771c      0x80  Fonts.o [1]
  .rodata            const     0x801'779c      0x80  Fonts.o [1]
  .rodata            const     0x801'781c      0x80  Fonts.o [1]
  .rodata            const     0x801'789c      0x80  Fonts.o [1]
  .rodata            const     0x801'791c      0x80  Fonts.o [1]
  .rodata            const     0x801'799c      0x80  Fonts.o [1]
  .text              ro code   0x801'7a1c      0x78  lz77_init_single.o [4]
  .rodata            const     0x801'7a94      0x68  Fonts.o [1]
  .rodata            const     0x801'7afc      0x68  Fonts.o [1]
  .rodata            const     0x801'7b64      0x68  Fonts.o [1]
  .text              ro code   0x801'7bcc      0x60  system_stm32f4xx.o [1]
  .rodata            const     0x801'7c2c      0x50  iar_Stoulx.o [2]
  .rodata            const     0x801'7c7c      0x40  main.o [1]
  .rodata            const     0x801'7cbc      0x30  DisplayDriver.o [1]
  .rodata            const     0x801'7cec      0x30  DisplayDriver.o [1]
  .rodata            const     0x801'7d1c      0x28  Fonts.o [1]
  .rodata            const     0x801'7d44      0x28  Fonts.o [1]
  .rodata            const     0x801'7d6c      0x28  Fonts.o [1]
  .text              ro code   0x801'7d94      0x28  data_init.o [4]
  .rodata            const     0x801'7dbc      0x24  Fonts.o [1]
  .rodata            const     0x801'7de0      0x24  Fonts.o [1]
  .text              ro code   0x801'7e04      0x22  fpinit_M.o [3]
  .iar.init_table    const     0x801'7e28      0x20  - Linker created -
  .text              ro code   0x801'7e48      0x1e  cmain.o [4]
  .text              ro code   0x801'7e66       0x4  low_level_init.o [2]
  .text              ro code   0x801'7e6a       0x4  exit.o [2]
  .text              ro code   0x801'7e70       0xa  cexit.o [4]
  .text              ro code   0x801'7e7c       0xc  XXexit.o [4]
  .rodata            const     0x801'7e88      0x1c  DisplayApplication.o [1]
  .rodata            const     0x801'7ea4      0x1c  DisplayApplication.o [1]
  .rodata            const     0x801'7ec0      0x1c  DisplayApplication.o [1]
  .rodata            const     0x801'7edc      0x1c  DisplayApplication.o [1]
  .rodata            const     0x801'7ef8      0x1c  DisplayApplication.o [1]
  .rodata            const     0x801'7f14      0x14  DisplayApplication.o [1]
  .rodata            const     0x801'7f28      0x14  DisplayDriver.o [1]
  .rodata            const     0x801'7f3c      0x10  DisplayApplication.o [1]
  .rodata            const     0x801'7f4c      0x10  system_stm32f4xx.o [1]
  .text              ro code   0x801'7f5c      0x10  startup_stm32f446xx.o [1]
  .text              ro code   0x801'7f6c      0x10  stm32f4xx_hal.o [1]
  .rodata            const     0x801'7f7c       0xc  DisplayApplication.o [1]
  .rodata            const     0x801'7f88       0xc  DisplayApplication.o [1]
  .rodata            const     0x801'7f94       0xc  DisplayApplication.o [1]
  .text              ro code   0x801'7fa0       0xc  stm32f4xx_it.o [1]
  .text              ro code   0x801'7fac       0xc  cstartup_M.o [4]
  .rodata            const     0x801'7fb8       0x8  system_stm32f4xx.o [1]
  .rodata            const     0x801'7fc0       0x8  tasks.o [1]
  .rodata            const     0x801'7fc8       0x4  heap_4.o [1]
  .rodata            const     0x801'7fcc       0x4  port.o [1]
  .text              ro code   0x801'7fd0       0x4  startup_stm32f446xx.o [1]
  .text              ro code   0x801'7fd4       0x4  startup_stm32f446xx.o [1]
  .text              ro code   0x801'7fd8       0x4  startup_stm32f446xx.o [1]
  .text              ro code   0x801'7fdc       0x4  startup_stm32f446xx.o [1]
  .text              ro code   0x801'7fe0       0x4  startup_stm32f446xx.o [1]
  .text              ro code   0x801'7fe4       0x4  startup_stm32f446xx.o [1]
  .text              ro code   0x801'7fe8       0x4  startup_stm32f446xx.o [1]
  .text              ro code   0x801'7fec       0x4  startup_stm32f446xx.o [1]
  .text              ro code   0x801'7ff0       0x4  startup_stm32f446xx.o [1]
  .text              ro code   0x801'7ff4       0x4  startup_stm32f446xx.o [1]
  .text              ro code   0x801'7ff8       0x4  startup_stm32f446xx.o [1]
  .text              ro code   0x801'7ffc       0x4  startup_stm32f446xx.o [1]
  .text              ro code   0x801'8000       0x4  startup_stm32f446xx.o [1]
  .text              ro code   0x801'8004       0x4  startup_stm32f446xx.o [1]
  .text              ro code   0x801'8008       0x4  startup_stm32f446xx.o [1]
  .text              ro code   0x801'800c       0x4  startup_stm32f446xx.o [1]
  .text              ro code   0x801'8010       0x4  startup_stm32f446xx.o [1]
  .text              ro code   0x801'8014       0x4  startup_stm32f446xx.o [1]
  .text              ro code   0x801'8018       0x4  startup_stm32f446xx.o [1]
  .text              ro code   0x801'801c       0x4  startup_stm32f446xx.o [1]
  .text              ro code   0x801'8020       0x4  startup_stm32f446xx.o [1]
  .text              ro code   0x801'8024       0x4  startup_stm32f446xx.o [1]
  .text              ro code   0x801'8028       0x4  startup_stm32f446xx.o [1]
  .text              ro code   0x801'802c       0x4  startup_stm32f446xx.o [1]
  .text              ro code   0x801'8030       0x4  startup_stm32f446xx.o [1]
  .text              ro code   0x801'8034       0x4  startup_stm32f446xx.o [1]
  .text              ro code   0x801'8038       0x4  startup_stm32f446xx.o [1]
  .text              ro code   0x801'803c       0x4  startup_stm32f446xx.o [1]
  .text              ro code   0x801'8040       0x4  startup_stm32f446xx.o [1]
  .text              ro code   0x801'8044       0x4  startup_stm32f446xx.o [1]
  .text              ro code   0x801'8048       0x4  startup_stm32f446xx.o [1]
  .text              ro code   0x801'804c       0x4  startup_stm32f446xx.o [1]
  .text              ro code   0x801'8050       0x4  startup_stm32f446xx.o [1]
  .text              ro code   0x801'8054       0x4  startup_stm32f446xx.o [1]
  .text              ro code   0x801'8058       0x4  startup_stm32f446xx.o [1]
  .text              ro code   0x801'805c       0x4  startup_stm32f446xx.o [1]
  .text              ro code   0x801'8060       0x4  startup_stm32f446xx.o [1]
  .text              ro code   0x801'8064       0x4  startup_stm32f446xx.o [1]
  .text              ro code   0x801'8068       0x4  startup_stm32f446xx.o [1]
  .text              ro code   0x801'806c       0x4  startup_stm32f446xx.o [1]
  .text              ro code   0x801'8070       0x4  startup_stm32f446xx.o [1]
  .text              ro code   0x801'8074       0x4  startup_stm32f446xx.o [1]
  .text              ro code   0x801'8078       0x4  startup_stm32f446xx.o [1]
  .text              ro code   0x801'807c       0x4  startup_stm32f446xx.o [1]
  .text              ro code   0x801'8080       0x4  startup_stm32f446xx.o [1]
  .text              ro code   0x801'8084       0x4  startup_stm32f446xx.o [1]
  .text              ro code   0x801'8088       0x4  startup_stm32f446xx.o [1]
  .text              ro code   0x801'808c       0x4  startup_stm32f446xx.o [1]
  .text              ro code   0x801'8090       0x4  startup_stm32f446xx.o [1]
  .text              ro code   0x801'8094       0x4  startup_stm32f446xx.o [1]
  .text              ro code   0x801'8098       0x4  startup_stm32f446xx.o [1]
  .text              ro code   0x801'809c       0x4  startup_stm32f446xx.o [1]
  .text              ro code   0x801'80a0       0x4  startup_stm32f446xx.o [1]
  .text              ro code   0x801'80a4       0x4  startup_stm32f446xx.o [1]
  .text              ro code   0x801'80a8       0x4  startup_stm32f446xx.o [1]
  .text              ro code   0x801'80ac       0x4  startup_stm32f446xx.o [1]
  .text              ro code   0x801'80b0       0x4  startup_stm32f446xx.o [1]
  .text              ro code   0x801'80b4       0x4  startup_stm32f446xx.o [1]
  .text              ro code   0x801'80b8       0x4  startup_stm32f446xx.o [1]
  .text              ro code   0x801'80bc       0x4  startup_stm32f446xx.o [1]
  .text              ro code   0x801'80c0       0x4  startup_stm32f446xx.o [1]
  .text              ro code   0x801'80c4       0x4  startup_stm32f446xx.o [1]
  .text              ro code   0x801'80c8       0x4  startup_stm32f446xx.o [1]
  .text              ro code   0x801'80cc       0x4  startup_stm32f446xx.o [1]
  .text              ro code   0x801'80d0       0x4  startup_stm32f446xx.o [1]
  .text              ro code   0x801'80d4       0x4  startup_stm32f446xx.o [1]
  .text              ro code   0x801'80d8       0x4  startup_stm32f446xx.o [1]
  .text              ro code   0x801'80dc       0x4  startup_stm32f446xx.o [1]
  .text              ro code   0x801'80e0       0x4  startup_stm32f446xx.o [1]
  .text              ro code   0x801'80e4       0x4  startup_stm32f446xx.o [1]
  .text              ro code   0x801'80e8       0x4  startup_stm32f446xx.o [1]
  .text              ro code   0x801'80ec       0x4  startup_stm32f446xx.o [1]
  .text              ro code   0x801'80f0       0x4  startup_stm32f446xx.o [1]
  .text              ro code   0x801'80f4       0x4  startup_stm32f446xx.o [1]
  .text              ro code   0x801'80f8       0x4  startup_stm32f446xx.o [1]
  .text              ro code   0x801'80fc       0x4  startup_stm32f446xx.o [1]
  .text              ro code   0x801'8100       0x4  startup_stm32f446xx.o [1]
  .text              ro code   0x801'8104       0x4  startup_stm32f446xx.o [1]
  .text              ro code   0x801'8108       0x4  startup_stm32f446xx.o [1]
  .text              ro code   0x801'810c       0x4  startup_stm32f446xx.o [1]
  .text              ro code   0x801'8110       0x4  startup_stm32f446xx.o [1]
  .text              ro code   0x801'8114       0x4  startup_stm32f446xx.o [1]
  .text              ro code   0x801'8118       0x4  startup_stm32f446xx.o [1]
  .text              ro code   0x801'811c       0x4  startup_stm32f446xx.o [1]
  .text              ro code   0x801'8120       0x4  startup_stm32f446xx.o [1]
  .text              ro code   0x801'8124       0x4  startup_stm32f446xx.o [1]
  .text              ro code   0x801'8128       0x4  startup_stm32f446xx.o [1]
  .text              ro code   0x801'812c       0x4  startup_stm32f446xx.o [1]
  .text              ro code   0x801'8130       0x4  startup_stm32f446xx.o [1]
  .rodata            const     0x801'8134       0x0  zero_init3.o [4]
  .rodata            const     0x801'8134       0x0  lz77_init_single.o [4]
  Initializer bytes  const     0x801'8134      0x90  <for P2-1>
                             - 0x801'81c4  0x1'01c4

"P2", part 1 of 3:                            0x106
  P2-1                        0x2000'0000     0x106  <Init block>
    .data            inited   0x2000'0000       0x4  DisplayDriver.o [1]
    .data            inited   0x2000'0004       0x8  DisplayDriver.o [1]
    .data            inited   0x2000'000c      0x60  DisplayDriver.o [1]
    .data            inited   0x2000'006c       0x4  DisplayDriver.o [1]
    .data            inited   0x2000'0070       0x4  DisplayDriver.o [1]
    .data            inited   0x2000'0074       0x4  DisplayDriver.o [1]
    .data            inited   0x2000'0078       0x4  DisplayDriver.o [1]
    .data            inited   0x2000'007c       0x4  DisplayDriver.o [1]
    .data            inited   0x2000'0080       0x4  DisplayDriver.o [1]
    .data            inited   0x2000'0084      0x14  Fonts.o [1]
    .data            inited   0x2000'0098      0x1c  Fonts.o [1]
    .data            inited   0x2000'00b4       0x4  port.o [1]
    .data            inited   0x2000'00b8       0x4  system_stm32f4xx.o [1]
    .data            inited   0x2000'00bc      0x48  xlocale_c.o [2]
    .data            inited   0x2000'0104       0x1  Fonts.o [1]
    .data            inited   0x2000'0105       0x1  Fonts.o [1]
                            - 0x2000'0106     0x106

"P2", part 2 of 3:                           0x708c
  .bss               zero     0x2000'0108    0x3c00  heap_4.o [1]
  .bss               zero     0x2000'3d08    0x2800  DisplayDriver.o [1]
  .bss               zero     0x2000'6508     0x200  DisplayApplication.o [1]
  .bss               zero     0x2000'6708     0x200  usart1.o [1]
  .bss               zero     0x2000'6908     0x200  usart2.o [1]
  .bss               zero     0x2000'6b08     0x200  usart4.o [1]
  .bss               zero     0x2000'6d08     0x140  tasks.o [1]
  .bss               zero     0x2000'6e48      0x50  DisplayApplication.o [1]
  .bss               zero     0x2000'6e98      0x50  DisplayApplication.o [1]
  .bss               zero     0x2000'6ee8      0x50  DisplayApplication.o [1]
  .bss               zero     0x2000'6f38      0x4c  DisplayApplication.o [1]
  .bss               zero     0x2000'6f84      0x20  Fonts.o [1]
  .bss               zero     0x2000'6fa4      0x20  stm32f4xx_hal_flash.o [1]
  .bss               zero     0x2000'6fc4      0x1c  FlashInterface.o [1]
  .bss               zero     0x2000'6fe0      0x1c  usart1.o [1]
  .bss               zero     0x2000'6ffc      0x1c  usart2.o [1]
  .bss               zero     0x2000'7018      0x1c  usart4.o [1]
  .bss               zero     0x2000'7034      0x18  gpioapi.o [1]
  .bss               zero     0x2000'704c      0x14  FlashInterface.o [1]
  .bss               zero     0x2000'7060      0x14  tasks.o [1]
  .bss               zero     0x2000'7074      0x14  tasks.o [1]
  .bss               zero     0x2000'7088      0x14  tasks.o [1]
  .bss               zero     0x2000'709c      0x14  tasks.o [1]
  .bss               zero     0x2000'70b0      0x14  tasks.o [1]
  .bss               zero     0x2000'70c4       0x8  heap_4.o [1]
  .bss               zero     0x2000'70cc       0x4  DisplayApplication.o [1]
  .bss               zero     0x2000'70d0       0x4  DisplayApplication.o [1]
  .bss               zero     0x2000'70d4       0x4  DisplayApplication.o [1]
  .bss               zero     0x2000'70d8       0x4  DisplayApplication.o [1]
  .bss               zero     0x2000'70dc       0x4  DisplayApplication.o [1]
  .bss               zero     0x2000'70e0       0x4  DisplayApplication.o [1]
  .bss               zero     0x2000'70e4       0x4  DisplayApplication.o [1]
  .bss               zero     0x2000'70e8       0x4  DisplayApplication.o [1]
  .bss               zero     0x2000'70ec       0x4  DisplayApplication.o [1]
  .bss               zero     0x2000'70f0       0x4  DisplayDriver.o [1]
  .bss               zero     0x2000'70f4       0x4  DisplayDriver.o [1]
  .bss               zero     0x2000'70f8       0x4  DisplayDriver.o [1]
  .bss               zero     0x2000'70fc       0x4  DisplayDriver.o [1]
  .bss               zero     0x2000'7100       0x4  DisplayDriver.o [1]
  .bss               zero     0x2000'7104       0x4  FlashInterface.o [1]
  .bss               zero     0x2000'7108       0x4  heap_4.o [1]
  .bss               zero     0x2000'710c       0x4  heap_4.o [1]
  .bss               zero     0x2000'7110       0x4  heap_4.o [1]
  .bss               zero     0x2000'7114       0x4  heap_4.o [1]
  .bss               zero     0x2000'7118       0x4  port.o [1]
  .bss               zero     0x2000'711c       0x4  stm32f4xx_hal.o [1]
  .bss               zero     0x2000'7120       0x4  tasks.o [1]
  .bss               zero     0x2000'7124       0x4  tasks.o [1]
  .bss               zero     0x2000'7128       0x4  tasks.o [1]
  .bss               zero     0x2000'712c       0x4  tasks.o [1]
  .bss               zero     0x2000'7130       0x4  tasks.o [1]
  .bss               zero     0x2000'7134       0x4  tasks.o [1]
  .bss               zero     0x2000'7138       0x4  tasks.o [1]
  .bss               zero     0x2000'713c       0x4  tasks.o [1]
  .bss               zero     0x2000'7140       0x4  tasks.o [1]
  .bss               zero     0x2000'7144       0x4  tasks.o [1]
  .bss               zero     0x2000'7148       0x4  tasks.o [1]
  .bss               zero     0x2000'714c       0x4  tasks.o [1]
  .bss               zero     0x2000'7150       0x4  tasks.o [1]
  .bss               zero     0x2000'7154       0x4  tasks.o [1]
  .bss               zero     0x2000'7158       0x4  tasks.o [1]
  .bss               zero     0x2000'715c       0x4  usart1.o [1]
  .bss               zero     0x2000'7160       0x4  usart1.o [1]
  .bss               zero     0x2000'7164       0x4  usart1.o [1]
  .bss               zero     0x2000'7168       0x4  usart1.o [1]
  .bss               zero     0x2000'716c       0x4  usart2.o [1]
  .bss               zero     0x2000'7170       0x4  usart2.o [1]
  .bss               zero     0x2000'7174       0x4  usart2.o [1]
  .bss               zero     0x2000'7178       0x4  usart2.o [1]
  .bss               zero     0x2000'717c       0x4  usart4.o [1]
  .bss               zero     0x2000'7180       0x4  usart4.o [1]
  .bss               zero     0x2000'7184       0x4  usart4.o [1]
  .bss               zero     0x2000'7188       0x4  usart4.o [1]
  .bss               zero     0x2000'718c       0x4  strtok.o [2]
  .bss               zero     0x2000'7190       0x1  Fonts.o [1]
  .bss               zero     0x2000'7191       0x1  port.o [1]
                            - 0x2000'7192    0x708a

"P2", part 3 of 3:                            0x400
  CSTACK                      0x2000'7198     0x400  <Block>
    CSTACK           uninit   0x2000'7198     0x400  <Block tail>
                            - 0x2000'7598     0x400

Unused ranges:

         From           To      Size
         ----           --      ----
   0x801'81c4   0x807'ffff  0x6'7e3c
  0x2000'0106  0x2000'0107       0x2
  0x2000'7194  0x2000'7197       0x4
  0x2000'7598  0x2001'ffff  0x1'8a68


*******************************************************************************
*** INIT TABLE
***

          Address      Size
          -------      ----
Zero (__iar_zero_init3)
    1 destination range, total size 0x708a:
          0x2000'0108  0x708a

Copy/lz77 (__iar_lz77_init_single3)
    1 source range, total size 0x90 (54% of destination):
           0x801'8134    0x90
    1 destination range, total size 0x106:
          0x2000'0000   0x106



*******************************************************************************
*** MODULE SUMMARY
***

    Module                    ro code  ro data  rw data
    ------                    -------  -------  -------
command line/config:
    ---------------------------------------------------
    Total:

C:\Work\TimerOpenSource\BigClockOS\BigDisplay2019\EWARM\BigDisplay2019\Obj: [1]
    DisplayApplication.o        3'040      212      864
    DisplayDriver.o             4'132      232   10'392
    FlashInterface.o              168                52
    Fonts.o                     1'472   39'508       83
    cmsis_os.o                    144
    crc.o                         222      768
    gpio.o                        224
    gpioapi.o                     328                24
    heap_4.o                      628        4   15'384
    list.o                        154
    main.o                        246       64
    port.o                        568        7        9
    portasm.o                     168
    queue.o                     1'176
    startup_stm32f446xx.o         824
    stm32f4xx_hal.o               120                 4
    stm32f4xx_hal_cortex.o        320
    stm32f4xx_hal_flash.o         544                32
    stm32f4xx_hal_flash_ex.o      732
    stm32f4xx_hal_gpio.o          596
    stm32f4xx_hal_msp.o            94
    stm32f4xx_hal_pwr_ex.o        144
    stm32f4xx_hal_rcc.o           420
    stm32f4xx_hal_rcc_ex.o      1'288
    stm32f4xx_it.o                 12
    stm32f4xx_ll_gpio.o           444
    stm32f4xx_ll_rcc.o            408
    stm32f4xx_ll_usart.o          716
    system_stm32f4xx.o             96       26        4
    tasks.o                     2'396        8      480
    usart1.o                      722               556
    usart2.o                      722               556
    usart4.o                      722               556
    ---------------------------------------------------
    Total:                     23'990   40'829   28'996

dl7M_tlf.a: [2]
    exit.o                          4
    iar_Stoulx.o                  332       80
    isalpha.o                      20
    isprint.o                      40
    ispunct.o                      20
    isspace.o                      20
    low_level_init.o                4
    strcspn.o                      34
    strspn.o                       34
    strtok.o                       76                 4
    tolower.o                      20
    toupper.o                      20
    xlocale_c.o                   116       41       72
    ---------------------------------------------------
    Total:                        740      121       76

m7M_tls.a: [3]
    fpinit_M.o                     34
    ---------------------------------------------------
    Total:                         34

rt7M_tl.a: [4]
    ABImemcpy.o                   166
    ABImemset.o                   102
    I64Shl.o                       34
    XXexit.o                       12
    cexit.o                        10
    cmain.o                        30
    cstartup_M.o                   12
    data_init.o                    40
    lz77_init_single.o            120
    memchr.o                       88
    zero_init3.o                   58
    ---------------------------------------------------
    Total:                        672

    Gaps                           18        4
    Linker created                          32    1'024
-------------------------------------------------------
    Grand Total:               25'454   40'986   30'096


*******************************************************************************
*** ENTRY LIST
***

Entry                       Address    Size  Type      Object
-----                       -------    ----  ----      ------
.iar.init_table$$Base    0x801'7e28           --   Gb  - Linker created -
.iar.init_table$$Limit   0x801'7e48           --   Gb  - Linker created -
?main                    0x801'7e49          Code  Gb  cmain.o [4]
AHBPrescTable            0x801'7f4c    0x10  Data  Gb  system_stm32f4xx.o [1]
APBPrescTable            0x801'7fb8     0x8  Data  Gb  system_stm32f4xx.o [1]
CSTACK$$Base            0x2000'7198           --   Gb  - Linker created -
CSTACK$$Limit           0x2000'7598           --   Gb  - Linker created -
EraseInitStruct         0x2000'704c    0x14  Data  Lc  FlashInterface.o [1]
FLASH_Erase_Sector       0x800'c511    0x6a  Code  Gb  stm32f4xx_hal_flash_ex.o [1]
FLASH_FlushCaches        0x800'c631    0x50  Code  Gb  stm32f4xx_hal_flash_ex.o [1]
FLASH_MassErase          0x800'c4e9    0x28  Code  Lc  stm32f4xx_hal_flash_ex.o [1]
FLASH_OB_BOR_LevelConfig
                         0x800'c61b    0x16  Code  Lc  stm32f4xx_hal_flash_ex.o [1]
FLASH_OB_DisableWRP      0x800'c59f    0x24  Code  Lc  stm32f4xx_hal_flash_ex.o [1]
FLASH_OB_EnableWRP       0x800'c57b    0x24  Code  Lc  stm32f4xx_hal_flash_ex.o [1]
FLASH_OB_RDP_LevelConfig
                         0x800'c5c3    0x1e  Code  Lc  stm32f4xx_hal_flash_ex.o [1]
FLASH_OB_UserConfig      0x800'c5e1    0x3a  Code  Lc  stm32f4xx_hal_flash_ex.o [1]
FLASH_Program_Byte       0x800'c309    0x1a  Code  Lc  stm32f4xx_hal_flash.o [1]
FLASH_Program_DoubleWord
                         0x800'c2a7    0x26  Code  Lc  stm32f4xx_hal_flash.o [1]
FLASH_Program_HalfWord   0x800'c2eb    0x1e  Code  Lc  stm32f4xx_hal_flash.o [1]
FLASH_Program_Word       0x800'c2cd    0x1e  Code  Lc  stm32f4xx_hal_flash.o [1]
FLASH_SetErrorCode       0x800'c323    0x7e  Code  Lc  stm32f4xx_hal_flash.o [1]
FLASH_WaitForLastOperation
                         0x800'c257    0x50  Code  Gb  stm32f4xx_hal_flash.o [1]
GPIO_WriteBit            0x800'9425    0x20  Code  Gb  gpioapi.o [1]
HAL_FLASHEx_Erase        0x800'c3bd    0xac  Code  Gb  stm32f4xx_hal_flash_ex.o [1]
HAL_FLASHEx_OBProgram    0x800'c469    0x80  Code  Gb  stm32f4xx_hal_flash_ex.o [1]
HAL_FLASH_Lock           0x800'c249     0xe  Code  Gb  stm32f4xx_hal_flash.o [1]
HAL_FLASH_Program        0x800'c19d    0x92  Code  Gb  stm32f4xx_hal_flash.o [1]
HAL_FLASH_Unlock         0x800'c22f    0x1a  Code  Gb  stm32f4xx_hal_flash.o [1]
HAL_GPIO_Init            0x800'd655   0x204  Code  Gb  stm32f4xx_hal_gpio.o [1]
HAL_GPIO_WritePin        0x800'd859    0x1a  Code  Gb  stm32f4xx_hal_gpio.o [1]
HAL_GetTick              0x800'cf81     0xc  Code  Wk  stm32f4xx_hal.o [1]
HAL_IncTick              0x801'7f6d    0x10  Code  Wk  stm32f4xx_hal.o [1]
HAL_Init                 0x801'66a9    0x30  Code  Gb  stm32f4xx_hal.o [1]
HAL_InitTick             0x801'3c8d    0x28  Code  Wk  stm32f4xx_hal.o [1]
HAL_MspInit              0x801'67bd    0x5e  Code  Gb  stm32f4xx_hal_msp.o [1]
HAL_NVIC_SetPriority     0x801'3d85    0x2a  Code  Gb  stm32f4xx_hal_cortex.o [1]
HAL_NVIC_SetPriorityGrouping
                         0x801'3d79     0xc  Code  Gb  stm32f4xx_hal_cortex.o [1]
HAL_PWREx_EnableOverDrive
                         0x801'6619    0x84  Code  Gb  stm32f4xx_hal_pwr_ex.o [1]
HAL_RCC_ClockConfig      0x801'3ae9   0x188  Code  Gb  stm32f4xx_hal_rcc.o [1]
HAL_RCC_GetHCLKFreq      0x801'3c71     0x6  Code  Gb  stm32f4xx_hal_rcc.o [1]
HAL_RCC_GetSysClockFreq
                         0x800'd14d   0x11e  Code  Gb  stm32f4xx_hal_rcc_ex.o [1]
HAL_RCC_OscConfig        0x800'd275   0x3ac  Code  Gb  stm32f4xx_hal_rcc_ex.o [1]
HAL_SYSTICK_CLKSourceConfig
                         0x801'3dbb    0x1c  Code  Gb  stm32f4xx_hal_cortex.o [1]
HAL_SYSTICK_Config       0x801'3daf     0xc  Code  Gb  stm32f4xx_hal_cortex.o [1]
LL_AHB1_GRP1_EnableClock
                         0x800'a315    0x18  Code  Lc  DisplayApplication.o [1]
LL_AHB1_GRP1_EnableClock
                         0x800'8001    0x18  Code  Lc  DisplayDriver.o [1]
LL_AHB1_GRP1_EnableClock
                         0x800'baff    0x16  Code  Lc  usart1.o [1]
LL_AHB1_GRP1_EnableClock
                         0x800'b82b    0x16  Code  Lc  usart2.o [1]
LL_AHB1_GRP1_EnableClock
                         0x800'bf0b    0x16  Code  Lc  usart4.o [1]
LL_AHB2_GRP1_EnableClock
                         0x800'8019    0x18  Code  Lc  DisplayDriver.o [1]
LL_APB1_GRP1_EnableClock
                         0x800'b841    0x16  Code  Lc  usart2.o [1]
LL_APB1_GRP1_EnableClock
                         0x800'bf21    0x16  Code  Lc  usart4.o [1]
LL_APB1_GRP1_ForceReset
                         0x800'cdc5     0xa  Code  Lc  stm32f4xx_ll_usart.o [1]
LL_APB1_GRP1_ReleaseReset
                         0x800'cdcf     0xa  Code  Lc  stm32f4xx_ll_usart.o [1]
LL_APB2_GRP1_EnableClock
                         0x800'bb15    0x16  Code  Lc  usart1.o [1]
LL_APB2_GRP1_ForceReset
                         0x800'cdd9     0xa  Code  Lc  stm32f4xx_ll_usart.o [1]
LL_APB2_GRP1_ReleaseReset
                         0x800'cde3     0xa  Code  Lc  stm32f4xx_ll_usart.o [1]
LL_GPIO_Init             0x800'9f67    0x9e  Code  Gb  stm32f4xx_ll_gpio.o [1]
LL_GPIO_ResetOutputPin   0x800'9371     0x6  Code  Lc  gpioapi.o [1]
LL_GPIO_SetAFPin_0_7     0x800'92fd    0x34  Code  Lc  gpioapi.o [1]
LL_GPIO_SetAFPin_0_7     0x800'9ef7    0x34  Code  Lc  stm32f4xx_ll_gpio.o [1]
LL_GPIO_SetAFPin_8_15    0x800'9331    0x3c  Code  Lc  gpioapi.o [1]
LL_GPIO_SetAFPin_8_15    0x800'9f2b    0x3c  Code  Lc  stm32f4xx_ll_gpio.o [1]
LL_GPIO_SetOutputPin     0x800'936d     0x4  Code  Lc  gpioapi.o [1]
LL_GPIO_SetPinMode       0x800'9e49    0x34  Code  Lc  stm32f4xx_ll_gpio.o [1]
LL_GPIO_SetPinOutputType
                         0x800'9e7d    0x12  Code  Lc  stm32f4xx_ll_gpio.o [1]
LL_GPIO_SetPinPull       0x800'9ec3    0x34  Code  Lc  stm32f4xx_ll_gpio.o [1]
LL_GPIO_SetPinSpeed      0x800'9e8f    0x34  Code  Lc  stm32f4xx_ll_gpio.o [1]
LL_RCC_GetAHBPrescaler   0x800'cf99     0xc  Code  Lc  stm32f4xx_ll_rcc.o [1]
LL_RCC_GetAPB1Prescaler
                         0x800'cfa5     0xc  Code  Lc  stm32f4xx_ll_rcc.o [1]
LL_RCC_GetAPB2Prescaler
                         0x800'cfb1     0xc  Code  Lc  stm32f4xx_ll_rcc.o [1]
LL_RCC_GetSysClkSource   0x800'cf8d     0xc  Code  Lc  stm32f4xx_ll_rcc.o [1]
LL_RCC_GetSystemClocksFreq
                         0x800'cff9    0x24  Code  Gb  stm32f4xx_ll_rcc.o [1]
LL_RCC_PLL_GetDivider    0x800'cfed     0xc  Code  Lc  stm32f4xx_ll_rcc.o [1]
LL_RCC_PLL_GetMainSource
                         0x800'cfe1     0xc  Code  Lc  stm32f4xx_ll_rcc.o [1]
LL_RCC_PLL_GetN          0x800'cfbd     0xc  Code  Lc  stm32f4xx_ll_rcc.o [1]
LL_RCC_PLL_GetP          0x800'cfc9     0xc  Code  Lc  stm32f4xx_ll_rcc.o [1]
LL_RCC_PLL_GetR          0x800'cfd5     0xc  Code  Lc  stm32f4xx_ll_rcc.o [1]
LL_USART_DeInit          0x800'cded    0x98  Code  Gb  stm32f4xx_ll_usart.o [1]
LL_USART_Init            0x800'ce85    0xac  Code  Gb  stm32f4xx_ll_usart.o [1]
LL_USART_IsEnabled       0x800'cc8d     0xa  Code  Lc  stm32f4xx_ll_usart.o [1]
LL_USART_SetBaudRate     0x800'ccaf   0x116  Code  Lc  stm32f4xx_ll_usart.o [1]
LL_USART_SetHWFlowCtrl   0x800'cca3     0xc  Code  Lc  stm32f4xx_ll_usart.o [1]
LL_USART_SetStopBitsLength
                         0x800'cc97     0xc  Code  Lc  stm32f4xx_ll_usart.o [1]
MX_GPIO_Init             0x801'66dd    0xe0  Code  Gb  gpio.o [1]
NVIC_EnableIRQ           0x800'babd    0x16  Code  Lc  usart1.o [1]
NVIC_EnableIRQ           0x800'b7e9    0x16  Code  Lc  usart2.o [1]
NVIC_EnableIRQ           0x800'bec9    0x16  Code  Lc  usart4.o [1]
NVIC_EncodePriority      0x801'3d09    0x40  Code  Lc  stm32f4xx_hal_cortex.o [1]
NVIC_GetPriorityGrouping
                         0x801'3cd3     0xa  Code  Lc  stm32f4xx_hal_cortex.o [1]
NVIC_SetPriority         0x801'3cdd    0x2c  Code  Lc  stm32f4xx_hal_cortex.o [1]
NVIC_SetPriority         0x800'bad3    0x2c  Code  Lc  usart1.o [1]
NVIC_SetPriority         0x800'b7ff    0x2c  Code  Lc  usart2.o [1]
NVIC_SetPriority         0x800'bedf    0x2c  Code  Lc  usart4.o [1]
NVIC_SetPriorityGrouping
                         0x801'3cb5    0x1e  Code  Lc  stm32f4xx_hal_cortex.o [1]
PendSV_Handler           0x800'9da1          Code  Gb  portasm.o [1]
RCC_GetHCLKClockFreq     0x800'd057    0x18  Code  Gb  stm32f4xx_ll_rcc.o [1]
RCC_GetPCLK1ClockFreq    0x800'd06f    0x14  Code  Gb  stm32f4xx_ll_rcc.o [1]
RCC_GetPCLK2ClockFreq    0x800'd083    0x14  Code  Gb  stm32f4xx_ll_rcc.o [1]
RCC_GetSystemClockFreq   0x800'd01d    0x3a  Code  Gb  stm32f4xx_ll_rcc.o [1]
RCC_PLL_GetFreqDomain_SYS
                         0x800'd097    0x76  Code  Gb  stm32f4xx_ll_rcc.o [1]
Region$$Table$$Base      0x801'7e28           --   Gb  - Linker created -
Region$$Table$$Limit     0x801'7e48           --   Gb  - Linker created -
SVC_Handler              0x800'9df9          Code  Gb  portasm.o [1]
StartDefaultTask         0x800'ada9    0x76  Code  Gb  DisplayApplication.o [1]
StartDefaultTask::inputBuffer
                        0x2000'6ee8    0x50  Data  Lc  DisplayApplication.o [1]
SysTick_Config           0x801'3d49    0x30  Code  Lc  stm32f4xx_hal_cortex.o [1]
SysTick_Handler          0x801'7fa1     0xc  Code  Gb  stm32f4xx_it.o [1]
SystemClock_Config       0x801'6521    0xd0  Code  Gb  main.o [1]
SystemCoreClock         0x2000'00b8     0x4  Data  Gb  system_stm32f4xx.o [1]
SystemInit               0x801'7bcd    0x40  Code  Gb  system_stm32f4xx.o [1]
UART4_IRQHandler         0x800'bf37    0x86  Code  Gb  usart4.o [1]
USART1_IRQHandler        0x800'bb2b    0x86  Code  Gb  usart1.o [1]
USART2_IRQHandler        0x800'b857    0x86  Code  Gb  usart2.o [1]
_Error_Handler           0x801'6615     0x2  Code  Gb  main.o [1]
_LocaleC_isalpha         0x800'c787     0xc  Code  Gb  xlocale_c.o [2]
_LocaleC_islower         0x800'c781     0x4  Code  Gb  xlocale_c.o [2]
_LocaleC_ispunct         0x800'c79d    0x22  Code  Gb  xlocale_c.o [2]
_LocaleC_isspace         0x800'c7bf    0x14  Code  Gb  xlocale_c.o [2]
_LocaleC_isupper         0x800'c785     0x2  Code  Gb  xlocale_c.o [2]
_LocaleC_tolower         0x800'c7d3     0xc  Code  Gb  xlocale_c.o [2]
_LocaleC_toupper         0x800'c7df     0xc  Code  Gb  xlocale_c.o [2]
_Strtok_ssave           0x2000'718c     0x4  Data  Lc  strtok.o [2]
__aeabi_llsl             0x800'c699          Code  Gb  I64Shl.o [4]
__aeabi_memcpy           0x800'bd91          Code  Gb  ABImemcpy.o [4]
__aeabi_memcpy4          0x800'bdb1          Code  Gb  ABImemcpy.o [4]
__aeabi_memcpy8          0x800'bdb1          Code  Gb  ABImemcpy.o [4]
__aeabi_memset           0x800'925d          Code  Gb  ABImemset.o [4]
__cmain                  0x801'7e49          Code  Gb  cmain.o [4]
__exit                   0x801'7e7d          Code  Gb  XXexit.o [4]
__iar_Memchr             0x800'c729          Code  Gb  memchr.o [4]
__iar_Memset             0x800'925d          Code  Gb  ABImemset.o [4]
__iar_Memset_word        0x800'9265          Code  Gb  ABImemset.o [4]
__iar_Stoulx             0x800'b689   0x13a  Code  Gb  iar_Stoulx.o [2]
__iar_data_init3         0x801'7d95    0x28  Code  Gb  data_init.o [4]
__iar_globLocale        0x2000'00bc    0x48  Data  Lc  xlocale_c.o [2]
__iar_global_Locale      0x800'c7eb     0x4  Code  Gb  xlocale_c.o [2]
__iar_init_vfp           0x801'7e05          Code  Gb  fpinit_M.o [3]
__iar_lz77_init_single3
                         0x801'7a1d    0x78  Code  Gb  lz77_init_single.o [4]
__iar_program_start      0x801'7fad          Code  Gb  cstartup_M.o [4]
__iar_zero_init3         0x800'92c3    0x3a  Code  Gb  zero_init3.o [4]
__low_level_init         0x801'7e67     0x4  Code  Gb  low_level_init.o [2]
__vector_table           0x800'0000          Data  Gb  startup_stm32f446xx.o [1]
_call_main               0x801'7e55          Code  Gb  cmain.o [4]
_displayBuffer          0x2000'3d08  0x2800  Data  Gb  DisplayDriver.o [1]
_exit                    0x801'7e71          Code  Gb  cexit.o [4]
_main                    0x801'7e63          Code  Gb  cmain.o [4]
addCRC16                 0x800'afb5    0x1e  Code  Gb  crc.o [1]
atoi                     0x800'b7c9     0x2  Code  Gb  iar_Stoulx.o [2]
bank                    0x2000'7100     0x4  Data  Gb  DisplayDriver.o [1]
bigL                     0x800'dd28   0x240  Data  Gb  Fonts.o [1]
bigLetters               0x801'7afc    0x68  Data  Gb  Fonts.o [1]
bigLetters64             0x801'7b64    0x68  Data  Gb  Fonts.o [1]
bigP                     0x800'd8a8   0x240  Data  Gb  Fonts.o [1]
bigW                     0x800'dae8   0x240  Data  Gb  Fonts.o [1]
breakIcon                0x800'e868   0x240  Data  Gb  Fonts.o [1]
bufferIsPrimed          0x2000'0105     0x1  Data  Gb  Fonts.o [1]
buttonTask               0x800'a393    0x96  Code  Gb  DisplayApplication.o [1]
buttonTaskHandle        0x2000'70d8     0x4  Data  Gb  DisplayApplication.o [1]
calcCRC                  0x800'af8d    0x28  Code  Gb  crc.o [1]
changeImagePlane         0x800'b5c1    0x22  Code  Gb  Fonts.o [1]
clearBuffer              0x800'8205    0x2c  Code  Gb  DisplayDriver.o [1]
clearImage               0x800'b5e9    0x10  Code  Gb  Fonts.o [1]
colors                  0x2000'6f84    0x20  Data  Gb  Fonts.o [1]
commitMode               0x800'a36d    0x26  Code  Gb  DisplayApplication.o [1]
computeCRC               0x800'aef5    0x8c  Code  Gb  crc.o [1]
currentMode             0x2000'0000     0x4  Data  Gb  DisplayDriver.o [1]
currentWriteAddress     0x2000'7104     0x4  Data  Lc  FlashInterface.o [1]
defaultTaskHandle       0x2000'70cc     0x4  Data  Gb  DisplayApplication.o [1]
digit0                   0x800'ece8   0x200  Data  Gb  Fonts.o [1]
digit1                   0x800'eee8   0x200  Data  Gb  Fonts.o [1]
digit2                   0x800'f0e8   0x200  Data  Gb  Fonts.o [1]
digit3                   0x800'f2e8   0x200  Data  Gb  Fonts.o [1]
digit4                   0x800'f4e8   0x200  Data  Gb  Fonts.o [1]
digit5                   0x800'f6e8   0x200  Data  Gb  Fonts.o [1]
digit6                   0x800'f8e8   0x200  Data  Gb  Fonts.o [1]
digit7                   0x800'fae8   0x200  Data  Gb  Fonts.o [1]
digit8                   0x800'fce8   0x200  Data  Gb  Fonts.o [1]
digit9                   0x800'fee8   0x200  Data  Gb  Fonts.o [1]
digitA                   0x801'00e8   0x200  Data  Gb  Fonts.o [1]
digitB                   0x801'02e8   0x200  Data  Gb  Fonts.o [1]
digitC                   0x801'04e8   0x200  Data  Gb  Fonts.o [1]
digitD                   0x801'06e8   0x200  Data  Gb  Fonts.o [1]
digitE                   0x801'08e8   0x200  Data  Gb  Fonts.o [1]
digitF                   0x801'0ae8   0x200  Data  Gb  Fonts.o [1]
digitG                   0x801'0ce8   0x200  Data  Gb  Fonts.o [1]
digitH                   0x801'0ee8   0x200  Data  Gb  Fonts.o [1]
digitI                   0x801'10e8   0x200  Data  Gb  Fonts.o [1]
digitJ                   0x801'12e8   0x200  Data  Gb  Fonts.o [1]
digitK                   0x801'14e8   0x200  Data  Gb  Fonts.o [1]
digitL                   0x801'16e8   0x200  Data  Gb  Fonts.o [1]
digitM                   0x801'18e8   0x200  Data  Gb  Fonts.o [1]
digitN                   0x801'1ae8   0x200  Data  Gb  Fonts.o [1]
digitO                   0x801'1ce8   0x200  Data  Gb  Fonts.o [1]
digitP                   0x801'1ee8   0x200  Data  Gb  Fonts.o [1]
digitQ                   0x801'20e8   0x200  Data  Gb  Fonts.o [1]
digitR                   0x801'22e8   0x200  Data  Gb  Fonts.o [1]
digitS                   0x801'24e8   0x200  Data  Gb  Fonts.o [1]
digitT                   0x801'26e8   0x200  Data  Gb  Fonts.o [1]
digitU                   0x801'28e8   0x200  Data  Gb  Fonts.o [1]
digitV                   0x801'2ae8   0x200  Data  Gb  Fonts.o [1]
digitW                   0x801'2ce8   0x200  Data  Gb  Fonts.o [1]
digitX                   0x801'2ee8   0x200  Data  Gb  Fonts.o [1]
digitY                   0x801'30e8   0x200  Data  Gb  Fonts.o [1]
digitZ                   0x801'32e8   0x200  Data  Gb  Fonts.o [1]
digits                   0x801'7d44    0x28  Data  Gb  Fonts.o [1]
digits                   0x801'7c54    0x28  Data  Lc  iar_Stoulx.o [2]
digits64                 0x801'7d6c    0x28  Data  Gb  Fonts.o [1]
displayBufferOneEighthScan
                        0x2000'006c     0x4  Data  Gb  DisplayDriver.o [1]
displayBufferOneSixtenthScan
                        0x2000'0070     0x4  Data  Gb  DisplayDriver.o [1]
displayMode             0x2000'0004     0x8  Data  Gb  DisplayDriver.o [1]
displayModes            0x2000'000c    0x60  Data  Gb  DisplayDriver.o [1]
doFly                    0x801'36e8   0x200  Data  Gb  Fonts.o [1]
dontFly                  0x801'34e8   0x200  Data  Gb  Fonts.o [1]
drawFrame               0x2000'0104     0x1  Data  Gb  Fonts.o [1]
drivePixelsOut2x5        0x800'8c7f    0x34  Code  Gb  DisplayDriver.o [1]
eight                    0x801'6320   0x100  Data  Gb  Fonts.o [1]
eraseParameters          0x800'b01d    0x10  Code  Gb  FlashInterface.o [1]
exit                     0x801'7e6b     0x4  Code  Gb  exit.o [2]
extractData              0x800'a429    0xb4  Code  Gb  DisplayApplication.o [1]
five                     0x801'6020   0x100  Data  Gb  Fonts.o [1]
flight                  0x2000'70ec     0x4  Data  Gb  DisplayApplication.o [1]
flip                     0x801'3df4   0x100  Data  Gb  crc.o [1]
four                     0x801'5f20   0x100  Data  Gb  Fonts.o [1]
halfBigLetters           0x801'7a94    0x68  Data  Gb  Fonts.o [1]
halfDigits               0x801'7d1c    0x28  Data  Gb  Fonts.o [1]
halfbigA                 0x801'6d1c    0x80  Data  Gb  Fonts.o [1]
halfbigB                 0x801'6d9c    0x80  Data  Gb  Fonts.o [1]
halfbigC                 0x801'6e1c    0x80  Data  Gb  Fonts.o [1]
halfbigD                 0x801'6e9c    0x80  Data  Gb  Fonts.o [1]
halfbigE                 0x801'6f1c    0x80  Data  Gb  Fonts.o [1]
halfbigF                 0x801'6f9c    0x80  Data  Gb  Fonts.o [1]
halfbigG                 0x801'701c    0x80  Data  Gb  Fonts.o [1]
halfbigH                 0x801'709c    0x80  Data  Gb  Fonts.o [1]
halfbigI                 0x801'711c    0x80  Data  Gb  Fonts.o [1]
halfbigJ                 0x801'719c    0x80  Data  Gb  Fonts.o [1]
halfbigK                 0x801'721c    0x80  Data  Gb  Fonts.o [1]
halfbigL                 0x801'729c    0x80  Data  Gb  Fonts.o [1]
halfbigM                 0x801'731c    0x80  Data  Gb  Fonts.o [1]
halfbigN                 0x801'739c    0x80  Data  Gb  Fonts.o [1]
halfbigO                 0x801'741c    0x80  Data  Gb  Fonts.o [1]
halfbigP                 0x801'749c    0x80  Data  Gb  Fonts.o [1]
halfbigQ                 0x801'751c    0x80  Data  Gb  Fonts.o [1]
halfbigR                 0x801'759c    0x80  Data  Gb  Fonts.o [1]
halfbigS                 0x801'761c    0x80  Data  Gb  Fonts.o [1]
halfbigT                 0x801'769c    0x80  Data  Gb  Fonts.o [1]
halfbigU                 0x801'771c    0x80  Data  Gb  Fonts.o [1]
halfbigV                 0x801'779c    0x80  Data  Gb  Fonts.o [1]
halfbigW                 0x801'781c    0x80  Data  Gb  Fonts.o [1]
halfbigX                 0x801'789c    0x80  Data  Gb  Fonts.o [1]
halfbigY                 0x801'791c    0x80  Data  Gb  Fonts.o [1]
halfbigZ                 0x801'799c    0x80  Data  Gb  Fonts.o [1]
halfeight                0x801'6c1c    0x80  Data  Gb  Fonts.o [1]
halffive                 0x801'6a9c    0x80  Data  Gb  Fonts.o [1]
halffour                 0x801'6a1c    0x80  Data  Gb  Fonts.o [1]
halfnine                 0x801'6c9c    0x80  Data  Gb  Fonts.o [1]
halfone                  0x801'689c    0x80  Data  Gb  Fonts.o [1]
halfseven                0x801'6b9c    0x80  Data  Gb  Fonts.o [1]
halfsix                  0x801'6b1c    0x80  Data  Gb  Fonts.o [1]
halfthree                0x801'699c    0x80  Data  Gb  Fonts.o [1]
halftwo                  0x801'691c    0x80  Data  Gb  Fonts.o [1]
halfzero                 0x801'681c    0x80  Data  Gb  Fonts.o [1]
heat                    0x2000'70e8     0x4  Data  Gb  DisplayApplication.o [1]
hourGlassIcon            0x800'e628   0x240  Data  Gb  Fonts.o [1]
incrementMode            0x800'81b7    0x4e  Code  Gb  DisplayDriver.o [1]
initAFPin                0x800'93bd    0x62  Code  Gb  gpioapi.o [1]
initGPIO                 0x800'8d99   0x134  Code  Gb  DisplayDriver.o [1]
initGPIOPin              0x800'9377    0x46  Code  Gb  gpioapi.o [1]
isalpha                  0x800'd125    0x14  Code  Gb  isalpha.o [2]
isprint                  0x800'cf59    0x28  Code  Gb  isprint.o [2]
ispunct                  0x800'd139    0x14  Code  Gb  ispunct.o [2]
isspace                  0x800'c6ff    0x14  Code  Gb  isspace.o [2]
land                     0x801'38e8   0x200  Data  Gb  Fonts.o [1]
letterOffsets           0x2000'0084    0x14  Data  Gb  Fonts.o [1]
letterOffsetsSmall      0x2000'0098    0x1c  Data  Gb  Fonts.o [1]
main                     0x801'65fd    0x18  Code  Gb  main.o [1]
makeFreeRtosPriority     0x800'be39    0x16  Code  Lc  cmsis_os.o [1]
memchr                   0x800'c729          Code  Gb  memchr.o [4]
minusIcon                0x800'df68   0x240  Data  Gb  Fonts.o [1]
minutes                 0x2000'70fc     0x4  Data  Gb  DisplayDriver.o [1]
ndigs                    0x801'7c2c    0x28  Data  Lc  iar_Stoulx.o [2]
nine                     0x801'6420   0x100  Data  Gb  Fonts.o [1]
one                      0x801'5c20   0x100  Data  Gb  Fonts.o [1]
osKernelStart            0x800'be4f     0xa  Code  Gb  cmsis_os.o [1]
osSystickHandler         0x800'beb9    0x10  Code  Gb  cmsis_os.o [1]
osThreadCreate           0x800'be59    0x60  Code  Gb  cmsis_os.o [1]
outputRow                0x800'8cc1    0xc6  Code  Gb  DisplayDriver.o [1]
pFlash                  0x2000'6fa4    0x20  Data  Gb  stm32f4xx_hal_flash.o [1]
parseCommand             0x800'a9af   0x374  Code  Gb  DisplayApplication.o [1]
pcInterruptPriorityRegisters
                         0x801'7fcc     0x4  Data  Lc  port.o [1]
phase                   0x2000'70dc     0x4  Data  Gb  DisplayApplication.o [1]
plusIcon                 0x800'e1a8   0x240  Data  Gb  Fonts.o [1]
primeTheBuffer           0x800'b5e3     0x6  Code  Gb  Fonts.o [1]
prvAddCurrentTaskToDelayedList
                         0x800'9ce1    0x82  Code  Lc  tasks.o [1]
prvAddNewTaskToReadyList
                         0x800'95f1    0x9a  Code  Lc  tasks.o [1]
prvCheckTasksWaitingTermination
                         0x800'9bd9    0x50  Code  Lc  tasks.o [1]
prvCopyDataFromQueue     0x800'cbc7    0x36  Code  Lc  queue.o [1]
prvDeleteTCB             0x800'9c35    0x44  Code  Lc  tasks.o [1]
prvHeapInit              0x800'a199    0x62  Code  Lc  heap_4.o [1]
prvIdleTask              0x800'9b5d    0x24  Code  Lc  tasks.o [1]
prvInitialiseNewQueue    0x800'c8e5    0x32  Code  Lc  queue.o [1]
prvInitialiseNewTask     0x800'9535    0xbc  Code  Lc  tasks.o [1]
prvInitialiseTaskLists   0x800'9b85    0x50  Code  Lc  tasks.o [1]
prvInsertBlockIntoFreeList
                         0x800'a1fb    0x5e  Code  Lc  heap_4.o [1]
prvIsQueueEmpty          0x800'cc6b    0x1c  Code  Lc  queue.o [1]
prvResetNextTaskUnblockTime
                         0x800'9c79    0x2a  Code  Lc  tasks.o [1]
prvTaskExitError         0x800'904d    0x2a  Code  Lc  port.o [1]
prvUnlockQueue           0x800'cbfd    0x6e  Code  Lc  queue.o [1]
putBigLetter             0x800'b2cb    0x66  Code  Gb  Fonts.o [1]
putBigLetter64           0x800'b547    0x7a  Code  Gb  Fonts.o [1]
putColon                 0x800'b0db    0x26  Code  Gb  Fonts.o [1]
putDot                   0x800'b07d    0x5e  Code  Gb  Fonts.o [1]
putFly                   0x800'b1cb    0x1a  Code  Gb  Fonts.o [1]
putHalfBigLetter         0x800'b40d    0x5c  Code  Gb  Fonts.o [1]
putHalfBigValue          0x800'b3b1    0x5c  Code  Gb  Fonts.o [1]
putLand                  0x800'b1e5    0x1a  Code  Gb  Fonts.o [1]
putLittleColon           0x800'b101    0x22  Code  Gb  Fonts.o [1]
putNoFly                 0x800'b1b1    0x1a  Code  Gb  Fonts.o [1]
putPattern               0x800'b123    0x8e  Code  Gb  Fonts.o [1]
putPixel                 0x800'8c59    0x26  Code  Gb  DisplayDriver.o [1]
putPixelPointer         0x2000'70f4     0x4  Data  Lc  DisplayDriver.o [1]
putPixelScan16           0x800'89a1    0x76  Code  Gb  DisplayDriver.o [1]
putPixelScan16Inverted   0x800'8afd    0x7c  Code  Gb  DisplayDriver.o [1]
putPixelScan16InvertedSmallDisplay
                         0x800'8b79    0xdc  Code  Gb  DisplayDriver.o [1]
putPixelScan16SmallDisplay
                         0x800'8a19    0xe2  Code  Gb  DisplayDriver.o [1]
putPixelScan8            0x800'8405    0x9e  Code  Gb  DisplayDriver.o [1]
putPixelScan8Alternate   0x800'8231    0x9e  Code  Gb  DisplayDriver.o [1]
putPixelScan8AlternateInverted
                         0x800'87bd    0xa6  Code  Gb  DisplayDriver.o [1]
putPixelScan8AlternateInvertedSmallDisplay
                         0x800'8865   0x13c  Code  Gb  DisplayDriver.o [1]
putPixelScan8AlternateSmallDisplay
                         0x800'82d1   0x132  Code  Gb  DisplayDriver.o [1]
putPixelScan8Inverted    0x800'85d9    0xa6  Code  Gb  DisplayDriver.o [1]
putPixelScan8InvertedSmallDisplay
                         0x800'8681   0x13c  Code  Gb  DisplayDriver.o [1]
putPixelScan8SmallDisplay
                         0x800'84a5   0x132  Code  Gb  DisplayDriver.o [1]
putStage                 0x800'b1ff    0xcc  Code  Gb  Fonts.o [1]
putSymbol                0x800'b4cf    0x78  Code  Gb  Fonts.o [1]
putValue                 0x800'b469    0x66  Code  Gb  Fonts.o [1]
putValue64               0x800'b331    0x80  Code  Gb  Fonts.o [1]
pvPortMalloc             0x800'a005   0x120  Code  Gb  heap_4.o [1]
pxCurrentTCB            0x2000'7120     0x4  Data  Gb  tasks.o [1]
pxDelayedTaskList       0x2000'7124     0x4  Data  Lc  tasks.o [1]
pxEnd                   0x2000'7108     0x4  Data  Lc  heap_4.o [1]
pxOverflowDelayedTaskList
                        0x2000'7128     0x4  Data  Lc  tasks.o [1]
pxPortInitialiseStack    0x800'9025    0x28  Code  Gb  port.o [1]
pxReadyTasksLists       0x2000'6d08   0x140  Data  Lc  tasks.o [1]
radioReceiverTask        0x800'ad23    0x1c  Code  Gb  DisplayApplication.o [1]
radioReceiverTask::inputBuffer
                        0x2000'6e48    0x50  Data  Lc  DisplayApplication.o [1]
radioReceiverTaskHandle
                        0x2000'70d4     0x4  Data  Gb  DisplayApplication.o [1]
receiverTask             0x800'ad3f    0x6a  Code  Gb  DisplayApplication.o [1]
receiverTask::inputBuffer
                        0x2000'6e98    0x50  Data  Lc  DisplayApplication.o [1]
receiverTaskHandle      0x2000'70d0     0x4  Data  Gb  DisplayApplication.o [1]
recoverMode              0x800'a33f    0x2e  Code  Gb  DisplayApplication.o [1]
remainderHigh            0x801'3ef4   0x100  Data  Gb  crc.o [1]
remainderLow             0x801'3ff4   0x100  Data  Gb  crc.o [1]
round                   0x2000'70e4     0x4  Data  Gb  DisplayApplication.o [1]
sGPIOInitStructure      0x2000'7034    0x18  Data  Lc  gpioapi.o [1]
scannerTask              0x800'8ee5   0x10a  Code  Gb  DisplayDriver.o [1]
scannerTaskHandle       0x2000'70f0     0x4  Data  Gb  DisplayDriver.o [1]
seconds                 0x2000'70f8     0x4  Data  Gb  DisplayDriver.o [1]
secondsIn               0x2000'70e0     0x4  Data  Gb  DisplayApplication.o [1]
sectorErase              0x800'afd5    0x48  Code  Gb  FlashInterface.o [1]
sectorErase::options    0x2000'6fc4    0x1c  Data  Lc  FlashInterface.o [1]
setMode                  0x800'8169    0x4e  Code  Gb  DisplayDriver.o [1]
setupAlternateColors     0x800'8057    0x26  Code  Gb  DisplayDriver.o [1]
setupColors              0x800'8031    0x26  Code  Gb  DisplayDriver.o [1]
setupPixelPutFunction    0x800'807d    0xec  Code  Gb  DisplayDriver.o [1]
seven                    0x801'6220   0x100  Data  Gb  Fonts.o [1]
showData                 0x800'a4e5   0x306  Code  Gb  DisplayApplication.o [1]
showFrame               0x2000'7190     0x1  Data  Gb  Fonts.o [1]
showRoundAndHeat         0x800'a7eb    0xa2  Code  Gb  DisplayApplication.o [1]
showTimeOnly             0x800'a88d   0x122  Code  Gb  DisplayApplication.o [1]
six                      0x801'6120   0x100  Data  Gb  Fonts.o [1]
smallA                   0x801'4120   0x100  Data  Gb  Fonts.o [1]
smallB                   0x801'4220   0x100  Data  Gb  Fonts.o [1]
smallC                   0x801'4320   0x100  Data  Gb  Fonts.o [1]
smallD                   0x801'4420   0x100  Data  Gb  Fonts.o [1]
smallDot                 0x801'7de0    0x24  Data  Gb  Fonts.o [1]
smallE                   0x801'4520   0x100  Data  Gb  Fonts.o [1]
smallF                   0x801'4620   0x100  Data  Gb  Fonts.o [1]
smallG                   0x801'4720   0x100  Data  Gb  Fonts.o [1]
smallH                   0x801'4820   0x100  Data  Gb  Fonts.o [1]
smallI                   0x801'4920   0x100  Data  Gb  Fonts.o [1]
smallJ                   0x801'4a20   0x100  Data  Gb  Fonts.o [1]
smallK                   0x801'4b20   0x100  Data  Gb  Fonts.o [1]
smallL                   0x801'4c20   0x100  Data  Gb  Fonts.o [1]
smallM                   0x801'4d20   0x100  Data  Gb  Fonts.o [1]
smallN                   0x801'4e20   0x100  Data  Gb  Fonts.o [1]
smallO                   0x801'4f20   0x100  Data  Gb  Fonts.o [1]
smallP                   0x801'5020   0x100  Data  Gb  Fonts.o [1]
smallQ                   0x801'5120   0x100  Data  Gb  Fonts.o [1]
smallR                   0x801'5220   0x100  Data  Gb  Fonts.o [1]
smallS                   0x801'5320   0x100  Data  Gb  Fonts.o [1]
smallT                   0x801'5420   0x100  Data  Gb  Fonts.o [1]
smallU                   0x801'5520   0x100  Data  Gb  Fonts.o [1]
smallV                   0x801'5620   0x100  Data  Gb  Fonts.o [1]
smallW                   0x801'5720   0x100  Data  Gb  Fonts.o [1]
smallX                   0x801'5820   0x100  Data  Gb  Fonts.o [1]
smallY                   0x801'5920   0x100  Data  Gb  Fonts.o [1]
smallZ                   0x801'5a20   0x100  Data  Gb  Fonts.o [1]
startDisplayDriver       0x800'ae1f    0x48  Code  Gb  DisplayApplication.o [1]
stopIcon                 0x800'e3e8   0x240  Data  Gb  Fonts.o [1]
strcspn                  0x800'c6dd    0x22  Code  Gb  strcspn.o [2]
strspn                   0x800'c6bb    0x22  Code  Gb  strspn.o [2]
strtok                   0x800'b63d    0x4c  Code  Gb  strtok.o [2]
symbols                  0x801'7dbc    0x24  Data  Gb  Fonts.o [1]
three                    0x801'5e20   0x100  Data  Gb  Fonts.o [1]
tolower                  0x800'c713    0x14  Code  Gb  tolower.o [2]
toupper                  0x800'b7d5    0x14  Code  Gb  toupper.o [2]
two                      0x801'5d20   0x100  Data  Gb  Fonts.o [1]
uart1Getch               0x800'bd11    0x1e  Code  Gb  usart1.o [1]
uart1GetchTO             0x800'bc4f    0x82  Code  Gb  usart1.o [1]
uart1Gets                0x800'bd2f    0x60  Code  Gb  usart1.o [1]
uart1Init                0x800'bbb1    0x9e  Code  Gb  usart1.o [1]
uart1RxBuffer           0x2000'6708   0x200  Data  Gb  usart1.o [1]
uart1RxCount            0x2000'7164     0x4  Data  Gb  usart1.o [1]
uart1RxReadIndex        0x2000'7160     0x4  Data  Gb  usart1.o [1]
uart1RxSema             0x2000'7168     0x4  Data  Gb  usart1.o [1]
uart1RxWriteIndex       0x2000'715c     0x4  Data  Gb  usart1.o [1]
uart2Getch               0x800'ba3d    0x1e  Code  Gb  usart2.o [1]
uart2GetchTO             0x800'b97b    0x82  Code  Gb  usart2.o [1]
uart2Gets                0x800'ba5b    0x60  Code  Gb  usart2.o [1]
uart2Init                0x800'b8dd    0x9e  Code  Gb  usart2.o [1]
uart2RxBuffer           0x2000'6908   0x200  Data  Gb  usart2.o [1]
uart2RxCount            0x2000'7174     0x4  Data  Gb  usart2.o [1]
uart2RxReadIndex        0x2000'7170     0x4  Data  Gb  usart2.o [1]
uart2RxSema             0x2000'7178     0x4  Data  Gb  usart2.o [1]
uart2RxWriteIndex       0x2000'716c     0x4  Data  Gb  usart2.o [1]
uart4Getch               0x800'c11d    0x1e  Code  Gb  usart4.o [1]
uart4GetchTO             0x800'c05b    0x82  Code  Gb  usart4.o [1]
uart4Gets                0x800'c13b    0x60  Code  Gb  usart4.o [1]
uart4Init                0x800'bfbd    0x9e  Code  Gb  usart4.o [1]
uart4RxBuffer           0x2000'6b08   0x200  Data  Gb  usart4.o [1]
uart4RxCount            0x2000'7184     0x4  Data  Gb  usart4.o [1]
uart4RxReadIndex        0x2000'7180     0x4  Data  Gb  usart4.o [1]
uart4RxSema             0x2000'7188     0x4  Data  Gb  usart4.o [1]
uart4RxWriteIndex       0x2000'717c     0x4  Data  Gb  usart4.o [1]
ucHeap                  0x2000'0108  0x3c00  Data  Lc  heap_4.o [1]
ucMaxSysCallPriority    0x2000'7191     0x1  Data  Lc  port.o [1]
ulMaxPRIGROUPValue      0x2000'7118     0x4  Data  Lc  port.o [1]
usartInit               0x2000'6fe0    0x1c  Data  Lc  usart1.o [1]
usartInit               0x2000'6ffc    0x1c  Data  Lc  usart2.o [1]
usartInit               0x2000'7018    0x1c  Data  Lc  usart4.o [1]
uwTick                  0x2000'711c     0x4  Data  Gb  stm32f4xx_hal.o [1]
uxCriticalNesting       0x2000'00b4     0x4  Data  Lc  port.o [1]
uxCurrentNumberOfTasks  0x2000'7130     0x4  Data  Lc  tasks.o [1]
uxDeletedTasksWaitingCleanUp
                        0x2000'712c     0x4  Data  Lc  tasks.o [1]
uxListRemove             0x800'a2eb    0x28  Code  Gb  list.o [1]
uxPendedTicks           0x2000'7140     0x4  Data  Lc  tasks.o [1]
uxSchedulerSuspended    0x2000'7158     0x4  Data  Lc  tasks.o [1]
uxTaskNumber            0x2000'714c     0x4  Data  Lc  tasks.o [1]
uxTopReadyPriority      0x2000'7138     0x4  Data  Lc  tasks.o [1]
vApplicationGetIdleTaskMemory
                         0x800'a32d    0x12  Code  Gb  DisplayApplication.o [1]
vApplicationGetIdleTaskMemory::uxIdleTaskStack
                        0x2000'6508   0x200  Data  Lc  DisplayApplication.o [1]
vApplicationGetIdleTaskMemory::xIdleTaskTCB
                        0x2000'6f38    0x4c  Data  Lc  DisplayApplication.o [1]
vListInitialise          0x800'a279    0x1e  Code  Gb  list.o [1]
vListInitialiseItem      0x800'a297     0x6  Code  Gb  list.o [1]
vListInsert              0x800'a2b5    0x36  Code  Gb  list.o [1]
vListInsertEnd           0x800'a29d    0x18  Code  Gb  list.o [1]
vPortEnableVFP           0x800'9e2d          Code  Gb  portasm.o [1]
vPortEnterCritical       0x800'912b    0x34  Code  Gb  port.o [1]
vPortExitCritical        0x800'915f    0x2c  Code  Gb  port.o [1]
vPortFree                0x800'a125    0x74  Code  Gb  heap_4.o [1]
vPortStartFirstTask      0x800'9e15          Code  Gb  portasm.o [1]
vPortValidateInterruptPriority
                         0x800'91b5    0x4e  Code  Gb  port.o [1]
vTaskDelay               0x800'968b    0x4e  Code  Gb  tasks.o [1]
vTaskMissedYield         0x800'9b49     0xa  Code  Gb  tasks.o [1]
vTaskPlaceOnEventList    0x800'99e5    0x34  Code  Gb  tasks.o [1]
vTaskSetTimeOutState     0x800'9a95    0x26  Code  Gb  tasks.o [1]
vTaskStartScheduler      0x800'96d9    0x90  Code  Gb  tasks.o [1]
vTaskSuspendAll          0x800'9769     0xc  Code  Gb  tasks.o [1]
vTaskSwitchContext       0x800'9977    0x6e  Code  Gb  tasks.o [1]
windowIcon               0x800'eaa8   0x240  Data  Gb  Fonts.o [1]
writeFlash               0x800'b02d    0x40  Code  Gb  FlashInterface.o [1]
x1Delta                  0x801'40f4    0x2c  Data  Gb  DisplayDriver.o [1]
x2Delta                  0x801'7f28    0x14  Data  Gb  DisplayDriver.o [1]
x3Delta                  0x801'7cbc    0x30  Data  Gb  DisplayDriver.o [1]
x4Delta                  0x801'7cec    0x30  Data  Gb  DisplayDriver.o [1]
xBlockAllocatedBit      0x2000'7114     0x4  Data  Lc  heap_4.o [1]
xDelayedTaskList1       0x2000'7060    0x14  Data  Lc  tasks.o [1]
xDelayedTaskList2       0x2000'7074    0x14  Data  Lc  tasks.o [1]
xFreeBytesRemaining     0x2000'710c     0x4  Data  Lc  heap_4.o [1]
xHeapStructSize          0x801'7fc8     0x4  Data  Lc  heap_4.o [1]
xIdleTaskHandle         0x2000'7154     0x4  Data  Lc  tasks.o [1]
xMaximum                0x2000'0074     0x4  Data  Lc  DisplayDriver.o [1]
xMaximumSmallDisplay    0x2000'007c     0x4  Data  Lc  DisplayDriver.o [1]
xMinimumEverFreeBytesRemaining
                        0x2000'7110     0x4  Data  Lc  heap_4.o [1]
xNextTaskUnblockTime    0x2000'7150     0x4  Data  Lc  tasks.o [1]
xNumOfOverflows         0x2000'7148     0x4  Data  Lc  tasks.o [1]
xPendingReadyList       0x2000'7088    0x14  Data  Lc  tasks.o [1]
xPortStartScheduler      0x800'9077    0xb4  Code  Gb  port.o [1]
xPortSysTickHandler      0x800'918b    0x28  Code  Gb  port.o [1]
xQueueCreateCountingSemaphore
                         0x800'c917    0x40  Code  Gb  queue.o [1]
xQueueGenericCreate      0x800'c889    0x5c  Code  Gb  queue.o [1]
xQueueGenericReceive     0x800'ca1b   0x1ac  Code  Gb  queue.o [1]
xQueueGenericReset       0x800'c7f5    0x94  Code  Gb  queue.o [1]
xQueueGiveFromISR        0x800'c957    0xc4  Code  Gb  queue.o [1]
xSchedulerRunning       0x2000'713c     0x4  Data  Lc  tasks.o [1]
xStart                  0x2000'70c4     0x8  Data  Lc  heap_4.o [1]
xSuspendedTaskList      0x2000'70b0    0x14  Data  Lc  tasks.o [1]
xTaskCheckForTimeOut     0x800'9ac1    0x82  Code  Gb  tasks.o [1]
xTaskCreate              0x800'94c3    0x72  Code  Gb  tasks.o [1]
xTaskCreateStatic        0x800'9445    0x7e  Code  Gb  tasks.o [1]
xTaskGetSchedulerState   0x800'9ca3    0x20  Code  Gb  tasks.o [1]
xTaskGetTickCount        0x800'985d     0x8  Code  Gb  tasks.o [1]
xTaskIncrementTick       0x800'9865   0x112  Code  Gb  tasks.o [1]
xTaskRemoveFromEventList
                         0x800'9a19    0x7c  Code  Gb  tasks.o [1]
xTaskResumeAll           0x800'9775    0xe8  Code  Gb  tasks.o [1]
xTasksWaitingTermination
                        0x2000'709c    0x14  Data  Lc  tasks.o [1]
xTickCount              0x2000'7134     0x4  Data  Lc  tasks.o [1]
xYieldPending           0x2000'7144     0x4  Data  Lc  tasks.o [1]
yMaximum                0x2000'0078     0x4  Data  Lc  DisplayDriver.o [1]
yMaximumSmallDisplay    0x2000'0080     0x4  Data  Lc  DisplayDriver.o [1]
zero                     0x801'5b20   0x100  Data  Gb  Fonts.o [1]


[1] = C:\Work\TimerOpenSource\BigClockOS\BigDisplay2019\EWARM\BigDisplay2019\Obj
[2] = dl7M_tlf.a
[3] = m7M_tls.a
[4] = rt7M_tl.a

  25'454 bytes of readonly  code memory
  40'986 bytes of readonly  data memory
  30'096 bytes of readwrite data memory

Errors: none
Warnings: none
