###############################################################################
#
# IAR ELF Linker V8.42.1.233/W32 for ARM                  03/Aug/2020  19:45:11
# Copyright 2007-2019 IAR Systems AB.
#
#    Output file  =
#        C:\Work\TimerOpenSource\BigClockOS\BigDisplay2019\EWARM\BigDisplay2019\Exe\BigDisplay2019.out
#    Map file     =
#        C:\Work\TimerOpenSource\BigClockOS\BigDisplay2019\EWARM\BigDisplay2019\List\BigDisplay2019.map
#    Command line =
#        -f C:\Users\CHARLE~1\AppData\Local\Temp\EWDB75.tmp
#        (C:\Work\TimerOpenSource\BigClockOS\BigDisplay2019\EWARM\BigDisplay2019\Obj\cmsis_os.o
#        C:\Work\TimerOpenSource\BigClockOS\BigDisplay2019\EWARM\BigDisplay2019\Obj\crc.o
#        C:\Work\TimerOpenSource\BigClockOS\BigDisplay2019\EWARM\BigDisplay2019\Obj\croutine.o
#        C:\Work\TimerOpenSource\BigClockOS\BigDisplay2019\EWARM\BigDisplay2019\Obj\DisplayApplication.o
#        C:\Work\TimerOpenSource\BigClockOS\BigDisplay2019\EWARM\BigDisplay2019\Obj\DisplayDriver.o
#        C:\Work\TimerOpenSource\BigClockOS\BigDisplay2019\EWARM\BigDisplay2019\Obj\event_groups.o
#        C:\Work\TimerOpenSource\BigClockOS\BigDisplay2019\EWARM\BigDisplay2019\Obj\FlashInterface.o
#        C:\Work\TimerOpenSource\BigClockOS\BigDisplay2019\EWARM\BigDisplay2019\Obj\Fonts.o
#        C:\Work\TimerOpenSource\BigClockOS\BigDisplay2019\EWARM\BigDisplay2019\Obj\gpio.o
#        C:\Work\TimerOpenSource\BigClockOS\BigDisplay2019\EWARM\BigDisplay2019\Obj\gpioapi.o
#        C:\Work\TimerOpenSource\BigClockOS\BigDisplay2019\EWARM\BigDisplay2019\Obj\heap_4.o
#        C:\Work\TimerOpenSource\BigClockOS\BigDisplay2019\EWARM\BigDisplay2019\Obj\list.o
#        C:\Work\TimerOpenSource\BigClockOS\BigDisplay2019\EWARM\BigDisplay2019\Obj\main.o
#        C:\Work\TimerOpenSource\BigClockOS\BigDisplay2019\EWARM\BigDisplay2019\Obj\port.o
#        C:\Work\TimerOpenSource\BigClockOS\BigDisplay2019\EWARM\BigDisplay2019\Obj\portasm.o
#        C:\Work\TimerOpenSource\BigClockOS\BigDisplay2019\EWARM\BigDisplay2019\Obj\queue.o
#        C:\Work\TimerOpenSource\BigClockOS\BigDisplay2019\EWARM\BigDisplay2019\Obj\startup_stm32f446xx.o
#        C:\Work\TimerOpenSource\BigClockOS\BigDisplay2019\EWARM\BigDisplay2019\Obj\stm32f4xx_hal.o
#        C:\Work\TimerOpenSource\BigClockOS\BigDisplay2019\EWARM\BigDisplay2019\Obj\stm32f4xx_hal_cortex.o
#        C:\Work\TimerOpenSource\BigClockOS\BigDisplay2019\EWARM\BigDisplay2019\Obj\stm32f4xx_hal_dma.o
#        C:\Work\TimerOpenSource\BigClockOS\BigDisplay2019\EWARM\BigDisplay2019\Obj\stm32f4xx_hal_dma_ex.o
#        C:\Work\TimerOpenSource\BigClockOS\BigDisplay2019\EWARM\BigDisplay2019\Obj\stm32f4xx_hal_flash.o
#        C:\Work\TimerOpenSource\BigClockOS\BigDisplay2019\EWARM\BigDisplay2019\Obj\stm32f4xx_hal_flash_ex.o
#        C:\Work\TimerOpenSource\BigClockOS\BigDisplay2019\EWARM\BigDisplay2019\Obj\stm32f4xx_hal_flash_ramfunc.o
#        C:\Work\TimerOpenSource\BigClockOS\BigDisplay2019\EWARM\BigDisplay2019\Obj\stm32f4xx_hal_gpio.o
#        C:\Work\TimerOpenSource\BigClockOS\BigDisplay2019\EWARM\BigDisplay2019\Obj\stm32f4xx_hal_msp.o
#        C:\Work\TimerOpenSource\BigClockOS\BigDisplay2019\EWARM\BigDisplay2019\Obj\stm32f4xx_hal_pwr.o
#        C:\Work\TimerOpenSource\BigClockOS\BigDisplay2019\EWARM\BigDisplay2019\Obj\stm32f4xx_hal_pwr_ex.o
#        C:\Work\TimerOpenSource\BigClockOS\BigDisplay2019\EWARM\BigDisplay2019\Obj\stm32f4xx_hal_rcc.o
#        C:\Work\TimerOpenSource\BigClockOS\BigDisplay2019\EWARM\BigDisplay2019\Obj\stm32f4xx_hal_rcc_ex.o
#        C:\Work\TimerOpenSource\BigClockOS\BigDisplay2019\EWARM\BigDisplay2019\Obj\stm32f4xx_hal_tim.o
#        C:\Work\TimerOpenSource\BigClockOS\BigDisplay2019\EWARM\BigDisplay2019\Obj\stm32f4xx_hal_tim_ex.o
#        C:\Work\TimerOpenSource\BigClockOS\BigDisplay2019\EWARM\BigDisplay2019\Obj\stm32f4xx_hal_uart.o
#        C:\Work\TimerOpenSource\BigClockOS\BigDisplay2019\EWARM\BigDisplay2019\Obj\stm32f4xx_it.o
#        C:\Work\TimerOpenSource\BigClockOS\BigDisplay2019\EWARM\BigDisplay2019\Obj\stm32f4xx_ll_gpio.o
#        C:\Work\TimerOpenSource\BigClockOS\BigDisplay2019\EWARM\BigDisplay2019\Obj\stm32f4xx_ll_rcc.o
#        C:\Work\TimerOpenSource\BigClockOS\BigDisplay2019\EWARM\BigDisplay2019\Obj\stm32f4xx_ll_tim.o
#        C:\Work\TimerOpenSource\BigClockOS\BigDisplay2019\EWARM\BigDisplay2019\Obj\stm32f4xx_ll_usart.o
#        C:\Work\TimerOpenSource\BigClockOS\BigDisplay2019\EWARM\BigDisplay2019\Obj\system_stm32f4xx.o
#        C:\Work\TimerOpenSource\BigClockOS\BigDisplay2019\EWARM\BigDisplay2019\Obj\tasks.o
#        C:\Work\TimerOpenSource\BigClockOS\BigDisplay2019\EWARM\BigDisplay2019\Obj\timers.o
#        C:\Work\TimerOpenSource\BigClockOS\BigDisplay2019\EWARM\BigDisplay2019\Obj\TimerTools.o
#        C:\Work\TimerOpenSource\BigClockOS\BigDisplay2019\EWARM\BigDisplay2019\Obj\usart1.o
#        C:\Work\TimerOpenSource\BigClockOS\BigDisplay2019\EWARM\BigDisplay2019\Obj\usart2.o
#        C:\Work\TimerOpenSource\BigClockOS\BigDisplay2019\EWARM\BigDisplay2019\Obj\usart4.o
#        --redirect _Printf=_PrintfFull --redirect _Scanf=_ScanfFull
#        --no_out_extension -o
#        C:\Work\TimerOpenSource\BigClockOS\BigDisplay2019\EWARM\BigDisplay2019\Exe\BigDisplay2019.out
#        --map
#        C:\Work\TimerOpenSource\BigClockOS\BigDisplay2019\EWARM\BigDisplay2019\List\BigDisplay2019.map
#        --config
#        C:\Work\TimerOpenSource\BigClockOS\BigDisplay2019\EWARM/stm32f446xx_flash.icf
#        --entry __iar_program_start --vfe --text_out locale --no_free_heap)
#
###############################################################################

*******************************************************************************
*** RUNTIME MODEL ATTRIBUTES
***

CppFlavor       = *
__SystemLibrary = DLib
__dlib_version  = 6


*******************************************************************************
*** HEAP SELECTION
***

The no free heap was selected because of --no_free_heap.


*******************************************************************************
*** PLACEMENT SUMMARY
***

"A0":  place at address 0x800'0000 { ro section .intvec };
"P1":  place in [from 0x800'8000 to 0x807'ffff] { ro };
define block CSTACK with size = 1K, alignment = 8 { };
define block HEAP with size = 512, alignment = 8 { };
"P2":  place in [from 0x2000'0000 to 0x2001'ffff] {
          rw, block CSTACK, block HEAP };
initialize by copy { rw };

  Section            Kind         Address    Size  Object
  -------            ----         -------    ----  ------
"A0":                                       0x1c4
  .intvec            ro code   0x800'0000   0x1c4  startup_stm32f446xx.o [1]
                             - 0x800'01c4   0x1c4

"P1":                                      0xae87
  .text              ro code   0x800'8000   0x9b0  DisplayApplication.o [1]
  .text              ro code   0x800'89b0    0xde  crc.o [1]
  .text              ro code   0x800'8a8e    0x3a  zero_init3.o [4]
  .text              ro code   0x800'8ac8   0x834  DisplayDriver.o [1]
  .text              ro code   0x800'92fc    0xa8  FlashInterface.o [1]
  .text              ro code   0x800'93a4   0x148  gpioapi.o [1]
  .text              ro code   0x800'94ec   0x95c  tasks.o [1]
  .text              ro code   0x800'9e48   0x394  Fonts.o [1]
  .text              ro code   0x800'a1dc    0x4c  strtok.o [2]
  .text              ro code   0x800'a228   0x14c  iar_Stoulx.o [2]
  .text              ro code   0x800'a374    0x14  toupper.o [2]
  .text              ro code   0x800'a388   0x2d2  usart2.o [1]
  .rodata            const     0x800'a65a     0x2  xlocale_c.o [2]
  .text              ro code   0x800'a65c   0x2d2  usart1.o [1]
  .text              ro code   0x800'a930    0xa6  ABImemcpy.o [4]
  .text              ro code   0x800'a9d8    0x90  cmsis_os.o [1]
  .text              ro code   0x800'aa68   0x2d2  usart4.o [1]
  .text              ro code   0x800'ad3c   0x238  port.o [1]
  .text              ro code   0x800'af74    0x66  ABImemset.o [4]
  .text              ro code   0x800'afdc   0x2d0  TimerTools.o [1]
  .text              ro code   0x800'b2ac   0x220  stm32f4xx_hal_flash.o [1]
  .text              ro code   0x800'b4cc   0x2dc  stm32f4xx_hal_flash_ex.o [1]
  .text              ro code   0x800'b7a8   0x1bc  stm32f4xx_ll_gpio.o [1]
  .text              ro code   0x800'b964   0x274  heap_4.o [1]
  .text              ro code   0x800'bbd8    0x9a  list.o [1]
  .text              ro code   0x800'bc72    0x22  strspn.o [2]
  .text              ro code   0x800'bc94    0x22  strcspn.o [2]
  .text              ro code   0x800'bcb6    0x14  isspace.o [2]
  .text              ro code   0x800'bcca    0x14  tolower.o [2]
  .text              ro code   0x800'bce0    0x58  memchr.o [4]
  .text              ro code   0x800'bd38    0x74  xlocale_c.o [2]
  .text              ro code   0x800'bdac   0x7a4  queue.o [1]
  .text              ro code   0x800'c550   0x2cc  stm32f4xx_ll_usart.o [1]
  .text              ro code   0x800'c81c    0x28  isprint.o [2]
  CODE               ro code   0x800'c844    0xa8  portasm.o [1]
  .text              ro code   0x800'c8ec   0x198  stm32f4xx_ll_rcc.o [1]
  .text              ro code   0x800'ca84   0x388  stm32f4xx_ll_tim.o [1]
  .text              ro code   0x800'ce0c     0xc  stm32f4xx_hal.o [1]
  .text              ro code   0x800'ce18    0x14  isalpha.o [2]
  .text              ro code   0x800'ce2c    0x14  ispunct.o [2]
  .text              ro code   0x800'ce40   0x508  stm32f4xx_hal_rcc_ex.o [1]
  .text              ro code   0x800'd348   0x254  stm32f4xx_hal_gpio.o [1]
  .text              ro code   0x800'd59c   0x1a4  stm32f4xx_hal_rcc.o [1]
  .text              ro code   0x800'd740    0x28  stm32f4xx_hal.o [1]
  .text              ro code   0x800'd768   0x140  stm32f4xx_hal_cortex.o [1]
  .text              ro code   0x800'd8a8   0x122  main.o [1]
  .text              ro code   0x800'd9cc    0x90  stm32f4xx_hal_pwr_ex.o [1]
  .text              ro code   0x800'da5c    0x34  stm32f4xx_hal.o [1]
  .text              ro code   0x800'da90    0xe0  gpio.o [1]
  .text              ro code   0x800'db70    0x5e  stm32f4xx_hal_msp.o [1]
  .rodata            const     0x800'dbd0   0x100  crc.o [1]
  .rodata            const     0x800'dcd0   0x100  crc.o [1]
  .rodata            const     0x800'ddd0   0x100  crc.o [1]
  .rodata            const     0x800'ded0   0x100  Fonts.o [1]
  .rodata            const     0x800'dfd0   0x100  Fonts.o [1]
  .rodata            const     0x800'e0d0   0x100  Fonts.o [1]
  .rodata            const     0x800'e1d0   0x100  Fonts.o [1]
  .rodata            const     0x800'e2d0   0x100  Fonts.o [1]
  .rodata            const     0x800'e3d0   0x100  Fonts.o [1]
  .rodata            const     0x800'e4d0   0x100  Fonts.o [1]
  .rodata            const     0x800'e5d0   0x100  Fonts.o [1]
  .rodata            const     0x800'e6d0   0x100  Fonts.o [1]
  .rodata            const     0x800'e7d0   0x100  Fonts.o [1]
  .rodata            const     0x800'e8d0   0x100  Fonts.o [1]
  .rodata            const     0x800'e9d0   0x100  Fonts.o [1]
  .rodata            const     0x800'ead0   0x100  Fonts.o [1]
  .rodata            const     0x800'ebd0   0x100  Fonts.o [1]
  .rodata            const     0x800'ecd0   0x100  Fonts.o [1]
  .rodata            const     0x800'edd0   0x100  Fonts.o [1]
  .rodata            const     0x800'eed0   0x100  Fonts.o [1]
  .rodata            const     0x800'efd0   0x100  Fonts.o [1]
  .rodata            const     0x800'f0d0   0x100  Fonts.o [1]
  .rodata            const     0x800'f1d0   0x100  Fonts.o [1]
  .rodata            const     0x800'f2d0   0x100  Fonts.o [1]
  .rodata            const     0x800'f3d0   0x100  Fonts.o [1]
  .rodata            const     0x800'f4d0   0x100  Fonts.o [1]
  .rodata            const     0x800'f5d0   0x100  Fonts.o [1]
  .rodata            const     0x800'f6d0   0x100  Fonts.o [1]
  .rodata            const     0x800'f7d0   0x100  Fonts.o [1]
  .rodata            const     0x800'f8d0   0x100  Fonts.o [1]
  .rodata            const     0x800'f9d0   0x100  Fonts.o [1]
  .rodata            const     0x800'fad0   0x100  Fonts.o [1]
  .rodata            const     0x800'fbd0   0x100  Fonts.o [1]
  .rodata            const     0x800'fcd0   0x100  Fonts.o [1]
  .rodata            const     0x800'fdd0   0x100  Fonts.o [1]
  .rodata            const     0x800'fed0   0x100  Fonts.o [1]
  .rodata            const     0x800'ffd0   0x100  Fonts.o [1]
  .rodata            const     0x801'00d0   0x100  Fonts.o [1]
  .rodata            const     0x801'01d0   0x100  Fonts.o [1]
  .rodata            const     0x801'02d0   0x100  Fonts.o [1]
  .rodata            const     0x801'03d0   0x100  Fonts.o [1]
  .rodata            const     0x801'04d0   0x100  Fonts.o [1]
  .rodata            const     0x801'05d0   0x100  Fonts.o [1]
  .rodata            const     0x801'06d0   0x100  Fonts.o [1]
  .rodata            const     0x801'07d0   0x100  Fonts.o [1]
  .rodata            const     0x801'08d0   0x100  Fonts.o [1]
  .rodata            const     0x801'09d0   0x100  Fonts.o [1]
  .rodata            const     0x801'0ad0   0x100  Fonts.o [1]
  .rodata            const     0x801'0bd0   0x100  Fonts.o [1]
  .rodata            const     0x801'0cd0   0x100  Fonts.o [1]
  .rodata            const     0x801'0dd0   0x100  Fonts.o [1]
  .rodata            const     0x801'0ed0   0x100  Fonts.o [1]
  .rodata            const     0x801'0fd0   0x100  Fonts.o [1]
  .rodata            const     0x801'10d0   0x100  Fonts.o [1]
  .rodata            const     0x801'11d0   0x100  Fonts.o [1]
  .rodata            const     0x801'12d0   0x100  Fonts.o [1]
  .rodata            const     0x801'13d0   0x100  Fonts.o [1]
  .rodata            const     0x801'14d0   0x100  Fonts.o [1]
  .rodata            const     0x801'15d0   0x100  Fonts.o [1]
  .rodata            const     0x801'16d0   0x100  Fonts.o [1]
  .rodata            const     0x801'17d0   0x100  Fonts.o [1]
  .rodata            const     0x801'18d0   0x100  Fonts.o [1]
  .rodata            const     0x801'19d0   0x100  Fonts.o [1]
  .rodata            const     0x801'1ad0   0x100  Fonts.o [1]
  .rodata            const     0x801'1bd0   0x100  Fonts.o [1]
  .rodata            const     0x801'1cd0   0x100  Fonts.o [1]
  .rodata            const     0x801'1dd0   0x100  Fonts.o [1]
  .rodata            const     0x801'1ed0   0x100  Fonts.o [1]
  .rodata            const     0x801'1fd0   0x100  Fonts.o [1]
  .rodata            const     0x801'20d0   0x100  Fonts.o [1]
  .rodata            const     0x801'21d0   0x100  Fonts.o [1]
  .rodata            const     0x801'22d0   0x100  Fonts.o [1]
  .rodata            const     0x801'23d0   0x100  Fonts.o [1]
  .rodata            const     0x801'24d0   0x100  Fonts.o [1]
  .rodata            const     0x801'25d0   0x100  Fonts.o [1]
  .rodata            const     0x801'26d0    0x78  TimerTools.o [1]
  .text              ro code   0x801'2748    0x78  lz77_init_single.o [4]
  .rodata            const     0x801'27c0    0x68  Fonts.o [1]
  .rodata            const     0x801'2828    0x68  Fonts.o [1]
  .text              ro code   0x801'2890    0x60  system_stm32f4xx.o [1]
  .rodata            const     0x801'28f0    0x50  iar_Stoulx.o [2]
  .rodata            const     0x801'2940    0x40  DisplayDriver.o [1]
  .rodata            const     0x801'2980    0x40  main.o [1]
  .rodata            const     0x801'29c0    0x30  DisplayDriver.o [1]
  .rodata            const     0x801'29f0    0x30  DisplayDriver.o [1]
  .rodata            const     0x801'2a20    0x2c  DisplayDriver.o [1]
  .rodata            const     0x801'2a4c    0x28  Fonts.o [1]
  .rodata            const     0x801'2a74    0x28  Fonts.o [1]
  .text              ro code   0x801'2a9c    0x28  data_init.o [4]
  .text              ro code   0x801'2ac4    0x22  fpinit_M.o [3]
  .iar.init_table    const     0x801'2ae8    0x20  - Linker created -
  .text              ro code   0x801'2b08    0x1e  cmain.o [4]
  .text              ro code   0x801'2b26     0x4  low_level_init.o [2]
  .text              ro code   0x801'2b2a     0x4  exit.o [2]
  .text              ro code   0x801'2b30     0xa  cexit.o [4]
  .text              ro code   0x801'2b3c     0xc  XXexit.o [4]
  .rodata            const     0x801'2b48    0x1c  DisplayApplication.o [1]
  .rodata            const     0x801'2b64    0x1c  DisplayApplication.o [1]
  .rodata            const     0x801'2b80    0x1c  DisplayApplication.o [1]
  .rodata            const     0x801'2b9c    0x1c  DisplayApplication.o [1]
  .rodata            const     0x801'2bb8    0x1c  DisplayApplication.o [1]
  .rodata            const     0x801'2bd4    0x14  DisplayApplication.o [1]
  .rodata            const     0x801'2be8    0x14  DisplayDriver.o [1]
  .rodata            const     0x801'2bfc    0x10  DisplayApplication.o [1]
  .rodata            const     0x801'2c0c    0x10  system_stm32f4xx.o [1]
  .text              ro code   0x801'2c1c    0x10  startup_stm32f446xx.o [1]
  .text              ro code   0x801'2c2c    0x10  stm32f4xx_hal.o [1]
  .rodata            const     0x801'2c3c     0xc  DisplayApplication.o [1]
  .rodata            const     0x801'2c48     0xc  DisplayApplication.o [1]
  .rodata            const     0x801'2c54     0xc  DisplayApplication.o [1]
  .text              ro code   0x801'2c60     0xc  stm32f4xx_it.o [1]
  .text              ro code   0x801'2c6c     0xc  cstartup_M.o [4]
  .rodata            const     0x801'2c78     0x8  DisplayApplication.o [1]
  .rodata            const     0x801'2c80     0x8  DisplayApplication.o [1]
  .rodata            const     0x801'2c88     0x8  DisplayApplication.o [1]
  .rodata            const     0x801'2c90     0x8  system_stm32f4xx.o [1]
  .rodata            const     0x801'2c98     0x8  tasks.o [1]
  .rodata            const     0x801'2ca0     0x8  TimerTools.o [1]
  .rodata            const     0x801'2ca8     0x8  TimerTools.o [1]
  .rodata            const     0x801'2cb0     0x8  TimerTools.o [1]
  .rodata            const     0x801'2cb8     0x4  heap_4.o [1]
  .rodata            const     0x801'2cbc     0x4  port.o [1]
  .text              ro code   0x801'2cc0     0x4  startup_stm32f446xx.o [1]
  .text              ro code   0x801'2cc4     0x4  startup_stm32f446xx.o [1]
  .text              ro code   0x801'2cc8     0x4  startup_stm32f446xx.o [1]
  .text              ro code   0x801'2ccc     0x4  startup_stm32f446xx.o [1]
  .text              ro code   0x801'2cd0     0x4  startup_stm32f446xx.o [1]
  .text              ro code   0x801'2cd4     0x4  startup_stm32f446xx.o [1]
  .text              ro code   0x801'2cd8     0x4  startup_stm32f446xx.o [1]
  .text              ro code   0x801'2cdc     0x4  startup_stm32f446xx.o [1]
  .text              ro code   0x801'2ce0     0x4  startup_stm32f446xx.o [1]
  .text              ro code   0x801'2ce4     0x4  startup_stm32f446xx.o [1]
  .text              ro code   0x801'2ce8     0x4  startup_stm32f446xx.o [1]
  .text              ro code   0x801'2cec     0x4  startup_stm32f446xx.o [1]
  .text              ro code   0x801'2cf0     0x4  startup_stm32f446xx.o [1]
  .text              ro code   0x801'2cf4     0x4  startup_stm32f446xx.o [1]
  .text              ro code   0x801'2cf8     0x4  startup_stm32f446xx.o [1]
  .text              ro code   0x801'2cfc     0x4  startup_stm32f446xx.o [1]
  .text              ro code   0x801'2d00     0x4  startup_stm32f446xx.o [1]
  .text              ro code   0x801'2d04     0x4  startup_stm32f446xx.o [1]
  .text              ro code   0x801'2d08     0x4  startup_stm32f446xx.o [1]
  .text              ro code   0x801'2d0c     0x4  startup_stm32f446xx.o [1]
  .text              ro code   0x801'2d10     0x4  startup_stm32f446xx.o [1]
  .text              ro code   0x801'2d14     0x4  startup_stm32f446xx.o [1]
  .text              ro code   0x801'2d18     0x4  startup_stm32f446xx.o [1]
  .text              ro code   0x801'2d1c     0x4  startup_stm32f446xx.o [1]
  .text              ro code   0x801'2d20     0x4  startup_stm32f446xx.o [1]
  .text              ro code   0x801'2d24     0x4  startup_stm32f446xx.o [1]
  .text              ro code   0x801'2d28     0x4  startup_stm32f446xx.o [1]
  .text              ro code   0x801'2d2c     0x4  startup_stm32f446xx.o [1]
  .text              ro code   0x801'2d30     0x4  startup_stm32f446xx.o [1]
  .text              ro code   0x801'2d34     0x4  startup_stm32f446xx.o [1]
  .text              ro code   0x801'2d38     0x4  startup_stm32f446xx.o [1]
  .text              ro code   0x801'2d3c     0x4  startup_stm32f446xx.o [1]
  .text              ro code   0x801'2d40     0x4  startup_stm32f446xx.o [1]
  .text              ro code   0x801'2d44     0x4  startup_stm32f446xx.o [1]
  .text              ro code   0x801'2d48     0x4  startup_stm32f446xx.o [1]
  .text              ro code   0x801'2d4c     0x4  startup_stm32f446xx.o [1]
  .text              ro code   0x801'2d50     0x4  startup_stm32f446xx.o [1]
  .text              ro code   0x801'2d54     0x4  startup_stm32f446xx.o [1]
  .text              ro code   0x801'2d58     0x4  startup_stm32f446xx.o [1]
  .text              ro code   0x801'2d5c     0x4  startup_stm32f446xx.o [1]
  .text              ro code   0x801'2d60     0x4  startup_stm32f446xx.o [1]
  .text              ro code   0x801'2d64     0x4  startup_stm32f446xx.o [1]
  .text              ro code   0x801'2d68     0x4  startup_stm32f446xx.o [1]
  .text              ro code   0x801'2d6c     0x4  startup_stm32f446xx.o [1]
  .text              ro code   0x801'2d70     0x4  startup_stm32f446xx.o [1]
  .text              ro code   0x801'2d74     0x4  startup_stm32f446xx.o [1]
  .text              ro code   0x801'2d78     0x4  startup_stm32f446xx.o [1]
  .text              ro code   0x801'2d7c     0x4  startup_stm32f446xx.o [1]
  .text              ro code   0x801'2d80     0x4  startup_stm32f446xx.o [1]
  .text              ro code   0x801'2d84     0x4  startup_stm32f446xx.o [1]
  .text              ro code   0x801'2d88     0x4  startup_stm32f446xx.o [1]
  .text              ro code   0x801'2d8c     0x4  startup_stm32f446xx.o [1]
  .text              ro code   0x801'2d90     0x4  startup_stm32f446xx.o [1]
  .text              ro code   0x801'2d94     0x4  startup_stm32f446xx.o [1]
  .text              ro code   0x801'2d98     0x4  startup_stm32f446xx.o [1]
  .text              ro code   0x801'2d9c     0x4  startup_stm32f446xx.o [1]
  .text              ro code   0x801'2da0     0x4  startup_stm32f446xx.o [1]
  .text              ro code   0x801'2da4     0x4  startup_stm32f446xx.o [1]
  .text              ro code   0x801'2da8     0x4  startup_stm32f446xx.o [1]
  .text              ro code   0x801'2dac     0x4  startup_stm32f446xx.o [1]
  .text              ro code   0x801'2db0     0x4  startup_stm32f446xx.o [1]
  .text              ro code   0x801'2db4     0x4  startup_stm32f446xx.o [1]
  .text              ro code   0x801'2db8     0x4  startup_stm32f446xx.o [1]
  .text              ro code   0x801'2dbc     0x4  startup_stm32f446xx.o [1]
  .text              ro code   0x801'2dc0     0x4  startup_stm32f446xx.o [1]
  .text              ro code   0x801'2dc4     0x4  startup_stm32f446xx.o [1]
  .text              ro code   0x801'2dc8     0x4  startup_stm32f446xx.o [1]
  .text              ro code   0x801'2dcc     0x4  startup_stm32f446xx.o [1]
  .text              ro code   0x801'2dd0     0x4  startup_stm32f446xx.o [1]
  .text              ro code   0x801'2dd4     0x4  startup_stm32f446xx.o [1]
  .text              ro code   0x801'2dd8     0x4  startup_stm32f446xx.o [1]
  .text              ro code   0x801'2ddc     0x4  startup_stm32f446xx.o [1]
  .text              ro code   0x801'2de0     0x4  startup_stm32f446xx.o [1]
  .text              ro code   0x801'2de4     0x4  startup_stm32f446xx.o [1]
  .text              ro code   0x801'2de8     0x4  startup_stm32f446xx.o [1]
  .text              ro code   0x801'2dec     0x4  startup_stm32f446xx.o [1]
  .text              ro code   0x801'2df0     0x4  startup_stm32f446xx.o [1]
  .text              ro code   0x801'2df4     0x4  startup_stm32f446xx.o [1]
  .text              ro code   0x801'2df8     0x4  startup_stm32f446xx.o [1]
  .text              ro code   0x801'2dfc     0x4  startup_stm32f446xx.o [1]
  .text              ro code   0x801'2e00     0x4  startup_stm32f446xx.o [1]
  .text              ro code   0x801'2e04     0x4  startup_stm32f446xx.o [1]
  .text              ro code   0x801'2e08     0x4  startup_stm32f446xx.o [1]
  .text              ro code   0x801'2e0c     0x4  startup_stm32f446xx.o [1]
  .text              ro code   0x801'2e10     0x4  startup_stm32f446xx.o [1]
  .text              ro code   0x801'2e14     0x4  startup_stm32f446xx.o [1]
  .text              ro code   0x801'2e18     0x4  startup_stm32f446xx.o [1]
  .text              ro code   0x801'2e1c     0x4  startup_stm32f446xx.o [1]
  .rodata            const     0x801'2e20     0x0  zero_init3.o [4]
  .rodata            const     0x801'2e20     0x0  lz77_init_single.o [4]
  Initializer bytes  const     0x801'2e20    0x67  <for P2-1>
                             - 0x801'2e87  0xae87

"P2", part 1 of 3:                           0xbe
  P2-1                        0x2000'0000    0xbe  <Init block>
    .data            inited   0x2000'0000     0x4  DisplayDriver.o [1]
    .data            inited   0x2000'0004     0x8  DisplayDriver.o [1]
    .data            inited   0x2000'000c    0x30  DisplayDriver.o [1]
    .data            inited   0x2000'003c     0x4  DisplayDriver.o [1]
    .data            inited   0x2000'0040     0x4  DisplayDriver.o [1]
    .data            inited   0x2000'0044     0x4  DisplayDriver.o [1]
    .data            inited   0x2000'0048     0x4  DisplayDriver.o [1]
    .data            inited   0x2000'004c     0x4  DisplayDriver.o [1]
    .data            inited   0x2000'0050    0x1c  Fonts.o [1]
    .data            inited   0x2000'006c     0x4  port.o [1]
    .data            inited   0x2000'0070     0x4  system_stm32f4xx.o [1]
    .data            inited   0x2000'0074    0x48  xlocale_c.o [2]
    .data            inited   0x2000'00bc     0x1  Fonts.o [1]
    .data            inited   0x2000'00bd     0x1  Fonts.o [1]
                            - 0x2000'00be    0xbe

"P2", part 2 of 3:                         0x7158
  .bss               zero     0x2000'00c0  0x3c00  heap_4.o [1]
  .bss               zero     0x2000'3cc0  0x2800  DisplayDriver.o [1]
  .bss               zero     0x2000'64c0   0x200  DisplayApplication.o [1]
  .bss               zero     0x2000'66c0   0x200  usart1.o [1]
  .bss               zero     0x2000'68c0   0x200  usart2.o [1]
  .bss               zero     0x2000'6ac0   0x200  usart4.o [1]
  .bss               zero     0x2000'6cc0   0x140  tasks.o [1]
  .bss               zero     0x2000'6e00    0x50  DisplayApplication.o [1]
  .bss               zero     0x2000'6e50    0x50  DisplayApplication.o [1]
  .bss               zero     0x2000'6ea0    0x50  DisplayApplication.o [1]
  .bss               zero     0x2000'6ef0    0x4c  DisplayApplication.o [1]
  .bss               zero     0x2000'6f3c    0x48  TimerTools.o [1]
  .bss               zero     0x2000'6f84    0x48  TimerTools.o [1]
  .bss               zero     0x2000'6fcc    0x20  Fonts.o [1]
  .bss               zero     0x2000'6fec    0x20  stm32f4xx_hal_flash.o [1]
  .bss               zero     0x2000'700c    0x20  TimerTools.o [1]
  .bss               zero     0x2000'702c    0x1c  FlashInterface.o [1]
  .bss               zero     0x2000'7048    0x1c  usart1.o [1]
  .bss               zero     0x2000'7064    0x1c  usart2.o [1]
  .bss               zero     0x2000'7080    0x1c  usart4.o [1]
  .bss               zero     0x2000'709c    0x18  gpioapi.o [1]
  .bss               zero     0x2000'70b4    0x14  FlashInterface.o [1]
  .bss               zero     0x2000'70c8    0x14  tasks.o [1]
  .bss               zero     0x2000'70dc    0x14  tasks.o [1]
  .bss               zero     0x2000'70f0    0x14  tasks.o [1]
  .bss               zero     0x2000'7104    0x14  tasks.o [1]
  .bss               zero     0x2000'7118    0x14  tasks.o [1]
  .bss               zero     0x2000'712c    0x14  TimerTools.o [1]
  .bss               zero     0x2000'7140     0x8  heap_4.o [1]
  .bss               zero     0x2000'7148     0x4  DisplayApplication.o [1]
  .bss               zero     0x2000'714c     0x4  DisplayApplication.o [1]
  .bss               zero     0x2000'7150     0x4  DisplayApplication.o [1]
  .bss               zero     0x2000'7154     0x4  DisplayApplication.o [1]
  .bss               zero     0x2000'7158     0x4  DisplayApplication.o [1]
  .bss               zero     0x2000'715c     0x4  DisplayApplication.o [1]
  .bss               zero     0x2000'7160     0x4  DisplayApplication.o [1]
  .bss               zero     0x2000'7164     0x4  DisplayApplication.o [1]
  .bss               zero     0x2000'7168     0x4  DisplayApplication.o [1]
  .bss               zero     0x2000'716c     0x4  DisplayDriver.o [1]
  .bss               zero     0x2000'7170     0x4  DisplayDriver.o [1]
  .bss               zero     0x2000'7174     0x4  DisplayDriver.o [1]
  .bss               zero     0x2000'7178     0x4  DisplayDriver.o [1]
  .bss               zero     0x2000'717c     0x4  DisplayDriver.o [1]
  .bss               zero     0x2000'7180     0x4  FlashInterface.o [1]
  .bss               zero     0x2000'7184     0x4  heap_4.o [1]
  .bss               zero     0x2000'7188     0x4  heap_4.o [1]
  .bss               zero     0x2000'718c     0x4  heap_4.o [1]
  .bss               zero     0x2000'7190     0x4  heap_4.o [1]
  .bss               zero     0x2000'7194     0x4  port.o [1]
  .bss               zero     0x2000'7198     0x4  stm32f4xx_hal.o [1]
  .bss               zero     0x2000'719c     0x4  tasks.o [1]
  .bss               zero     0x2000'71a0     0x4  tasks.o [1]
  .bss               zero     0x2000'71a4     0x4  tasks.o [1]
  .bss               zero     0x2000'71a8     0x4  tasks.o [1]
  .bss               zero     0x2000'71ac     0x4  tasks.o [1]
  .bss               zero     0x2000'71b0     0x4  tasks.o [1]
  .bss               zero     0x2000'71b4     0x4  tasks.o [1]
  .bss               zero     0x2000'71b8     0x4  tasks.o [1]
  .bss               zero     0x2000'71bc     0x4  tasks.o [1]
  .bss               zero     0x2000'71c0     0x4  tasks.o [1]
  .bss               zero     0x2000'71c4     0x4  tasks.o [1]
  .bss               zero     0x2000'71c8     0x4  tasks.o [1]
  .bss               zero     0x2000'71cc     0x4  tasks.o [1]
  .bss               zero     0x2000'71d0     0x4  tasks.o [1]
  .bss               zero     0x2000'71d4     0x4  tasks.o [1]
  .bss               zero     0x2000'71d8     0x4  TimerTools.o [1]
  .bss               zero     0x2000'71dc     0x4  TimerTools.o [1]
  .bss               zero     0x2000'71e0     0x4  usart1.o [1]
  .bss               zero     0x2000'71e4     0x4  usart1.o [1]
  .bss               zero     0x2000'71e8     0x4  usart1.o [1]
  .bss               zero     0x2000'71ec     0x4  usart1.o [1]
  .bss               zero     0x2000'71f0     0x4  usart2.o [1]
  .bss               zero     0x2000'71f4     0x4  usart2.o [1]
  .bss               zero     0x2000'71f8     0x4  usart2.o [1]
  .bss               zero     0x2000'71fc     0x4  usart2.o [1]
  .bss               zero     0x2000'7200     0x4  usart4.o [1]
  .bss               zero     0x2000'7204     0x4  usart4.o [1]
  .bss               zero     0x2000'7208     0x4  usart4.o [1]
  .bss               zero     0x2000'720c     0x4  usart4.o [1]
  .bss               zero     0x2000'7210     0x4  strtok.o [2]
  .bss               zero     0x2000'7214     0x1  Fonts.o [1]
  .bss               zero     0x2000'7215     0x1  port.o [1]
                            - 0x2000'7216  0x7156

"P2", part 3 of 3:                          0x400
  CSTACK                      0x2000'7218   0x400  <Block>
    CSTACK           uninit   0x2000'7218   0x400  <Block tail>
                            - 0x2000'7618   0x400

Unused ranges:

         From           To      Size
         ----           --      ----
   0x801'2e87   0x807'ffff  0x6'd179
  0x2000'00be  0x2000'00bf       0x2
  0x2000'7618  0x2001'ffff  0x1'89e8


*******************************************************************************
*** INIT TABLE
***

          Address      Size
          -------      ----
Zero (__iar_zero_init3)
    1 destination range, total size 0x7156:
          0x2000'00c0  0x7156

Copy/lz77 (__iar_lz77_init_single3)
    1 source range, total size 0x67 (54% of destination):
           0x801'2e20    0x67
    1 destination range, total size 0xbe:
          0x2000'0000    0xbe



*******************************************************************************
*** MODULE SUMMARY
***

    Module                    ro code  ro data  rw data
    ------                    -------  -------  -------
command line/config:
    ---------------------------------------------------
    Total:

C:\Work\TimerOpenSource\BigClockOS\BigDisplay2019\EWARM\BigDisplay2019\Obj: [1]
    DisplayApplication.o        2'480      236      864
    DisplayDriver.o             2'100      267   10'340
    FlashInterface.o              168                52
    Fonts.o                       916   18'737       63
    TimerTools.o                  720      144      204
    cmsis_os.o                    144
    crc.o                         222      768
    gpio.o                        224
    gpioapi.o                     328                24
    heap_4.o                      628        4   15'384
    list.o                        154
    main.o                        290       64
    port.o                        568        6        9
    portasm.o                     168
    queue.o                     1'956
    startup_stm32f446xx.o         820
    stm32f4xx_hal.o               120                 4
    stm32f4xx_hal_cortex.o        320
    stm32f4xx_hal_flash.o         544                32
    stm32f4xx_hal_flash_ex.o      732
    stm32f4xx_hal_gpio.o          596
    stm32f4xx_hal_msp.o            94
    stm32f4xx_hal_pwr_ex.o        144
    stm32f4xx_hal_rcc.o           420
    stm32f4xx_hal_rcc_ex.o      1'288
    stm32f4xx_it.o                 12
    stm32f4xx_ll_gpio.o           444
    stm32f4xx_ll_rcc.o            408
    stm32f4xx_ll_tim.o            904
    stm32f4xx_ll_usart.o          716
    system_stm32f4xx.o             96       26        4
    tasks.o                     2'396        8      480
    usart1.o                      722               556
    usart2.o                      722               556
    usart4.o                      722               556
    ---------------------------------------------------
    Total:                     23'286   20'260   29'128

dl7M_tlf.a: [2]
    exit.o                          4
    iar_Stoulx.o                  332       80
    isalpha.o                      20
    isprint.o                      40
    ispunct.o                      20
    isspace.o                      20
    low_level_init.o                4
    strcspn.o                      34
    strspn.o                       34
    strtok.o                       76                 4
    tolower.o                      20
    toupper.o                      20
    xlocale_c.o                   116       41       72
    ---------------------------------------------------
    Total:                        740      121       76

m7M_tls.a: [3]
    fpinit_M.o                     34
    ---------------------------------------------------
    Total:                         34

rt7M_tl.a: [4]
    ABImemcpy.o                   166
    ABImemset.o                   102
    XXexit.o                       12
    cexit.o                        10
    cmain.o                        30
    cstartup_M.o                   12
    data_init.o                    40
    lz77_init_single.o            120
    memchr.o                       88
    zero_init3.o                   58
    ---------------------------------------------------
    Total:                        638

    Gaps                           16        4
    Linker created                          32    1'024
-------------------------------------------------------
    Grand Total:               24'714   20'417   30'228


*******************************************************************************
*** ENTRY LIST
***

Entry                       Address    Size  Type      Object
-----                       -------    ----  ----      ------
.iar.init_table$$Base    0x801'2ae8           --   Gb  - Linker created -
.iar.init_table$$Limit   0x801'2b08           --   Gb  - Linker created -
?main                    0x801'2b09          Code  Gb  cmain.o [4]
AHBPrescTable            0x801'2c0c    0x10  Data  Gb  system_stm32f4xx.o [1]
APBPrescTable            0x801'2c90     0x8  Data  Gb  system_stm32f4xx.o [1]
CSTACK$$Base            0x2000'7218           --   Gb  - Linker created -
CSTACK$$Limit           0x2000'7618           --   Gb  - Linker created -
EraseInitStruct         0x2000'70b4    0x14  Data  Lc  FlashInterface.o [1]
FLASH_Erase_Sector       0x800'b621    0x6a  Code  Gb  stm32f4xx_hal_flash_ex.o [1]
FLASH_FlushCaches        0x800'b741    0x50  Code  Gb  stm32f4xx_hal_flash_ex.o [1]
FLASH_MassErase          0x800'b5f9    0x28  Code  Lc  stm32f4xx_hal_flash_ex.o [1]
FLASH_OB_BOR_LevelConfig
                         0x800'b72b    0x16  Code  Lc  stm32f4xx_hal_flash_ex.o [1]
FLASH_OB_DisableWRP      0x800'b6af    0x24  Code  Lc  stm32f4xx_hal_flash_ex.o [1]
FLASH_OB_EnableWRP       0x800'b68b    0x24  Code  Lc  stm32f4xx_hal_flash_ex.o [1]
FLASH_OB_RDP_LevelConfig
                         0x800'b6d3    0x1e  Code  Lc  stm32f4xx_hal_flash_ex.o [1]
FLASH_OB_UserConfig      0x800'b6f1    0x3a  Code  Lc  stm32f4xx_hal_flash_ex.o [1]
FLASH_Program_Byte       0x800'b419    0x1a  Code  Lc  stm32f4xx_hal_flash.o [1]
FLASH_Program_DoubleWord
                         0x800'b3b7    0x26  Code  Lc  stm32f4xx_hal_flash.o [1]
FLASH_Program_HalfWord   0x800'b3fb    0x1e  Code  Lc  stm32f4xx_hal_flash.o [1]
FLASH_Program_Word       0x800'b3dd    0x1e  Code  Lc  stm32f4xx_hal_flash.o [1]
FLASH_SetErrorCode       0x800'b433    0x7e  Code  Lc  stm32f4xx_hal_flash.o [1]
FLASH_WaitForLastOperation
                         0x800'b367    0x50  Code  Gb  stm32f4xx_hal_flash.o [1]
GPIO_WriteBit            0x800'94cd    0x20  Code  Gb  gpioapi.o [1]
HAL_FLASHEx_Erase        0x800'b4cd    0xac  Code  Gb  stm32f4xx_hal_flash_ex.o [1]
HAL_FLASHEx_OBProgram    0x800'b579    0x80  Code  Gb  stm32f4xx_hal_flash_ex.o [1]
HAL_FLASH_Lock           0x800'b359     0xe  Code  Gb  stm32f4xx_hal_flash.o [1]
HAL_FLASH_Program        0x800'b2ad    0x92  Code  Gb  stm32f4xx_hal_flash.o [1]
HAL_FLASH_Unlock         0x800'b33f    0x1a  Code  Gb  stm32f4xx_hal_flash.o [1]
HAL_GPIO_Init            0x800'd349   0x204  Code  Gb  stm32f4xx_hal_gpio.o [1]
HAL_GPIO_WritePin        0x800'd54d    0x1a  Code  Gb  stm32f4xx_hal_gpio.o [1]
HAL_GetTick              0x800'ce0d     0xc  Code  Wk  stm32f4xx_hal.o [1]
HAL_IncTick              0x801'2c2d    0x10  Code  Wk  stm32f4xx_hal.o [1]
HAL_Init                 0x800'da5d    0x30  Code  Gb  stm32f4xx_hal.o [1]
HAL_InitTick             0x800'd741    0x28  Code  Wk  stm32f4xx_hal.o [1]
HAL_MspInit              0x800'db71    0x5e  Code  Gb  stm32f4xx_hal_msp.o [1]
HAL_NVIC_SetPriority     0x800'd839    0x2a  Code  Gb  stm32f4xx_hal_cortex.o [1]
HAL_NVIC_SetPriorityGrouping
                         0x800'd82d     0xc  Code  Gb  stm32f4xx_hal_cortex.o [1]
HAL_PWREx_EnableOverDrive
                         0x800'd9cd    0x84  Code  Gb  stm32f4xx_hal_pwr_ex.o [1]
HAL_RCC_ClockConfig      0x800'd59d   0x188  Code  Gb  stm32f4xx_hal_rcc.o [1]
HAL_RCC_GetHCLKFreq      0x800'd725     0x6  Code  Gb  stm32f4xx_hal_rcc.o [1]
HAL_RCC_GetSysClockFreq
                         0x800'ce41   0x11e  Code  Gb  stm32f4xx_hal_rcc_ex.o [1]
HAL_RCC_OscConfig        0x800'cf69   0x3ac  Code  Gb  stm32f4xx_hal_rcc_ex.o [1]
HAL_SYSTICK_CLKSourceConfig
                         0x800'd86f    0x1c  Code  Gb  stm32f4xx_hal_cortex.o [1]
HAL_SYSTICK_Config       0x800'd863     0xc  Code  Gb  stm32f4xx_hal_cortex.o [1]
LL_AHB1_GRP1_EnableClock
                         0x800'8001    0x18  Code  Lc  DisplayApplication.o [1]
LL_AHB1_GRP1_EnableClock
                         0x800'8ac9    0x18  Code  Lc  DisplayDriver.o [1]
LL_AHB1_GRP1_EnableClock
                         0x800'a69f    0x16  Code  Lc  usart1.o [1]
LL_AHB1_GRP1_EnableClock
                         0x800'a3cb    0x16  Code  Lc  usart2.o [1]
LL_AHB1_GRP1_EnableClock
                         0x800'aaab    0x16  Code  Lc  usart4.o [1]
LL_AHB2_GRP1_EnableClock
                         0x800'8ae1    0x18  Code  Lc  DisplayDriver.o [1]
LL_APB1_GRP1_EnableClock
                         0x800'b01f    0x16  Code  Lc  TimerTools.o [1]
LL_APB1_GRP1_EnableClock
                         0x800'a3e1    0x16  Code  Lc  usart2.o [1]
LL_APB1_GRP1_EnableClock
                         0x800'aac1    0x16  Code  Lc  usart4.o [1]
LL_APB1_GRP1_ForceReset
                         0x800'c689     0xa  Code  Lc  stm32f4xx_ll_usart.o [1]
LL_APB1_GRP1_ReleaseReset
                         0x800'c693     0xa  Code  Lc  stm32f4xx_ll_usart.o [1]
LL_APB2_GRP1_EnableClock
                         0x800'b035    0x16  Code  Lc  TimerTools.o [1]
LL_APB2_GRP1_EnableClock
                         0x800'a6b5    0x16  Code  Lc  usart1.o [1]
LL_APB2_GRP1_ForceReset
                         0x800'c69d     0xa  Code  Lc  stm32f4xx_ll_usart.o [1]
LL_APB2_GRP1_ReleaseReset
                         0x800'c6a7     0xa  Code  Lc  stm32f4xx_ll_usart.o [1]
LL_GPIO_Init             0x800'b8c7    0x9e  Code  Gb  stm32f4xx_ll_gpio.o [1]
LL_GPIO_ResetOutputPin   0x800'9419     0x6  Code  Lc  gpioapi.o [1]
LL_GPIO_SetAFPin_0_7     0x800'93a5    0x34  Code  Lc  gpioapi.o [1]
LL_GPIO_SetAFPin_0_7     0x800'b857    0x34  Code  Lc  stm32f4xx_ll_gpio.o [1]
LL_GPIO_SetAFPin_8_15    0x800'93d9    0x3c  Code  Lc  gpioapi.o [1]
LL_GPIO_SetAFPin_8_15    0x800'b88b    0x3c  Code  Lc  stm32f4xx_ll_gpio.o [1]
LL_GPIO_SetOutputPin     0x800'9415     0x4  Code  Lc  gpioapi.o [1]
LL_GPIO_SetPinMode       0x800'b7a9    0x34  Code  Lc  stm32f4xx_ll_gpio.o [1]
LL_GPIO_SetPinOutputType
                         0x800'b7dd    0x12  Code  Lc  stm32f4xx_ll_gpio.o [1]
LL_GPIO_SetPinPull       0x800'b823    0x34  Code  Lc  stm32f4xx_ll_gpio.o [1]
LL_GPIO_SetPinSpeed      0x800'b7ef    0x34  Code  Lc  stm32f4xx_ll_gpio.o [1]
LL_RCC_GetAHBPrescaler   0x800'c8f9     0xc  Code  Lc  stm32f4xx_ll_rcc.o [1]
LL_RCC_GetAPB1Prescaler
                         0x800'c905     0xc  Code  Lc  stm32f4xx_ll_rcc.o [1]
LL_RCC_GetAPB2Prescaler
                         0x800'c911     0xc  Code  Lc  stm32f4xx_ll_rcc.o [1]
LL_RCC_GetSysClkSource   0x800'c8ed     0xc  Code  Lc  stm32f4xx_ll_rcc.o [1]
LL_RCC_GetSystemClocksFreq
                         0x800'c959    0x24  Code  Gb  stm32f4xx_ll_rcc.o [1]
LL_RCC_PLL_GetDivider    0x800'c94d     0xc  Code  Lc  stm32f4xx_ll_rcc.o [1]
LL_RCC_PLL_GetMainSource
                         0x800'c941     0xc  Code  Lc  stm32f4xx_ll_rcc.o [1]
LL_RCC_PLL_GetN          0x800'c91d     0xc  Code  Lc  stm32f4xx_ll_rcc.o [1]
LL_RCC_PLL_GetP          0x800'c929     0xc  Code  Lc  stm32f4xx_ll_rcc.o [1]
LL_RCC_PLL_GetR          0x800'c935     0xc  Code  Lc  stm32f4xx_ll_rcc.o [1]
LL_TIM_ClearFlag_CC1     0x800'b0b5     0x8  Code  Lc  TimerTools.o [1]
LL_TIM_DisableCounter    0x800'b04b     0xa  Code  Lc  TimerTools.o [1]
LL_TIM_EnableIT_CC1      0x800'b0c7     0xa  Code  Lc  TimerTools.o [1]
LL_TIM_GenerateEvent_UPDATE
                         0x800'caa1     0xa  Code  Lc  stm32f4xx_ll_tim.o [1]
LL_TIM_GenerateEvent_UPDATE
                         0x800'b0db     0xa  Code  Lc  TimerTools.o [1]
LL_TIM_Init              0x800'caab    0xd2  Code  Gb  stm32f4xx_ll_tim.o [1]
LL_TIM_IsActiveFlag_CC1
                         0x800'b0bd     0xa  Code  Lc  TimerTools.o [1]
LL_TIM_IsEnabledIT_CC1   0x800'b0d1     0xa  Code  Lc  TimerTools.o [1]
LL_TIM_OC_DisablePreload
                         0x800'b059    0x5c  Code  Lc  TimerTools.o [1]
LL_TIM_OC_Init           0x800'cb7d    0x58  Code  Gb  stm32f4xx_ll_tim.o [1]
LL_TIM_OC_SetCompareCH1
                         0x800'ca91     0x4  Code  Lc  stm32f4xx_ll_tim.o [1]
LL_TIM_OC_SetCompareCH2
                         0x800'ca95     0x4  Code  Lc  stm32f4xx_ll_tim.o [1]
LL_TIM_OC_SetCompareCH3
                         0x800'ca99     0x4  Code  Lc  stm32f4xx_ll_tim.o [1]
LL_TIM_OC_SetCompareCH4
                         0x800'ca9d     0x4  Code  Lc  stm32f4xx_ll_tim.o [1]
LL_TIM_SetAutoReload     0x800'ca89     0x4  Code  Lc  stm32f4xx_ll_tim.o [1]
LL_TIM_SetPrescaler      0x800'ca85     0x4  Code  Lc  stm32f4xx_ll_tim.o [1]
LL_TIM_SetPrescaler      0x800'b055     0x4  Code  Lc  TimerTools.o [1]
LL_TIM_SetRepetitionCounter
                         0x800'ca8d     0x4  Code  Lc  stm32f4xx_ll_tim.o [1]
LL_USART_DeInit          0x800'c6b1    0x98  Code  Gb  stm32f4xx_ll_usart.o [1]
LL_USART_Init            0x800'c749    0xac  Code  Gb  stm32f4xx_ll_usart.o [1]
LL_USART_IsEnabled       0x800'c551     0xa  Code  Lc  stm32f4xx_ll_usart.o [1]
LL_USART_SetBaudRate     0x800'c573   0x116  Code  Lc  stm32f4xx_ll_usart.o [1]
LL_USART_SetHWFlowCtrl   0x800'c567     0xc  Code  Lc  stm32f4xx_ll_usart.o [1]
LL_USART_SetStopBitsLength
                         0x800'c55b     0xc  Code  Lc  stm32f4xx_ll_usart.o [1]
MX_GPIO_Init             0x800'da91    0xe0  Code  Gb  gpio.o [1]
NVIC_EnableIRQ           0x800'afdd    0x16  Code  Lc  TimerTools.o [1]
NVIC_EnableIRQ           0x800'a65d    0x16  Code  Lc  usart1.o [1]
NVIC_EnableIRQ           0x800'a389    0x16  Code  Lc  usart2.o [1]
NVIC_EnableIRQ           0x800'aa69    0x16  Code  Lc  usart4.o [1]
NVIC_EncodePriority      0x800'd7bd    0x40  Code  Lc  stm32f4xx_hal_cortex.o [1]
NVIC_GetPriorityGrouping
                         0x800'd787     0xa  Code  Lc  stm32f4xx_hal_cortex.o [1]
NVIC_SetPriority         0x800'd791    0x2c  Code  Lc  stm32f4xx_hal_cortex.o [1]
NVIC_SetPriority         0x800'aff3    0x2c  Code  Lc  TimerTools.o [1]
NVIC_SetPriority         0x800'a673    0x2c  Code  Lc  usart1.o [1]
NVIC_SetPriority         0x800'a39f    0x2c  Code  Lc  usart2.o [1]
NVIC_SetPriority         0x800'aa7f    0x2c  Code  Lc  usart4.o [1]
NVIC_SetPriorityGrouping
                         0x800'd769    0x1e  Code  Lc  stm32f4xx_hal_cortex.o [1]
NVIC_SystemReset         0x800'd8a9    0x1a  Code  Lc  main.o [1]
OC1Config                0x800'cbd5    0x88  Code  Lc  stm32f4xx_ll_tim.o [1]
OC2Config                0x800'cc5d    0x8a  Code  Lc  stm32f4xx_ll_tim.o [1]
OC3Config                0x800'cce7    0x8e  Code  Lc  stm32f4xx_ll_tim.o [1]
OC4Config                0x800'cd75    0x6c  Code  Lc  stm32f4xx_ll_tim.o [1]
OFFSET_TAB_CCMRx         0x801'2ca0     0x8  Data  Lc  TimerTools.o [1]
PendSV_Handler           0x800'c845          Code  Gb  portasm.o [1]
RCC_GetHCLKClockFreq     0x800'c9b7    0x18  Code  Gb  stm32f4xx_ll_rcc.o [1]
RCC_GetPCLK1ClockFreq    0x800'c9cf    0x14  Code  Gb  stm32f4xx_ll_rcc.o [1]
RCC_GetPCLK2ClockFreq    0x800'c9e3    0x14  Code  Gb  stm32f4xx_ll_rcc.o [1]
RCC_GetSystemClockFreq   0x800'c97d    0x3a  Code  Gb  stm32f4xx_ll_rcc.o [1]
RCC_PLL_GetFreqDomain_SYS
                         0x800'c9f7    0x76  Code  Gb  stm32f4xx_ll_rcc.o [1]
Region$$Table$$Base      0x801'2ae8           --   Gb  - Linker created -
Region$$Table$$Limit     0x801'2b08           --   Gb  - Linker created -
SHIFT_TAB_OCxx           0x801'2ca8     0x8  Data  Lc  TimerTools.o [1]
SVC_Handler              0x800'c89d          Code  Gb  portasm.o [1]
StartDefaultTask         0x800'885d    0x76  Code  Gb  DisplayApplication.o [1]
StartDefaultTask::inputBuffer
                        0x2000'6ea0    0x50  Data  Lc  DisplayApplication.o [1]
SysTick_Config           0x800'd7fd    0x30  Code  Lc  stm32f4xx_hal_cortex.o [1]
SysTick_Handler          0x801'2c61     0xc  Code  Gb  stm32f4xx_it.o [1]
SystemClock_Config       0x800'd8cd    0xd0  Code  Gb  main.o [1]
SystemCoreClock         0x2000'0070     0x4  Data  Gb  system_stm32f4xx.o [1]
SystemInit               0x801'2891    0x40  Code  Gb  system_stm32f4xx.o [1]
TIM1_TRG_COM_TIM11_IRQHandler
                         0x800'b153    0x4a  Code  Gb  TimerTools.o [1]
TIM_OCInitStructure     0x2000'700c    0x20  Data  Lc  TimerTools.o [1]
TIM_TimeBaseStructure   0x2000'712c    0x14  Data  Lc  TimerTools.o [1]
UART4_IRQHandler         0x800'aad7    0x86  Code  Gb  usart4.o [1]
USART1_IRQHandler        0x800'a6cb    0x86  Code  Gb  usart1.o [1]
USART2_IRQHandler        0x800'a3f7    0x86  Code  Gb  usart2.o [1]
_Error_Handler           0x800'd9c9     0x2  Code  Gb  main.o [1]
_LocaleC_isalpha         0x800'bd3f     0xc  Code  Gb  xlocale_c.o [2]
_LocaleC_islower         0x800'bd39     0x4  Code  Gb  xlocale_c.o [2]
_LocaleC_ispunct         0x800'bd55    0x22  Code  Gb  xlocale_c.o [2]
_LocaleC_isspace         0x800'bd77    0x14  Code  Gb  xlocale_c.o [2]
_LocaleC_isupper         0x800'bd3d     0x2  Code  Gb  xlocale_c.o [2]
_LocaleC_tolower         0x800'bd8b     0xc  Code  Gb  xlocale_c.o [2]
_LocaleC_toupper         0x800'bd97     0xc  Code  Gb  xlocale_c.o [2]
_Strtok_ssave           0x2000'7210     0x4  Data  Lc  strtok.o [2]
__aeabi_memcpy           0x800'a931          Code  Gb  ABImemcpy.o [4]
__aeabi_memcpy4          0x800'a951          Code  Gb  ABImemcpy.o [4]
__aeabi_memcpy8          0x800'a951          Code  Gb  ABImemcpy.o [4]
__aeabi_memset           0x800'af75          Code  Gb  ABImemset.o [4]
__cmain                  0x801'2b09          Code  Gb  cmain.o [4]
__exit                   0x801'2b3d          Code  Gb  XXexit.o [4]
__iar_Memchr             0x800'bce1          Code  Gb  memchr.o [4]
__iar_Memset             0x800'af75          Code  Gb  ABImemset.o [4]
__iar_Memset_word        0x800'af7d          Code  Gb  ABImemset.o [4]
__iar_Stoulx             0x800'a229   0x13a  Code  Gb  iar_Stoulx.o [2]
__iar_data_init3         0x801'2a9d    0x28  Code  Gb  data_init.o [4]
__iar_globLocale        0x2000'0074    0x48  Data  Lc  xlocale_c.o [2]
__iar_global_Locale      0x800'bda3     0x4  Code  Gb  xlocale_c.o [2]
__iar_init_vfp           0x801'2ac5          Code  Gb  fpinit_M.o [3]
__iar_lz77_init_single3
                         0x801'2749    0x78  Code  Gb  lz77_init_single.o [4]
__iar_program_start      0x801'2c6d          Code  Gb  cstartup_M.o [4]
__iar_zero_init3         0x800'8a8f    0x3a  Code  Gb  zero_init3.o [4]
__low_level_init         0x801'2b27     0x4  Code  Gb  low_level_init.o [2]
__vector_table           0x800'0000          Data  Gb  startup_stm32f446xx.o [1]
_call_main               0x801'2b15          Code  Gb  cmain.o [4]
_displayBuffer          0x2000'3cc0  0x2800  Data  Gb  DisplayDriver.o [1]
_exit                    0x801'2b31          Code  Gb  cexit.o [4]
_main                    0x801'2b23          Code  Gb  cmain.o [4]
addCRC16                 0x800'8a71    0x1e  Code  Gb  crc.o [1]
atoi                     0x800'a369     0x2  Code  Gb  iar_Stoulx.o [2]
bank                    0x2000'717c     0x4  Data  Gb  DisplayDriver.o [1]
bufferIsPrimed          0x2000'00bd     0x1  Data  Gb  Fonts.o [1]
buttonTask               0x800'807f    0xdc  Code  Gb  DisplayApplication.o [1]
buttonTaskHandle        0x2000'7154     0x4  Data  Gb  DisplayApplication.o [1]
calcCRC                  0x800'8a49    0x28  Code  Gb  crc.o [1]
changeImagePlane         0x800'a17f    0x22  Code  Gb  Fonts.o [1]
clearBuffer              0x800'8c11    0x2c  Code  Gb  DisplayDriver.o [1]
clearImage               0x800'a1a7    0x10  Code  Gb  Fonts.o [1]
clockEnableData          0x801'26d0    0x78  Data  Gb  TimerTools.o [1]
colors                  0x2000'6fcc    0x20  Data  Gb  Fonts.o [1]
commitMode               0x800'8059    0x26  Code  Gb  DisplayApplication.o [1]
computeCRC               0x800'89b1    0x8c  Code  Gb  crc.o [1]
currentMode             0x2000'0000     0x4  Data  Gb  DisplayDriver.o [1]
currentWriteAddress     0x2000'7180     0x4  Data  Lc  FlashInterface.o [1]
defaultTaskHandle       0x2000'7148     0x4  Data  Gb  DisplayApplication.o [1]
digits                   0x801'2918    0x28  Data  Lc  iar_Stoulx.o [2]
displayBufferOneEighthScan
                        0x2000'003c     0x4  Data  Gb  DisplayDriver.o [1]
displayMode             0x2000'0004     0x8  Data  Gb  DisplayDriver.o [1]
displayModes            0x2000'000c    0x30  Data  Gb  DisplayDriver.o [1]
drawFrame               0x2000'00bc     0x1  Data  Gb  Fonts.o [1]
drivePixelsOut2x5        0x800'9013    0x34  Code  Gb  DisplayDriver.o [1]
enableTimerClock         0x800'b0e5    0x1c  Code  Gb  TimerTools.o [1]
eraseParameters          0x800'9345    0x10  Code  Gb  FlashInterface.o [1]
exit                     0x801'2b2b     0x4  Code  Gb  exit.o [2]
extractData              0x800'815b    0xb4  Code  Gb  DisplayApplication.o [1]
flight                  0x2000'7168     0x4  Data  Gb  DisplayApplication.o [1]
flip                     0x800'dbd0   0x100  Data  Gb  crc.o [1]
getTimerClockFrequency   0x800'b101    0x52  Code  Gb  TimerTools.o [1]
heat                    0x2000'7164     0x4  Data  Gb  DisplayApplication.o [1]
incrementMode            0x800'8bc1    0x50  Code  Gb  DisplayDriver.o [1]
initAFPin                0x800'9465    0x62  Code  Gb  gpioapi.o [1]
initGPIO                 0x800'9139   0x134  Code  Gb  DisplayDriver.o [1]
initGPIOPin              0x800'941f    0x46  Code  Gb  gpioapi.o [1]
initTimerTools           0x800'b215    0x3c  Code  Gb  TimerTools.o [1]
isalpha                  0x800'ce19    0x14  Code  Gb  isalpha.o [2]
isprint                  0x800'c81d    0x28  Code  Gb  isprint.o [2]
ispunct                  0x800'ce2d    0x14  Code  Gb  ispunct.o [2]
isspace                  0x800'bcb7    0x14  Code  Gb  isspace.o [2]
letterOffsetsMini       0x2000'0050    0x1c  Data  Gb  Fonts.o [1]
main                     0x800'd9b1    0x18  Code  Gb  main.o [1]
makeFreeRtosPriority     0x800'a9d9    0x16  Code  Lc  cmsis_os.o [1]
memchr                   0x800'bce1          Code  Gb  memchr.o [4]
microA                   0x801'02d0   0x100  Data  Gb  Fonts.o [1]
microB                   0x801'03d0   0x100  Data  Gb  Fonts.o [1]
microC                   0x801'04d0   0x100  Data  Gb  Fonts.o [1]
microD                   0x801'05d0   0x100  Data  Gb  Fonts.o [1]
microDigits              0x801'2a74    0x28  Data  Gb  Fonts.o [1]
microE                   0x801'06d0   0x100  Data  Gb  Fonts.o [1]
microEight               0x801'24d0   0x100  Data  Gb  Fonts.o [1]
microF                   0x801'07d0   0x100  Data  Gb  Fonts.o [1]
microFive                0x801'21d0   0x100  Data  Gb  Fonts.o [1]
microFour                0x801'20d0   0x100  Data  Gb  Fonts.o [1]
microG                   0x801'08d0   0x100  Data  Gb  Fonts.o [1]
microH                   0x801'09d0   0x100  Data  Gb  Fonts.o [1]
microI                   0x801'0ad0   0x100  Data  Gb  Fonts.o [1]
microJ                   0x801'0bd0   0x100  Data  Gb  Fonts.o [1]
microK                   0x801'0cd0   0x100  Data  Gb  Fonts.o [1]
microL                   0x801'0dd0   0x100  Data  Gb  Fonts.o [1]
microLetters             0x801'2828    0x68  Data  Gb  Fonts.o [1]
microM                   0x801'0ed0   0x100  Data  Gb  Fonts.o [1]
microN                   0x801'0fd0   0x100  Data  Gb  Fonts.o [1]
microNine                0x801'25d0   0x100  Data  Gb  Fonts.o [1]
microO                   0x801'10d0   0x100  Data  Gb  Fonts.o [1]
microOne                 0x801'1dd0   0x100  Data  Gb  Fonts.o [1]
microP                   0x801'11d0   0x100  Data  Gb  Fonts.o [1]
microQ                   0x801'12d0   0x100  Data  Gb  Fonts.o [1]
microR                   0x801'13d0   0x100  Data  Gb  Fonts.o [1]
microS                   0x801'14d0   0x100  Data  Gb  Fonts.o [1]
microSeven               0x801'23d0   0x100  Data  Gb  Fonts.o [1]
microSix                 0x801'22d0   0x100  Data  Gb  Fonts.o [1]
microT                   0x801'15d0   0x100  Data  Gb  Fonts.o [1]
microThree               0x801'1fd0   0x100  Data  Gb  Fonts.o [1]
microTwo                 0x801'1ed0   0x100  Data  Gb  Fonts.o [1]
microU                   0x801'16d0   0x100  Data  Gb  Fonts.o [1]
microV                   0x801'17d0   0x100  Data  Gb  Fonts.o [1]
microW                   0x801'18d0   0x100  Data  Gb  Fonts.o [1]
microX                   0x801'19d0   0x100  Data  Gb  Fonts.o [1]
microY                   0x801'1ad0   0x100  Data  Gb  Fonts.o [1]
microZ                   0x801'1bd0   0x100  Data  Gb  Fonts.o [1]
microZero                0x801'1cd0   0x100  Data  Gb  Fonts.o [1]
miniA                    0x800'ded0   0x100  Data  Gb  Fonts.o [1]
miniB                    0x800'dfd0   0x100  Data  Gb  Fonts.o [1]
miniC                    0x800'e0d0   0x100  Data  Gb  Fonts.o [1]
miniD                    0x800'e1d0   0x100  Data  Gb  Fonts.o [1]
miniDigits               0x801'2a4c    0x28  Data  Gb  Fonts.o [1]
miniE                    0x800'e2d0   0x100  Data  Gb  Fonts.o [1]
miniEight                0x801'00d0   0x100  Data  Gb  Fonts.o [1]
miniF                    0x800'e3d0   0x100  Data  Gb  Fonts.o [1]
miniFive                 0x800'fdd0   0x100  Data  Gb  Fonts.o [1]
miniFour                 0x800'fcd0   0x100  Data  Gb  Fonts.o [1]
miniG                    0x800'e4d0   0x100  Data  Gb  Fonts.o [1]
miniH                    0x800'e5d0   0x100  Data  Gb  Fonts.o [1]
miniI                    0x800'e6d0   0x100  Data  Gb  Fonts.o [1]
miniJ                    0x800'e7d0   0x100  Data  Gb  Fonts.o [1]
miniK                    0x800'e8d0   0x100  Data  Gb  Fonts.o [1]
miniL                    0x800'e9d0   0x100  Data  Gb  Fonts.o [1]
miniLetters              0x801'27c0    0x68  Data  Gb  Fonts.o [1]
miniM                    0x800'ead0   0x100  Data  Gb  Fonts.o [1]
miniN                    0x800'ebd0   0x100  Data  Gb  Fonts.o [1]
miniNine                 0x801'01d0   0x100  Data  Gb  Fonts.o [1]
miniO                    0x800'ecd0   0x100  Data  Gb  Fonts.o [1]
miniOne                  0x800'f9d0   0x100  Data  Gb  Fonts.o [1]
miniP                    0x800'edd0   0x100  Data  Gb  Fonts.o [1]
miniQ                    0x800'eed0   0x100  Data  Gb  Fonts.o [1]
miniR                    0x800'efd0   0x100  Data  Gb  Fonts.o [1]
miniS                    0x800'f0d0   0x100  Data  Gb  Fonts.o [1]
miniSeven                0x800'ffd0   0x100  Data  Gb  Fonts.o [1]
miniSix                  0x800'fed0   0x100  Data  Gb  Fonts.o [1]
miniT                    0x800'f1d0   0x100  Data  Gb  Fonts.o [1]
miniThree                0x800'fbd0   0x100  Data  Gb  Fonts.o [1]
miniTwo                  0x800'fad0   0x100  Data  Gb  Fonts.o [1]
miniU                    0x800'f2d0   0x100  Data  Gb  Fonts.o [1]
miniV                    0x800'f3d0   0x100  Data  Gb  Fonts.o [1]
miniW                    0x800'f4d0   0x100  Data  Gb  Fonts.o [1]
miniX                    0x800'f5d0   0x100  Data  Gb  Fonts.o [1]
miniY                    0x800'f6d0   0x100  Data  Gb  Fonts.o [1]
miniZ                    0x800'f7d0   0x100  Data  Gb  Fonts.o [1]
miniZero                 0x800'f8d0   0x100  Data  Gb  Fonts.o [1]
minutes                 0x2000'7178     0x4  Data  Gb  DisplayDriver.o [1]
ndigs                    0x801'28f0    0x28  Data  Lc  iar_Stoulx.o [2]
osKernelStart            0x800'a9ef     0xa  Code  Gb  cmsis_os.o [1]
osSystickHandler         0x800'aa59    0x10  Code  Gb  cmsis_os.o [1]
osThreadCreate           0x800'a9f9    0x60  Code  Gb  cmsis_os.o [1]
outputRow                0x800'9051    0xc6  Code  Gb  DisplayDriver.o [1]
pFlash                  0x2000'6fec    0x20  Data  Gb  stm32f4xx_hal_flash.o [1]
parseCommand             0x800'845b   0x37c  Code  Gb  DisplayApplication.o [1]
pcInterruptPriorityRegisters
                         0x801'2cbc     0x4  Data  Lc  port.o [1]
phase                   0x2000'7158     0x4  Data  Gb  DisplayApplication.o [1]
pixelFunctionLookup      0x801'2940    0x40  Data  Gb  DisplayDriver.o [1]
prescalerTable           0x801'2cb0     0x8  Data  Lc  TimerTools.o [1]
primeTheBuffer           0x800'a1a1     0x6  Code  Gb  Fonts.o [1]
prvAddCurrentTaskToDelayedList
                         0x800'9d89    0x82  Code  Lc  tasks.o [1]
prvAddNewTaskToReadyList
                         0x800'9699    0x9a  Code  Lc  tasks.o [1]
prvCheckTasksWaitingTermination
                         0x800'9c81    0x50  Code  Lc  tasks.o [1]
prvCopyDataFromQueue     0x800'c46d    0x36  Code  Lc  queue.o [1]
prvCopyDataToQueue       0x800'c3e5    0x88  Code  Lc  queue.o [1]
prvDeleteTCB             0x800'9cdd    0x44  Code  Lc  tasks.o [1]
prvHeapInit              0x800'baf9    0x62  Code  Lc  heap_4.o [1]
prvIdleTask              0x800'9c05    0x24  Code  Lc  tasks.o [1]
prvInitialiseNewQueue    0x800'bf5d    0x32  Code  Lc  queue.o [1]
prvInitialiseNewTask     0x800'95dd    0xbc  Code  Lc  tasks.o [1]
prvInitialiseTaskLists   0x800'9c2d    0x50  Code  Lc  tasks.o [1]
prvInsertBlockIntoFreeList
                         0x800'bb5b    0x5e  Code  Lc  heap_4.o [1]
prvIsQueueEmpty          0x800'c511    0x1c  Code  Lc  queue.o [1]
prvIsQueueFull           0x800'c52d    0x1e  Code  Lc  queue.o [1]
prvResetNextTaskUnblockTime
                         0x800'9d21    0x2a  Code  Lc  tasks.o [1]
prvTaskExitError         0x800'ad65    0x2a  Code  Lc  port.o [1]
prvUnlockQueue           0x800'c4a3    0x6e  Code  Lc  queue.o [1]
putBigLetter             0x800'9eb5    0x66  Code  Gb  Fonts.o [1]
putDot                   0x800'9e49    0x4a  Code  Gb  Fonts.o [1]
putLittleColon           0x800'9e93    0x22  Code  Gb  Fonts.o [1]
putMicroRoundHeat        0x800'a0e9    0x96  Code  Gb  Fonts.o [1]
putMicroText             0x800'9fdf    0x88  Code  Gb  Fonts.o [1]
putMicroTextAbsolutePosition
                         0x800'a067    0x82  Code  Gb  Fonts.o [1]
putMicroValue            0x800'9f81    0x5e  Code  Gb  Fonts.o [1]
putPixel                 0x800'8fed    0x26  Code  Gb  DisplayDriver.o [1]
putPixelPointer         0x2000'7170     0x4  Data  Lc  DisplayDriver.o [1]
putPixelScan8AlternateInverted
                         0x800'8f47    0xa6  Code  Gb  DisplayDriver.o [1]
putPixelScan8AlternateSmallDisplay
                         0x800'8c3d   0x132  Code  Gb  DisplayDriver.o [1]
putPixelScan8Inverted    0x800'8ea1    0xa6  Code  Gb  DisplayDriver.o [1]
putPixelScan8SmallDisplay
                         0x800'8d6f   0x132  Code  Gb  DisplayDriver.o [1]
putValue                 0x800'9f1b    0x66  Code  Gb  Fonts.o [1]
pvPortMalloc             0x800'b965   0x120  Code  Gb  heap_4.o [1]
pxCurrentTCB            0x2000'719c     0x4  Data  Gb  tasks.o [1]
pxDelayedTaskList       0x2000'71a0     0x4  Data  Lc  tasks.o [1]
pxEnd                   0x2000'7184     0x4  Data  Lc  heap_4.o [1]
pxOverflowDelayedTaskList
                        0x2000'71a4     0x4  Data  Lc  tasks.o [1]
pxPortInitialiseStack    0x800'ad3d    0x28  Code  Gb  port.o [1]
pxReadyTasksLists       0x2000'6cc0   0x140  Data  Lc  tasks.o [1]
radioReceiverTask        0x800'87d7    0x1c  Code  Gb  DisplayApplication.o [1]
radioReceiverTask::inputBuffer
                        0x2000'6e00    0x50  Data  Lc  DisplayApplication.o [1]
radioReceiverTaskHandle
                        0x2000'7150     0x4  Data  Gb  DisplayApplication.o [1]
receiverTask             0x800'87f3    0x6a  Code  Gb  DisplayApplication.o [1]
receiverTask::inputBuffer
                        0x2000'6e50    0x50  Data  Lc  DisplayApplication.o [1]
receiverTaskHandle      0x2000'714c     0x4  Data  Gb  DisplayApplication.o [1]
recoverMode              0x800'802b    0x2e  Code  Gb  DisplayApplication.o [1]
remainderHigh            0x800'dcd0   0x100  Data  Gb  crc.o [1]
remainderLow             0x800'ddd0   0x100  Data  Gb  crc.o [1]
resetTheMicro            0x800'd8c3     0xa  Code  Gb  main.o [1]
round                   0x2000'7160     0x4  Data  Gb  DisplayApplication.o [1]
sGPIOInitStructure      0x2000'709c    0x18  Data  Lc  gpioapi.o [1]
scannerTask              0x800'9275    0x54  Code  Gb  DisplayDriver.o [1]
scannerTaskHandle       0x2000'716c     0x4  Data  Gb  DisplayDriver.o [1]
seconds                 0x2000'7174     0x4  Data  Gb  DisplayDriver.o [1]
secondsIn               0x2000'715c     0x4  Data  Gb  DisplayApplication.o [1]
sectorErase              0x800'92fd    0x48  Code  Gb  FlashInterface.o [1]
sectorErase::options    0x2000'702c    0x1c  Data  Lc  FlashInterface.o [1]
setMode                  0x800'8b71    0x50  Code  Gb  DisplayDriver.o [1]
setupAlternateColors     0x800'8b1f    0x26  Code  Gb  DisplayDriver.o [1]
setupColors              0x800'8af9    0x26  Code  Gb  DisplayDriver.o [1]
setupPixelPutFunction    0x800'8b45    0x2c  Code  Gb  DisplayDriver.o [1]
setupTimer               0x800'b19d    0x78  Code  Gb  TimerTools.o [1]
showData                 0x800'820f   0x174  Code  Gb  DisplayApplication.o [1]
showFrame               0x2000'7214     0x1  Data  Gb  Fonts.o [1]
showRoundAndHeat         0x800'838d    0x5e  Code  Gb  DisplayApplication.o [1]
showTimeOnly             0x800'83eb    0x70  Code  Gb  DisplayApplication.o [1]
startDisplayDriver       0x800'88d3    0x48  Code  Gb  DisplayApplication.o [1]
strcspn                  0x800'bc95    0x22  Code  Gb  strcspn.o [2]
strspn                   0x800'bc73    0x22  Code  Gb  strspn.o [2]
strtok                   0x800'a1dd    0x4c  Code  Gb  strtok.o [2]
timerToolsCompleteSema  0x2000'71dc     0x4  Data  Gb  TimerTools.o [1]
timerToolsCompleteSemaData
                        0x2000'6f84    0x48  Data  Gb  TimerTools.o [1]
timerToolsMutexSema     0x2000'71d8     0x4  Data  Gb  TimerTools.o [1]
timerToolsMutexSemaData
                        0x2000'6f3c    0x48  Data  Gb  TimerTools.o [1]
tolower                  0x800'bccb    0x14  Code  Gb  tolower.o [2]
toupper                  0x800'a375    0x14  Code  Gb  toupper.o [2]
uart1Getch               0x800'a8b1    0x1e  Code  Gb  usart1.o [1]
uart1GetchTO             0x800'a7ef    0x82  Code  Gb  usart1.o [1]
uart1Gets                0x800'a8cf    0x60  Code  Gb  usart1.o [1]
uart1Init                0x800'a751    0x9e  Code  Gb  usart1.o [1]
uart1RxBuffer           0x2000'66c0   0x200  Data  Gb  usart1.o [1]
uart1RxCount            0x2000'71e8     0x4  Data  Gb  usart1.o [1]
uart1RxReadIndex        0x2000'71e4     0x4  Data  Gb  usart1.o [1]
uart1RxSema             0x2000'71ec     0x4  Data  Gb  usart1.o [1]
uart1RxWriteIndex       0x2000'71e0     0x4  Data  Gb  usart1.o [1]
uart2Getch               0x800'a5dd    0x1e  Code  Gb  usart2.o [1]
uart2GetchTO             0x800'a51b    0x82  Code  Gb  usart2.o [1]
uart2Gets                0x800'a5fb    0x60  Code  Gb  usart2.o [1]
uart2Init                0x800'a47d    0x9e  Code  Gb  usart2.o [1]
uart2RxBuffer           0x2000'68c0   0x200  Data  Gb  usart2.o [1]
uart2RxCount            0x2000'71f8     0x4  Data  Gb  usart2.o [1]
uart2RxReadIndex        0x2000'71f4     0x4  Data  Gb  usart2.o [1]
uart2RxSema             0x2000'71fc     0x4  Data  Gb  usart2.o [1]
uart2RxWriteIndex       0x2000'71f0     0x4  Data  Gb  usart2.o [1]
uart4Getch               0x800'acbd    0x1e  Code  Gb  usart4.o [1]
uart4GetchTO             0x800'abfb    0x82  Code  Gb  usart4.o [1]
uart4Gets                0x800'acdb    0x60  Code  Gb  usart4.o [1]
uart4Init                0x800'ab5d    0x9e  Code  Gb  usart4.o [1]
uart4RxBuffer           0x2000'6ac0   0x200  Data  Gb  usart4.o [1]
uart4RxCount            0x2000'7208     0x4  Data  Gb  usart4.o [1]
uart4RxReadIndex        0x2000'7204     0x4  Data  Gb  usart4.o [1]
uart4RxSema             0x2000'720c     0x4  Data  Gb  usart4.o [1]
uart4RxWriteIndex       0x2000'7200     0x4  Data  Gb  usart4.o [1]
ucHeap                  0x2000'00c0  0x3c00  Data  Lc  heap_4.o [1]
ucMaxSysCallPriority    0x2000'7215     0x1  Data  Lc  port.o [1]
ulMaxPRIGROUPValue      0x2000'7194     0x4  Data  Lc  port.o [1]
usartInit               0x2000'7048    0x1c  Data  Lc  usart1.o [1]
usartInit               0x2000'7064    0x1c  Data  Lc  usart2.o [1]
usartInit               0x2000'7080    0x1c  Data  Lc  usart4.o [1]
uwTick                  0x2000'7198     0x4  Data  Gb  stm32f4xx_hal.o [1]
uxCriticalNesting       0x2000'006c     0x4  Data  Lc  port.o [1]
uxCurrentNumberOfTasks  0x2000'71ac     0x4  Data  Lc  tasks.o [1]
uxDeletedTasksWaitingCleanUp
                        0x2000'71a8     0x4  Data  Lc  tasks.o [1]
uxListRemove             0x800'bc4b    0x28  Code  Gb  list.o [1]
uxPendedTicks           0x2000'71bc     0x4  Data  Lc  tasks.o [1]
uxSchedulerSuspended    0x2000'71d4     0x4  Data  Lc  tasks.o [1]
uxTaskNumber            0x2000'71c8     0x4  Data  Lc  tasks.o [1]
uxTopReadyPriority      0x2000'71b4     0x4  Data  Lc  tasks.o [1]
vApplicationGetIdleTaskMemory
                         0x800'8019    0x12  Code  Gb  DisplayApplication.o [1]
vApplicationGetIdleTaskMemory::uxIdleTaskStack
                        0x2000'64c0   0x200  Data  Lc  DisplayApplication.o [1]
vApplicationGetIdleTaskMemory::xIdleTaskTCB
                        0x2000'6ef0    0x4c  Data  Lc  DisplayApplication.o [1]
vListInitialise          0x800'bbd9    0x1e  Code  Gb  list.o [1]
vListInitialiseItem      0x800'bbf7     0x6  Code  Gb  list.o [1]
vListInsert              0x800'bc15    0x36  Code  Gb  list.o [1]
vListInsertEnd           0x800'bbfd    0x18  Code  Gb  list.o [1]
vPortEnableVFP           0x800'c8d1          Code  Gb  portasm.o [1]
vPortEnterCritical       0x800'ae43    0x34  Code  Gb  port.o [1]
vPortExitCritical        0x800'ae77    0x2c  Code  Gb  port.o [1]
vPortFree                0x800'ba85    0x74  Code  Gb  heap_4.o [1]
vPortStartFirstTask      0x800'c8b9          Code  Gb  portasm.o [1]
vPortValidateInterruptPriority
                         0x800'aecd    0x4e  Code  Gb  port.o [1]
vTaskDelay               0x800'9733    0x4e  Code  Gb  tasks.o [1]
vTaskMissedYield         0x800'9bf1     0xa  Code  Gb  tasks.o [1]
vTaskPlaceOnEventList    0x800'9a8d    0x34  Code  Gb  tasks.o [1]
vTaskSetTimeOutState     0x800'9b3d    0x26  Code  Gb  tasks.o [1]
vTaskStartScheduler      0x800'9781    0x90  Code  Gb  tasks.o [1]
vTaskSuspendAll          0x800'9811     0xc  Code  Gb  tasks.o [1]
vTaskSwitchContext       0x800'9a1f    0x6e  Code  Gb  tasks.o [1]
writeFlash               0x800'9355    0x40  Code  Gb  FlashInterface.o [1]
x1Delta                  0x801'2a20    0x2c  Data  Gb  DisplayDriver.o [1]
x2Delta                  0x801'2be8    0x14  Data  Gb  DisplayDriver.o [1]
x3Delta                  0x801'29c0    0x30  Data  Gb  DisplayDriver.o [1]
x4Delta                  0x801'29f0    0x30  Data  Gb  DisplayDriver.o [1]
xBlockAllocatedBit      0x2000'7190     0x4  Data  Lc  heap_4.o [1]
xDelayedTaskList1       0x2000'70c8    0x14  Data  Lc  tasks.o [1]
xDelayedTaskList2       0x2000'70dc    0x14  Data  Lc  tasks.o [1]
xFreeBytesRemaining     0x2000'7188     0x4  Data  Lc  heap_4.o [1]
xHeapStructSize          0x801'2cb8     0x4  Data  Lc  heap_4.o [1]
xIdleTaskHandle         0x2000'71d0     0x4  Data  Lc  tasks.o [1]
xMaximum                0x2000'0040     0x4  Data  Lc  DisplayDriver.o [1]
xMaximumSmallDisplay    0x2000'0048     0x4  Data  Lc  DisplayDriver.o [1]
xMinimumEverFreeBytesRemaining
                        0x2000'718c     0x4  Data  Lc  heap_4.o [1]
xNextTaskUnblockTime    0x2000'71cc     0x4  Data  Lc  tasks.o [1]
xNumOfOverflows         0x2000'71c4     0x4  Data  Lc  tasks.o [1]
xPendingReadyList       0x2000'70f0    0x14  Data  Lc  tasks.o [1]
xPortStartScheduler      0x800'ad8f    0xb4  Code  Gb  port.o [1]
xPortSysTickHandler      0x800'aea3    0x28  Code  Gb  port.o [1]
xQueueCreateCountingSemaphore
                         0x800'bf8f    0x40  Code  Gb  queue.o [1]
xQueueGenericCreate      0x800'bf01    0x5c  Code  Gb  queue.o [1]
xQueueGenericCreateStatic
                         0x800'be41    0xc0  Code  Gb  queue.o [1]
xQueueGenericReceive     0x800'c239   0x1ac  Code  Gb  queue.o [1]
xQueueGenericReset       0x800'bdad    0x94  Code  Gb  queue.o [1]
xQueueGenericSend        0x800'bfcf   0x1a6  Code  Gb  queue.o [1]
xQueueGiveFromISR        0x800'c175    0xc4  Code  Gb  queue.o [1]
xSchedulerRunning       0x2000'71b8     0x4  Data  Lc  tasks.o [1]
xStart                  0x2000'7140     0x8  Data  Lc  heap_4.o [1]
xSuspendedTaskList      0x2000'7118    0x14  Data  Lc  tasks.o [1]
xTaskCheckForTimeOut     0x800'9b69    0x82  Code  Gb  tasks.o [1]
xTaskCreate              0x800'956b    0x72  Code  Gb  tasks.o [1]
xTaskCreateStatic        0x800'94ed    0x7e  Code  Gb  tasks.o [1]
xTaskGetSchedulerState   0x800'9d4b    0x20  Code  Gb  tasks.o [1]
xTaskGetTickCount        0x800'9905     0x8  Code  Gb  tasks.o [1]
xTaskIncrementTick       0x800'990d   0x112  Code  Gb  tasks.o [1]
xTaskRemoveFromEventList
                         0x800'9ac1    0x7c  Code  Gb  tasks.o [1]
xTaskResumeAll           0x800'981d    0xe8  Code  Gb  tasks.o [1]
xTasksWaitingTermination
                        0x2000'7104    0x14  Data  Lc  tasks.o [1]
xTickCount              0x2000'71b0     0x4  Data  Lc  tasks.o [1]
xYieldPending           0x2000'71c0     0x4  Data  Lc  tasks.o [1]
yMaximum                0x2000'0044     0x4  Data  Lc  DisplayDriver.o [1]
yMaximumSmallDisplay    0x2000'004c     0x4  Data  Lc  DisplayDriver.o [1]


[1] = C:\Work\TimerOpenSource\BigClockOS\BigDisplay2019\EWARM\BigDisplay2019\Obj
[2] = dl7M_tlf.a
[3] = m7M_tls.a
[4] = rt7M_tl.a

  24'714 bytes of readonly  code memory
  20'417 bytes of readonly  data memory
  30'228 bytes of readwrite data memory

Errors: none
Warnings: none
