###############################################################################
#
# IAR ELF Linker V8.42.1.233/W32 for ARM                  09/May/2020  13:33:56
# Copyright 2007-2019 IAR Systems AB.
#
#    Output file  =
#        C:\Work\TimerOpenSource\BigClockOS\BigDisplay2019\EWARM\BigDisplay2019\Exe\BigDisplay2019.out
#    Map file     =
#        C:\Work\TimerOpenSource\BigClockOS\BigDisplay2019\EWARM\BigDisplay2019\List\BigDisplay2019.map
#    Command line =
#        -f C:\Users\CHARLE~1\AppData\Local\Temp\EW8D6E.tmp
#        (C:\Work\TimerOpenSource\BigClockOS\BigDisplay2019\EWARM\BigDisplay2019\Obj\cmsis_os.o
#        C:\Work\TimerOpenSource\BigClockOS\BigDisplay2019\EWARM\BigDisplay2019\Obj\crc.o
#        C:\Work\TimerOpenSource\BigClockOS\BigDisplay2019\EWARM\BigDisplay2019\Obj\croutine.o
#        C:\Work\TimerOpenSource\BigClockOS\BigDisplay2019\EWARM\BigDisplay2019\Obj\DisplayApplication.o
#        C:\Work\TimerOpenSource\BigClockOS\BigDisplay2019\EWARM\BigDisplay2019\Obj\DisplayDriver.o
#        C:\Work\TimerOpenSource\BigClockOS\BigDisplay2019\EWARM\BigDisplay2019\Obj\event_groups.o
#        C:\Work\TimerOpenSource\BigClockOS\BigDisplay2019\EWARM\BigDisplay2019\Obj\FlashInterface.o
#        C:\Work\TimerOpenSource\BigClockOS\BigDisplay2019\EWARM\BigDisplay2019\Obj\Fonts.o
#        C:\Work\TimerOpenSource\BigClockOS\BigDisplay2019\EWARM\BigDisplay2019\Obj\gpio.o
#        C:\Work\TimerOpenSource\BigClockOS\BigDisplay2019\EWARM\BigDisplay2019\Obj\gpioapi.o
#        C:\Work\TimerOpenSource\BigClockOS\BigDisplay2019\EWARM\BigDisplay2019\Obj\heap_4.o
#        C:\Work\TimerOpenSource\BigClockOS\BigDisplay2019\EWARM\BigDisplay2019\Obj\list.o
#        C:\Work\TimerOpenSource\BigClockOS\BigDisplay2019\EWARM\BigDisplay2019\Obj\main.o
#        C:\Work\TimerOpenSource\BigClockOS\BigDisplay2019\EWARM\BigDisplay2019\Obj\port.o
#        C:\Work\TimerOpenSource\BigClockOS\BigDisplay2019\EWARM\BigDisplay2019\Obj\portasm.o
#        C:\Work\TimerOpenSource\BigClockOS\BigDisplay2019\EWARM\BigDisplay2019\Obj\queue.o
#        C:\Work\TimerOpenSource\BigClockOS\BigDisplay2019\EWARM\BigDisplay2019\Obj\startup_stm32f446xx.o
#        C:\Work\TimerOpenSource\BigClockOS\BigDisplay2019\EWARM\BigDisplay2019\Obj\stm32f4xx_hal.o
#        C:\Work\TimerOpenSource\BigClockOS\BigDisplay2019\EWARM\BigDisplay2019\Obj\stm32f4xx_hal_cortex.o
#        C:\Work\TimerOpenSource\BigClockOS\BigDisplay2019\EWARM\BigDisplay2019\Obj\stm32f4xx_hal_dma.o
#        C:\Work\TimerOpenSource\BigClockOS\BigDisplay2019\EWARM\BigDisplay2019\Obj\stm32f4xx_hal_dma_ex.o
#        C:\Work\TimerOpenSource\BigClockOS\BigDisplay2019\EWARM\BigDisplay2019\Obj\stm32f4xx_hal_flash.o
#        C:\Work\TimerOpenSource\BigClockOS\BigDisplay2019\EWARM\BigDisplay2019\Obj\stm32f4xx_hal_flash_ex.o
#        C:\Work\TimerOpenSource\BigClockOS\BigDisplay2019\EWARM\BigDisplay2019\Obj\stm32f4xx_hal_flash_ramfunc.o
#        C:\Work\TimerOpenSource\BigClockOS\BigDisplay2019\EWARM\BigDisplay2019\Obj\stm32f4xx_hal_gpio.o
#        C:\Work\TimerOpenSource\BigClockOS\BigDisplay2019\EWARM\BigDisplay2019\Obj\stm32f4xx_hal_msp.o
#        C:\Work\TimerOpenSource\BigClockOS\BigDisplay2019\EWARM\BigDisplay2019\Obj\stm32f4xx_hal_pwr.o
#        C:\Work\TimerOpenSource\BigClockOS\BigDisplay2019\EWARM\BigDisplay2019\Obj\stm32f4xx_hal_pwr_ex.o
#        C:\Work\TimerOpenSource\BigClockOS\BigDisplay2019\EWARM\BigDisplay2019\Obj\stm32f4xx_hal_rcc.o
#        C:\Work\TimerOpenSource\BigClockOS\BigDisplay2019\EWARM\BigDisplay2019\Obj\stm32f4xx_hal_rcc_ex.o
#        C:\Work\TimerOpenSource\BigClockOS\BigDisplay2019\EWARM\BigDisplay2019\Obj\stm32f4xx_hal_tim.o
#        C:\Work\TimerOpenSource\BigClockOS\BigDisplay2019\EWARM\BigDisplay2019\Obj\stm32f4xx_hal_tim_ex.o
#        C:\Work\TimerOpenSource\BigClockOS\BigDisplay2019\EWARM\BigDisplay2019\Obj\stm32f4xx_hal_uart.o
#        C:\Work\TimerOpenSource\BigClockOS\BigDisplay2019\EWARM\BigDisplay2019\Obj\stm32f4xx_it.o
#        C:\Work\TimerOpenSource\BigClockOS\BigDisplay2019\EWARM\BigDisplay2019\Obj\stm32f4xx_ll_gpio.o
#        C:\Work\TimerOpenSource\BigClockOS\BigDisplay2019\EWARM\BigDisplay2019\Obj\stm32f4xx_ll_rcc.o
#        C:\Work\TimerOpenSource\BigClockOS\BigDisplay2019\EWARM\BigDisplay2019\Obj\stm32f4xx_ll_tim.o
#        C:\Work\TimerOpenSource\BigClockOS\BigDisplay2019\EWARM\BigDisplay2019\Obj\stm32f4xx_ll_usart.o
#        C:\Work\TimerOpenSource\BigClockOS\BigDisplay2019\EWARM\BigDisplay2019\Obj\system_stm32f4xx.o
#        C:\Work\TimerOpenSource\BigClockOS\BigDisplay2019\EWARM\BigDisplay2019\Obj\tasks.o
#        C:\Work\TimerOpenSource\BigClockOS\BigDisplay2019\EWARM\BigDisplay2019\Obj\timers.o
#        C:\Work\TimerOpenSource\BigClockOS\BigDisplay2019\EWARM\BigDisplay2019\Obj\TimerTools.o
#        C:\Work\TimerOpenSource\BigClockOS\BigDisplay2019\EWARM\BigDisplay2019\Obj\usart1.o
#        C:\Work\TimerOpenSource\BigClockOS\BigDisplay2019\EWARM\BigDisplay2019\Obj\usart2.o
#        C:\Work\TimerOpenSource\BigClockOS\BigDisplay2019\EWARM\BigDisplay2019\Obj\usart4.o
#        --redirect _Printf=_PrintfFull --redirect _Scanf=_ScanfFull
#        --no_out_extension -o
#        C:\Work\TimerOpenSource\BigClockOS\BigDisplay2019\EWARM\BigDisplay2019\Exe\BigDisplay2019.out
#        --map
#        C:\Work\TimerOpenSource\BigClockOS\BigDisplay2019\EWARM\BigDisplay2019\List\BigDisplay2019.map
#        --config
#        C:\Work\TimerOpenSource\BigClockOS\BigDisplay2019\EWARM/stm32f446xx_flash.icf
#        --entry __iar_program_start --vfe --text_out locale --no_free_heap)
#
###############################################################################

*******************************************************************************
*** RUNTIME MODEL ATTRIBUTES
***

CppFlavor       = *
__SystemLibrary = DLib
__dlib_version  = 6


*******************************************************************************
*** HEAP SELECTION
***

The no free heap was selected because of --no_free_heap.


*******************************************************************************
*** PLACEMENT SUMMARY
***

"A0":  place at address 0x800'0000 { ro section .intvec };
"P1":  place in [from 0x800'8000 to 0x807'ffff] { ro };
define block CSTACK with size = 1K, alignment = 8 { };
define block HEAP with size = 512, alignment = 8 { };
"P2":  place in [from 0x2000'0000 to 0x2001'ffff] {
          rw, block CSTACK, block HEAP };
initialize by copy { rw };

  Section            Kind         Address      Size  Object
  -------            ----         -------      ----  ------
"A0":                                         0x1c4
  .intvec            ro code   0x800'0000     0x1c4  startup_stm32f446xx.o [1]
                             - 0x800'01c4     0x1c4

"P1":                                      0x1'0c14
  .text              ro code   0x800'8000    0x1028  DisplayDriver.o [1]
  .text              ro code   0x800'9028     0x238  port.o [1]
  .text              ro code   0x800'9260      0x66  ABImemset.o [4]
  .text              ro code   0x800'92c6      0x3a  zero_init3.o [4]
  .text              ro code   0x800'9300     0x148  gpioapi.o [1]
  .text              ro code   0x800'9448     0x324  TimerTools.o [1]
  .text              ro code   0x800'976c     0x95c  tasks.o [1]
  CODE               ro code   0x800'a0c8      0xa8  portasm.o [1]
  .text              ro code   0x800'a170     0x1bc  stm32f4xx_ll_gpio.o [1]
  .text              ro code   0x800'a32c     0x198  stm32f4xx_ll_rcc.o [1]
  .text              ro code   0x800'a4c4     0x7a4  queue.o [1]
  .text              ro code   0x800'ac68     0x388  stm32f4xx_ll_tim.o [1]
  .text              ro code   0x800'aff0     0x274  heap_4.o [1]
  .text              ro code   0x800'b264      0x9a  list.o [1]
  .rodata            const     0x800'b2fe       0x2  xlocale_c.o [2]
  .text              ro code   0x800'b300     0xbe8  DisplayApplication.o [1]
  .text              ro code   0x800'bee8      0xa6  ABImemcpy.o [4]
  .text              ro code   0x800'bf90      0xde  crc.o [1]
  .text              ro code   0x800'c070      0xa8  FlashInterface.o [1]
  .text              ro code   0x800'c118     0x5c0  Fonts.o [1]
  .text              ro code   0x800'c6d8      0x4c  strtok.o [2]
  .text              ro code   0x800'c724     0x14c  iar_Stoulx.o [2]
  .text              ro code   0x800'c870      0x14  toupper.o [2]
  .text              ro code   0x800'c884     0x2d2  usart2.o [1]
  .text              ro code   0x800'cb58     0x2d2  usart1.o [1]
  .text              ro code   0x800'ce2c      0x90  cmsis_os.o [1]
  .text              ro code   0x800'cebc     0x2d2  usart4.o [1]
  .text              ro code   0x800'd190     0x220  stm32f4xx_hal_flash.o [1]
  .text              ro code   0x800'd3b0     0x2dc  stm32f4xx_hal_flash_ex.o [1]
  .text              ro code   0x800'd68c      0x22  I64Shl.o [4]
  .text              ro code   0x800'd6ae      0x22  strspn.o [2]
  .text              ro code   0x800'd6d0      0x22  strcspn.o [2]
  .text              ro code   0x800'd6f2      0x14  isspace.o [2]
  .text              ro code   0x800'd706      0x14  tolower.o [2]
  .text              ro code   0x800'd71c      0x58  memchr.o [4]
  .text              ro code   0x800'd774      0x74  xlocale_c.o [2]
  .text              ro code   0x800'd7e8     0x2cc  stm32f4xx_ll_usart.o [1]
  .text              ro code   0x800'dab4      0x28  isprint.o [2]
  .text              ro code   0x800'dadc       0xc  stm32f4xx_hal.o [1]
  .text              ro code   0x800'dae8      0x14  isalpha.o [2]
  .text              ro code   0x800'dafc      0x14  ispunct.o [2]
  .text              ro code   0x800'db10     0x508  stm32f4xx_hal_rcc_ex.o [1]
  .text              ro code   0x800'e018     0x254  stm32f4xx_hal_gpio.o [1]
  .rodata            const     0x800'e26c     0x240  Fonts.o [1]
  .rodata            const     0x800'e4ac     0x240  Fonts.o [1]
  .rodata            const     0x800'e6ec     0x240  Fonts.o [1]
  .rodata            const     0x800'e92c     0x240  Fonts.o [1]
  .rodata            const     0x800'eb6c     0x240  Fonts.o [1]
  .rodata            const     0x800'edac     0x240  Fonts.o [1]
  .rodata            const     0x800'efec     0x240  Fonts.o [1]
  .rodata            const     0x800'f22c     0x240  Fonts.o [1]
  .rodata            const     0x800'f46c     0x240  Fonts.o [1]
  .rodata            const     0x800'f6ac      0x2c  DisplayDriver.o [1]
  .rodata            const     0x800'f6d8     0x200  Fonts.o [1]
  .rodata            const     0x800'f8d8     0x200  Fonts.o [1]
  .rodata            const     0x800'fad8     0x200  Fonts.o [1]
  .rodata            const     0x800'fcd8     0x200  Fonts.o [1]
  .rodata            const     0x800'fed8     0x200  Fonts.o [1]
  .rodata            const     0x801'00d8     0x200  Fonts.o [1]
  .rodata            const     0x801'02d8     0x200  Fonts.o [1]
  .rodata            const     0x801'04d8     0x200  Fonts.o [1]
  .rodata            const     0x801'06d8     0x200  Fonts.o [1]
  .rodata            const     0x801'08d8     0x200  Fonts.o [1]
  .rodata            const     0x801'0ad8     0x200  Fonts.o [1]
  .rodata            const     0x801'0cd8     0x200  Fonts.o [1]
  .rodata            const     0x801'0ed8     0x200  Fonts.o [1]
  .rodata            const     0x801'10d8     0x200  Fonts.o [1]
  .rodata            const     0x801'12d8     0x200  Fonts.o [1]
  .rodata            const     0x801'14d8     0x200  Fonts.o [1]
  .rodata            const     0x801'16d8     0x200  Fonts.o [1]
  .rodata            const     0x801'18d8     0x200  Fonts.o [1]
  .rodata            const     0x801'1ad8     0x200  Fonts.o [1]
  .rodata            const     0x801'1cd8     0x200  Fonts.o [1]
  .rodata            const     0x801'1ed8     0x200  Fonts.o [1]
  .rodata            const     0x801'20d8     0x200  Fonts.o [1]
  .rodata            const     0x801'22d8     0x200  Fonts.o [1]
  .rodata            const     0x801'24d8     0x200  Fonts.o [1]
  .rodata            const     0x801'26d8     0x200  Fonts.o [1]
  .rodata            const     0x801'28d8     0x200  Fonts.o [1]
  .rodata            const     0x801'2ad8     0x200  Fonts.o [1]
  .rodata            const     0x801'2cd8     0x200  Fonts.o [1]
  .rodata            const     0x801'2ed8     0x200  Fonts.o [1]
  .rodata            const     0x801'30d8     0x200  Fonts.o [1]
  .rodata            const     0x801'32d8     0x200  Fonts.o [1]
  .rodata            const     0x801'34d8     0x200  Fonts.o [1]
  .rodata            const     0x801'36d8     0x200  Fonts.o [1]
  .rodata            const     0x801'38d8     0x200  Fonts.o [1]
  .rodata            const     0x801'3ad8     0x200  Fonts.o [1]
  .rodata            const     0x801'3cd8     0x200  Fonts.o [1]
  .rodata            const     0x801'3ed8     0x200  Fonts.o [1]
  .rodata            const     0x801'40d8     0x200  Fonts.o [1]
  .rodata            const     0x801'42d8     0x200  Fonts.o [1]
  .text              ro code   0x801'44d8     0x1a4  stm32f4xx_hal_rcc.o [1]
  .text              ro code   0x801'467c      0x28  stm32f4xx_hal.o [1]
  .text              ro code   0x801'46a4     0x140  stm32f4xx_hal_cortex.o [1]
  .rodata            const     0x801'47e4     0x100  crc.o [1]
  .rodata            const     0x801'48e4     0x100  crc.o [1]
  .rodata            const     0x801'49e4     0x100  crc.o [1]
  .rodata            const     0x801'4ae4      0x24  Fonts.o [1]
  .rodata            const     0x801'4b08     0x100  Fonts.o [1]
  .rodata            const     0x801'4c08     0x100  Fonts.o [1]
  .rodata            const     0x801'4d08     0x100  Fonts.o [1]
  .rodata            const     0x801'4e08     0x100  Fonts.o [1]
  .rodata            const     0x801'4f08     0x100  Fonts.o [1]
  .rodata            const     0x801'5008     0x100  Fonts.o [1]
  .rodata            const     0x801'5108     0x100  Fonts.o [1]
  .rodata            const     0x801'5208     0x100  Fonts.o [1]
  .rodata            const     0x801'5308     0x100  Fonts.o [1]
  .rodata            const     0x801'5408     0x100  Fonts.o [1]
  .rodata            const     0x801'5508     0x100  Fonts.o [1]
  .rodata            const     0x801'5608     0x100  Fonts.o [1]
  .rodata            const     0x801'5708     0x100  Fonts.o [1]
  .rodata            const     0x801'5808     0x100  Fonts.o [1]
  .rodata            const     0x801'5908     0x100  Fonts.o [1]
  .rodata            const     0x801'5a08     0x100  Fonts.o [1]
  .rodata            const     0x801'5b08     0x100  Fonts.o [1]
  .rodata            const     0x801'5c08     0x100  Fonts.o [1]
  .rodata            const     0x801'5d08     0x100  Fonts.o [1]
  .rodata            const     0x801'5e08     0x100  Fonts.o [1]
  .rodata            const     0x801'5f08     0x100  Fonts.o [1]
  .rodata            const     0x801'6008     0x100  Fonts.o [1]
  .rodata            const     0x801'6108     0x100  Fonts.o [1]
  .rodata            const     0x801'6208     0x100  Fonts.o [1]
  .rodata            const     0x801'6308     0x100  Fonts.o [1]
  .rodata            const     0x801'6408     0x100  Fonts.o [1]
  .rodata            const     0x801'6508     0x100  Fonts.o [1]
  .rodata            const     0x801'6608     0x100  Fonts.o [1]
  .rodata            const     0x801'6708     0x100  Fonts.o [1]
  .rodata            const     0x801'6808     0x100  Fonts.o [1]
  .rodata            const     0x801'6908     0x100  Fonts.o [1]
  .rodata            const     0x801'6a08     0x100  Fonts.o [1]
  .rodata            const     0x801'6b08     0x100  Fonts.o [1]
  .rodata            const     0x801'6c08     0x100  Fonts.o [1]
  .rodata            const     0x801'6d08     0x100  Fonts.o [1]
  .rodata            const     0x801'6e08     0x100  Fonts.o [1]
  .text              ro code   0x801'6f08      0xf6  main.o [1]
  .text              ro code   0x801'7000      0x90  stm32f4xx_hal_pwr_ex.o [1]
  .text              ro code   0x801'7090      0x34  stm32f4xx_hal.o [1]
  .text              ro code   0x801'70c4      0xe0  gpio.o [1]
  .text              ro code   0x801'71a4      0x5e  stm32f4xx_hal_msp.o [1]
  .rodata            const     0x801'7204      0x80  Fonts.o [1]
  .rodata            const     0x801'7284      0x80  Fonts.o [1]
  .rodata            const     0x801'7304      0x80  Fonts.o [1]
  .rodata            const     0x801'7384      0x80  Fonts.o [1]
  .rodata            const     0x801'7404      0x80  Fonts.o [1]
  .rodata            const     0x801'7484      0x80  Fonts.o [1]
  .rodata            const     0x801'7504      0x80  Fonts.o [1]
  .rodata            const     0x801'7584      0x80  Fonts.o [1]
  .rodata            const     0x801'7604      0x80  Fonts.o [1]
  .rodata            const     0x801'7684      0x80  Fonts.o [1]
  .rodata            const     0x801'7704      0x80  Fonts.o [1]
  .rodata            const     0x801'7784      0x80  Fonts.o [1]
  .rodata            const     0x801'7804      0x80  Fonts.o [1]
  .rodata            const     0x801'7884      0x80  Fonts.o [1]
  .rodata            const     0x801'7904      0x80  Fonts.o [1]
  .rodata            const     0x801'7984      0x80  Fonts.o [1]
  .rodata            const     0x801'7a04      0x80  Fonts.o [1]
  .rodata            const     0x801'7a84      0x80  Fonts.o [1]
  .rodata            const     0x801'7b04      0x80  Fonts.o [1]
  .rodata            const     0x801'7b84      0x80  Fonts.o [1]
  .rodata            const     0x801'7c04      0x80  Fonts.o [1]
  .rodata            const     0x801'7c84      0x80  Fonts.o [1]
  .rodata            const     0x801'7d04      0x80  Fonts.o [1]
  .rodata            const     0x801'7d84      0x80  Fonts.o [1]
  .rodata            const     0x801'7e04      0x80  Fonts.o [1]
  .rodata            const     0x801'7e84      0x80  Fonts.o [1]
  .rodata            const     0x801'7f04      0x80  Fonts.o [1]
  .rodata            const     0x801'7f84      0x80  Fonts.o [1]
  .rodata            const     0x801'8004      0x80  Fonts.o [1]
  .rodata            const     0x801'8084      0x80  Fonts.o [1]
  .rodata            const     0x801'8104      0x80  Fonts.o [1]
  .rodata            const     0x801'8184      0x80  Fonts.o [1]
  .rodata            const     0x801'8204      0x80  Fonts.o [1]
  .rodata            const     0x801'8284      0x80  Fonts.o [1]
  .rodata            const     0x801'8304      0x80  Fonts.o [1]
  .rodata            const     0x801'8384      0x80  Fonts.o [1]
  .rodata            const     0x801'8404      0x78  TimerTools.o [1]
  .text              ro code   0x801'847c      0x78  lz77_init_single.o [4]
  .rodata            const     0x801'84f4      0x68  Fonts.o [1]
  .rodata            const     0x801'855c      0x68  Fonts.o [1]
  .rodata            const     0x801'85c4      0x68  Fonts.o [1]
  .text              ro code   0x801'862c      0x60  system_stm32f4xx.o [1]
  .rodata            const     0x801'868c      0x50  iar_Stoulx.o [2]
  .rodata            const     0x801'86dc      0x40  main.o [1]
  .rodata            const     0x801'871c      0x30  DisplayDriver.o [1]
  .rodata            const     0x801'874c      0x30  DisplayDriver.o [1]
  .rodata            const     0x801'877c      0x28  Fonts.o [1]
  .rodata            const     0x801'87a4      0x28  Fonts.o [1]
  .rodata            const     0x801'87cc      0x28  Fonts.o [1]
  .text              ro code   0x801'87f4      0x28  data_init.o [4]
  .rodata            const     0x801'881c      0x24  Fonts.o [1]
  .text              ro code   0x801'8840      0x22  fpinit_M.o [3]
  .iar.init_table    const     0x801'8864      0x20  - Linker created -
  .text              ro code   0x801'8884      0x1e  cmain.o [4]
  .text              ro code   0x801'88a2       0x4  low_level_init.o [2]
  .text              ro code   0x801'88a6       0x4  exit.o [2]
  .text              ro code   0x801'88ac       0xa  cexit.o [4]
  .text              ro code   0x801'88b8       0xc  XXexit.o [4]
  .rodata            const     0x801'88c4      0x1c  DisplayApplication.o [1]
  .rodata            const     0x801'88e0      0x1c  DisplayApplication.o [1]
  .rodata            const     0x801'88fc      0x1c  DisplayApplication.o [1]
  .rodata            const     0x801'8918      0x1c  DisplayApplication.o [1]
  .rodata            const     0x801'8934      0x1c  DisplayApplication.o [1]
  .rodata            const     0x801'8950      0x14  DisplayApplication.o [1]
  .rodata            const     0x801'8964      0x14  DisplayDriver.o [1]
  .rodata            const     0x801'8978      0x10  DisplayApplication.o [1]
  .rodata            const     0x801'8988      0x10  system_stm32f4xx.o [1]
  .text              ro code   0x801'8998      0x10  startup_stm32f446xx.o [1]
  .text              ro code   0x801'89a8      0x10  stm32f4xx_hal.o [1]
  .rodata            const     0x801'89b8       0xc  DisplayApplication.o [1]
  .rodata            const     0x801'89c4       0xc  DisplayApplication.o [1]
  .rodata            const     0x801'89d0       0xc  DisplayApplication.o [1]
  .text              ro code   0x801'89dc       0xc  stm32f4xx_it.o [1]
  .text              ro code   0x801'89e8       0xc  cstartup_M.o [4]
  .rodata            const     0x801'89f4       0x8  system_stm32f4xx.o [1]
  .rodata            const     0x801'89fc       0x8  tasks.o [1]
  .rodata            const     0x801'8a04       0x8  TimerTools.o [1]
  .rodata            const     0x801'8a0c       0x8  TimerTools.o [1]
  .rodata            const     0x801'8a14       0x8  TimerTools.o [1]
  .rodata            const     0x801'8a1c       0x4  heap_4.o [1]
  .rodata            const     0x801'8a20       0x4  port.o [1]
  .text              ro code   0x801'8a24       0x4  startup_stm32f446xx.o [1]
  .text              ro code   0x801'8a28       0x4  startup_stm32f446xx.o [1]
  .text              ro code   0x801'8a2c       0x4  startup_stm32f446xx.o [1]
  .text              ro code   0x801'8a30       0x4  startup_stm32f446xx.o [1]
  .text              ro code   0x801'8a34       0x4  startup_stm32f446xx.o [1]
  .text              ro code   0x801'8a38       0x4  startup_stm32f446xx.o [1]
  .text              ro code   0x801'8a3c       0x4  startup_stm32f446xx.o [1]
  .text              ro code   0x801'8a40       0x4  startup_stm32f446xx.o [1]
  .text              ro code   0x801'8a44       0x4  startup_stm32f446xx.o [1]
  .text              ro code   0x801'8a48       0x4  startup_stm32f446xx.o [1]
  .text              ro code   0x801'8a4c       0x4  startup_stm32f446xx.o [1]
  .text              ro code   0x801'8a50       0x4  startup_stm32f446xx.o [1]
  .text              ro code   0x801'8a54       0x4  startup_stm32f446xx.o [1]
  .text              ro code   0x801'8a58       0x4  startup_stm32f446xx.o [1]
  .text              ro code   0x801'8a5c       0x4  startup_stm32f446xx.o [1]
  .text              ro code   0x801'8a60       0x4  startup_stm32f446xx.o [1]
  .text              ro code   0x801'8a64       0x4  startup_stm32f446xx.o [1]
  .text              ro code   0x801'8a68       0x4  startup_stm32f446xx.o [1]
  .text              ro code   0x801'8a6c       0x4  startup_stm32f446xx.o [1]
  .text              ro code   0x801'8a70       0x4  startup_stm32f446xx.o [1]
  .text              ro code   0x801'8a74       0x4  startup_stm32f446xx.o [1]
  .text              ro code   0x801'8a78       0x4  startup_stm32f446xx.o [1]
  .text              ro code   0x801'8a7c       0x4  startup_stm32f446xx.o [1]
  .text              ro code   0x801'8a80       0x4  startup_stm32f446xx.o [1]
  .text              ro code   0x801'8a84       0x4  startup_stm32f446xx.o [1]
  .text              ro code   0x801'8a88       0x4  startup_stm32f446xx.o [1]
  .text              ro code   0x801'8a8c       0x4  startup_stm32f446xx.o [1]
  .text              ro code   0x801'8a90       0x4  startup_stm32f446xx.o [1]
  .text              ro code   0x801'8a94       0x4  startup_stm32f446xx.o [1]
  .text              ro code   0x801'8a98       0x4  startup_stm32f446xx.o [1]
  .text              ro code   0x801'8a9c       0x4  startup_stm32f446xx.o [1]
  .text              ro code   0x801'8aa0       0x4  startup_stm32f446xx.o [1]
  .text              ro code   0x801'8aa4       0x4  startup_stm32f446xx.o [1]
  .text              ro code   0x801'8aa8       0x4  startup_stm32f446xx.o [1]
  .text              ro code   0x801'8aac       0x4  startup_stm32f446xx.o [1]
  .text              ro code   0x801'8ab0       0x4  startup_stm32f446xx.o [1]
  .text              ro code   0x801'8ab4       0x4  startup_stm32f446xx.o [1]
  .text              ro code   0x801'8ab8       0x4  startup_stm32f446xx.o [1]
  .text              ro code   0x801'8abc       0x4  startup_stm32f446xx.o [1]
  .text              ro code   0x801'8ac0       0x4  startup_stm32f446xx.o [1]
  .text              ro code   0x801'8ac4       0x4  startup_stm32f446xx.o [1]
  .text              ro code   0x801'8ac8       0x4  startup_stm32f446xx.o [1]
  .text              ro code   0x801'8acc       0x4  startup_stm32f446xx.o [1]
  .text              ro code   0x801'8ad0       0x4  startup_stm32f446xx.o [1]
  .text              ro code   0x801'8ad4       0x4  startup_stm32f446xx.o [1]
  .text              ro code   0x801'8ad8       0x4  startup_stm32f446xx.o [1]
  .text              ro code   0x801'8adc       0x4  startup_stm32f446xx.o [1]
  .text              ro code   0x801'8ae0       0x4  startup_stm32f446xx.o [1]
  .text              ro code   0x801'8ae4       0x4  startup_stm32f446xx.o [1]
  .text              ro code   0x801'8ae8       0x4  startup_stm32f446xx.o [1]
  .text              ro code   0x801'8aec       0x4  startup_stm32f446xx.o [1]
  .text              ro code   0x801'8af0       0x4  startup_stm32f446xx.o [1]
  .text              ro code   0x801'8af4       0x4  startup_stm32f446xx.o [1]
  .text              ro code   0x801'8af8       0x4  startup_stm32f446xx.o [1]
  .text              ro code   0x801'8afc       0x4  startup_stm32f446xx.o [1]
  .text              ro code   0x801'8b00       0x4  startup_stm32f446xx.o [1]
  .text              ro code   0x801'8b04       0x4  startup_stm32f446xx.o [1]
  .text              ro code   0x801'8b08       0x4  startup_stm32f446xx.o [1]
  .text              ro code   0x801'8b0c       0x4  startup_stm32f446xx.o [1]
  .text              ro code   0x801'8b10       0x4  startup_stm32f446xx.o [1]
  .text              ro code   0x801'8b14       0x4  startup_stm32f446xx.o [1]
  .text              ro code   0x801'8b18       0x4  startup_stm32f446xx.o [1]
  .text              ro code   0x801'8b1c       0x4  startup_stm32f446xx.o [1]
  .text              ro code   0x801'8b20       0x4  startup_stm32f446xx.o [1]
  .text              ro code   0x801'8b24       0x4  startup_stm32f446xx.o [1]
  .text              ro code   0x801'8b28       0x4  startup_stm32f446xx.o [1]
  .text              ro code   0x801'8b2c       0x4  startup_stm32f446xx.o [1]
  .text              ro code   0x801'8b30       0x4  startup_stm32f446xx.o [1]
  .text              ro code   0x801'8b34       0x4  startup_stm32f446xx.o [1]
  .text              ro code   0x801'8b38       0x4  startup_stm32f446xx.o [1]
  .text              ro code   0x801'8b3c       0x4  startup_stm32f446xx.o [1]
  .text              ro code   0x801'8b40       0x4  startup_stm32f446xx.o [1]
  .text              ro code   0x801'8b44       0x4  startup_stm32f446xx.o [1]
  .text              ro code   0x801'8b48       0x4  startup_stm32f446xx.o [1]
  .text              ro code   0x801'8b4c       0x4  startup_stm32f446xx.o [1]
  .text              ro code   0x801'8b50       0x4  startup_stm32f446xx.o [1]
  .text              ro code   0x801'8b54       0x4  startup_stm32f446xx.o [1]
  .text              ro code   0x801'8b58       0x4  startup_stm32f446xx.o [1]
  .text              ro code   0x801'8b5c       0x4  startup_stm32f446xx.o [1]
  .text              ro code   0x801'8b60       0x4  startup_stm32f446xx.o [1]
  .text              ro code   0x801'8b64       0x4  startup_stm32f446xx.o [1]
  .text              ro code   0x801'8b68       0x4  startup_stm32f446xx.o [1]
  .text              ro code   0x801'8b6c       0x4  startup_stm32f446xx.o [1]
  .text              ro code   0x801'8b70       0x4  startup_stm32f446xx.o [1]
  .text              ro code   0x801'8b74       0x4  startup_stm32f446xx.o [1]
  .text              ro code   0x801'8b78       0x4  startup_stm32f446xx.o [1]
  .text              ro code   0x801'8b7c       0x4  startup_stm32f446xx.o [1]
  .text              ro code   0x801'8b80       0x4  startup_stm32f446xx.o [1]
  .rodata            const     0x801'8b84       0x0  zero_init3.o [4]
  .rodata            const     0x801'8b84       0x0  lz77_init_single.o [4]
  Initializer bytes  const     0x801'8b84      0x90  <for P2-1>
                             - 0x801'8c14  0x1'0c14

"P2", part 1 of 3:                            0x106
  P2-1                        0x2000'0000     0x106  <Init block>
    .data            inited   0x2000'0000       0x4  DisplayDriver.o [1]
    .data            inited   0x2000'0004       0x8  DisplayDriver.o [1]
    .data            inited   0x2000'000c      0x60  DisplayDriver.o [1]
    .data            inited   0x2000'006c       0x4  DisplayDriver.o [1]
    .data            inited   0x2000'0070       0x4  DisplayDriver.o [1]
    .data            inited   0x2000'0074       0x4  DisplayDriver.o [1]
    .data            inited   0x2000'0078       0x4  DisplayDriver.o [1]
    .data            inited   0x2000'007c       0x4  DisplayDriver.o [1]
    .data            inited   0x2000'0080       0x4  DisplayDriver.o [1]
    .data            inited   0x2000'0084      0x14  Fonts.o [1]
    .data            inited   0x2000'0098      0x1c  Fonts.o [1]
    .data            inited   0x2000'00b4       0x4  port.o [1]
    .data            inited   0x2000'00b8       0x4  system_stm32f4xx.o [1]
    .data            inited   0x2000'00bc      0x48  xlocale_c.o [2]
    .data            inited   0x2000'0104       0x1  Fonts.o [1]
    .data            inited   0x2000'0105       0x1  Fonts.o [1]
                            - 0x2000'0106     0x106

"P2", part 2 of 3:                           0x7158
  .bss               zero     0x2000'0108    0x3c00  heap_4.o [1]
  .bss               zero     0x2000'3d08    0x2800  DisplayDriver.o [1]
  .bss               zero     0x2000'6508     0x200  DisplayApplication.o [1]
  .bss               zero     0x2000'6708     0x200  usart1.o [1]
  .bss               zero     0x2000'6908     0x200  usart2.o [1]
  .bss               zero     0x2000'6b08     0x200  usart4.o [1]
  .bss               zero     0x2000'6d08     0x140  tasks.o [1]
  .bss               zero     0x2000'6e48      0x50  DisplayApplication.o [1]
  .bss               zero     0x2000'6e98      0x50  DisplayApplication.o [1]
  .bss               zero     0x2000'6ee8      0x50  DisplayApplication.o [1]
  .bss               zero     0x2000'6f38      0x4c  DisplayApplication.o [1]
  .bss               zero     0x2000'6f84      0x48  TimerTools.o [1]
  .bss               zero     0x2000'6fcc      0x48  TimerTools.o [1]
  .bss               zero     0x2000'7014      0x20  Fonts.o [1]
  .bss               zero     0x2000'7034      0x20  stm32f4xx_hal_flash.o [1]
  .bss               zero     0x2000'7054      0x20  TimerTools.o [1]
  .bss               zero     0x2000'7074      0x1c  FlashInterface.o [1]
  .bss               zero     0x2000'7090      0x1c  usart1.o [1]
  .bss               zero     0x2000'70ac      0x1c  usart2.o [1]
  .bss               zero     0x2000'70c8      0x1c  usart4.o [1]
  .bss               zero     0x2000'70e4      0x18  gpioapi.o [1]
  .bss               zero     0x2000'70fc      0x14  FlashInterface.o [1]
  .bss               zero     0x2000'7110      0x14  tasks.o [1]
  .bss               zero     0x2000'7124      0x14  tasks.o [1]
  .bss               zero     0x2000'7138      0x14  tasks.o [1]
  .bss               zero     0x2000'714c      0x14  tasks.o [1]
  .bss               zero     0x2000'7160      0x14  tasks.o [1]
  .bss               zero     0x2000'7174      0x14  TimerTools.o [1]
  .bss               zero     0x2000'7188       0x8  heap_4.o [1]
  .bss               zero     0x2000'7190       0x4  DisplayApplication.o [1]
  .bss               zero     0x2000'7194       0x4  DisplayApplication.o [1]
  .bss               zero     0x2000'7198       0x4  DisplayApplication.o [1]
  .bss               zero     0x2000'719c       0x4  DisplayApplication.o [1]
  .bss               zero     0x2000'71a0       0x4  DisplayApplication.o [1]
  .bss               zero     0x2000'71a4       0x4  DisplayApplication.o [1]
  .bss               zero     0x2000'71a8       0x4  DisplayApplication.o [1]
  .bss               zero     0x2000'71ac       0x4  DisplayApplication.o [1]
  .bss               zero     0x2000'71b0       0x4  DisplayApplication.o [1]
  .bss               zero     0x2000'71b4       0x4  DisplayDriver.o [1]
  .bss               zero     0x2000'71b8       0x4  DisplayDriver.o [1]
  .bss               zero     0x2000'71bc       0x4  DisplayDriver.o [1]
  .bss               zero     0x2000'71c0       0x4  DisplayDriver.o [1]
  .bss               zero     0x2000'71c4       0x4  DisplayDriver.o [1]
  .bss               zero     0x2000'71c8       0x4  FlashInterface.o [1]
  .bss               zero     0x2000'71cc       0x4  heap_4.o [1]
  .bss               zero     0x2000'71d0       0x4  heap_4.o [1]
  .bss               zero     0x2000'71d4       0x4  heap_4.o [1]
  .bss               zero     0x2000'71d8       0x4  heap_4.o [1]
  .bss               zero     0x2000'71dc       0x4  port.o [1]
  .bss               zero     0x2000'71e0       0x4  stm32f4xx_hal.o [1]
  .bss               zero     0x2000'71e4       0x4  tasks.o [1]
  .bss               zero     0x2000'71e8       0x4  tasks.o [1]
  .bss               zero     0x2000'71ec       0x4  tasks.o [1]
  .bss               zero     0x2000'71f0       0x4  tasks.o [1]
  .bss               zero     0x2000'71f4       0x4  tasks.o [1]
  .bss               zero     0x2000'71f8       0x4  tasks.o [1]
  .bss               zero     0x2000'71fc       0x4  tasks.o [1]
  .bss               zero     0x2000'7200       0x4  tasks.o [1]
  .bss               zero     0x2000'7204       0x4  tasks.o [1]
  .bss               zero     0x2000'7208       0x4  tasks.o [1]
  .bss               zero     0x2000'720c       0x4  tasks.o [1]
  .bss               zero     0x2000'7210       0x4  tasks.o [1]
  .bss               zero     0x2000'7214       0x4  tasks.o [1]
  .bss               zero     0x2000'7218       0x4  tasks.o [1]
  .bss               zero     0x2000'721c       0x4  tasks.o [1]
  .bss               zero     0x2000'7220       0x4  TimerTools.o [1]
  .bss               zero     0x2000'7224       0x4  TimerTools.o [1]
  .bss               zero     0x2000'7228       0x4  usart1.o [1]
  .bss               zero     0x2000'722c       0x4  usart1.o [1]
  .bss               zero     0x2000'7230       0x4  usart1.o [1]
  .bss               zero     0x2000'7234       0x4  usart1.o [1]
  .bss               zero     0x2000'7238       0x4  usart2.o [1]
  .bss               zero     0x2000'723c       0x4  usart2.o [1]
  .bss               zero     0x2000'7240       0x4  usart2.o [1]
  .bss               zero     0x2000'7244       0x4  usart2.o [1]
  .bss               zero     0x2000'7248       0x4  usart4.o [1]
  .bss               zero     0x2000'724c       0x4  usart4.o [1]
  .bss               zero     0x2000'7250       0x4  usart4.o [1]
  .bss               zero     0x2000'7254       0x4  usart4.o [1]
  .bss               zero     0x2000'7258       0x4  strtok.o [2]
  .bss               zero     0x2000'725c       0x1  Fonts.o [1]
  .bss               zero     0x2000'725d       0x1  port.o [1]
                            - 0x2000'725e    0x7156

"P2", part 3 of 3:                            0x400
  CSTACK                      0x2000'7260     0x400  <Block>
    CSTACK           uninit   0x2000'7260     0x400  <Block tail>
                            - 0x2000'7660     0x400

Unused ranges:

         From           To      Size
         ----           --      ----
   0x801'8c14   0x807'ffff  0x6'73ec
  0x2000'0106  0x2000'0107       0x2
  0x2000'7660  0x2001'ffff  0x1'89a0


*******************************************************************************
*** INIT TABLE
***

          Address      Size
          -------      ----
Zero (__iar_zero_init3)
    1 destination range, total size 0x7156:
          0x2000'0108  0x7156

Copy/lz77 (__iar_lz77_init_single3)
    1 source range, total size 0x90 (54% of destination):
           0x801'8b84    0x90
    1 destination range, total size 0x106:
          0x2000'0000   0x106



*******************************************************************************
*** MODULE SUMMARY
***

    Module                    ro code  ro data  rw data
    ------                    -------  -------  -------
command line/config:
    ---------------------------------------------------
    Total:

C:\Work\TimerOpenSource\BigClockOS\BigDisplay2019\EWARM\BigDisplay2019\Obj: [1]
    DisplayApplication.o        3'048      212      864
    DisplayDriver.o             4'136      232   10'392
    FlashInterface.o              168                52
    Fonts.o                     1'472   39'508       83
    TimerTools.o                  804      144      204
    cmsis_os.o                    144
    crc.o                         222      768
    gpio.o                        224
    gpioapi.o                     328                24
    heap_4.o                      628        4   15'384
    list.o                        154
    main.o                        246       64
    port.o                        568        7        9
    portasm.o                     168
    queue.o                     1'956
    startup_stm32f446xx.o         820
    stm32f4xx_hal.o               120                 4
    stm32f4xx_hal_cortex.o        320
    stm32f4xx_hal_flash.o         544                32
    stm32f4xx_hal_flash_ex.o      732
    stm32f4xx_hal_gpio.o          596
    stm32f4xx_hal_msp.o            94
    stm32f4xx_hal_pwr_ex.o        144
    stm32f4xx_hal_rcc.o           420
    stm32f4xx_hal_rcc_ex.o      1'288
    stm32f4xx_it.o                 12
    stm32f4xx_ll_gpio.o           444
    stm32f4xx_ll_rcc.o            408
    stm32f4xx_ll_tim.o            904
    stm32f4xx_ll_usart.o          716
    system_stm32f4xx.o             96       26        4
    tasks.o                     2'396        8      480
    usart1.o                      722               556
    usart2.o                      722               556
    usart4.o                      722               556
    ---------------------------------------------------
    Total:                     26'486   40'973   29'200

dl7M_tlf.a: [2]
    exit.o                          4
    iar_Stoulx.o                  332       80
    isalpha.o                      20
    isprint.o                      40
    ispunct.o                      20
    isspace.o                      20
    low_level_init.o                4
    strcspn.o                      34
    strspn.o                       34
    strtok.o                       76                 4
    tolower.o                      20
    toupper.o                      20
    xlocale_c.o                   116       41       72
    ---------------------------------------------------
    Total:                        740      121       76

m7M_tls.a: [3]
    fpinit_M.o                     34
    ---------------------------------------------------
    Total:                         34

rt7M_tl.a: [4]
    ABImemcpy.o                   166
    ABImemset.o                   102
    I64Shl.o                       34
    XXexit.o                       12
    cexit.o                        10
    cmain.o                        30
    cstartup_M.o                   12
    data_init.o                    40
    lz77_init_single.o            120
    memchr.o                       88
    zero_init3.o                   58
    ---------------------------------------------------
    Total:                        672

    Gaps                           18        4
    Linker created                          32    1'024
-------------------------------------------------------
    Grand Total:               27'950   41'130   30'300


*******************************************************************************
*** ENTRY LIST
***

Entry                       Address    Size  Type      Object
-----                       -------    ----  ----      ------
.iar.init_table$$Base    0x801'8864           --   Gb  - Linker created -
.iar.init_table$$Limit   0x801'8884           --   Gb  - Linker created -
?main                    0x801'8885          Code  Gb  cmain.o [4]
AHBPrescTable            0x801'8988    0x10  Data  Gb  system_stm32f4xx.o [1]
APBPrescTable            0x801'89f4     0x8  Data  Gb  system_stm32f4xx.o [1]
CSTACK$$Base            0x2000'7260           --   Gb  - Linker created -
CSTACK$$Limit           0x2000'7660           --   Gb  - Linker created -
EraseInitStruct         0x2000'70fc    0x14  Data  Lc  FlashInterface.o [1]
FLASH_Erase_Sector       0x800'd505    0x6a  Code  Gb  stm32f4xx_hal_flash_ex.o [1]
FLASH_FlushCaches        0x800'd625    0x50  Code  Gb  stm32f4xx_hal_flash_ex.o [1]
FLASH_MassErase          0x800'd4dd    0x28  Code  Lc  stm32f4xx_hal_flash_ex.o [1]
FLASH_OB_BOR_LevelConfig
                         0x800'd60f    0x16  Code  Lc  stm32f4xx_hal_flash_ex.o [1]
FLASH_OB_DisableWRP      0x800'd593    0x24  Code  Lc  stm32f4xx_hal_flash_ex.o [1]
FLASH_OB_EnableWRP       0x800'd56f    0x24  Code  Lc  stm32f4xx_hal_flash_ex.o [1]
FLASH_OB_RDP_LevelConfig
                         0x800'd5b7    0x1e  Code  Lc  stm32f4xx_hal_flash_ex.o [1]
FLASH_OB_UserConfig      0x800'd5d5    0x3a  Code  Lc  stm32f4xx_hal_flash_ex.o [1]
FLASH_Program_Byte       0x800'd2fd    0x1a  Code  Lc  stm32f4xx_hal_flash.o [1]
FLASH_Program_DoubleWord
                         0x800'd29b    0x26  Code  Lc  stm32f4xx_hal_flash.o [1]
FLASH_Program_HalfWord   0x800'd2df    0x1e  Code  Lc  stm32f4xx_hal_flash.o [1]
FLASH_Program_Word       0x800'd2c1    0x1e  Code  Lc  stm32f4xx_hal_flash.o [1]
FLASH_SetErrorCode       0x800'd317    0x7e  Code  Lc  stm32f4xx_hal_flash.o [1]
FLASH_WaitForLastOperation
                         0x800'd24b    0x50  Code  Gb  stm32f4xx_hal_flash.o [1]
GPIO_WriteBit            0x800'9429    0x20  Code  Gb  gpioapi.o [1]
HAL_FLASHEx_Erase        0x800'd3b1    0xac  Code  Gb  stm32f4xx_hal_flash_ex.o [1]
HAL_FLASHEx_OBProgram    0x800'd45d    0x80  Code  Gb  stm32f4xx_hal_flash_ex.o [1]
HAL_FLASH_Lock           0x800'd23d     0xe  Code  Gb  stm32f4xx_hal_flash.o [1]
HAL_FLASH_Program        0x800'd191    0x92  Code  Gb  stm32f4xx_hal_flash.o [1]
HAL_FLASH_Unlock         0x800'd223    0x1a  Code  Gb  stm32f4xx_hal_flash.o [1]
HAL_GPIO_Init            0x800'e019   0x204  Code  Gb  stm32f4xx_hal_gpio.o [1]
HAL_GPIO_WritePin        0x800'e21d    0x1a  Code  Gb  stm32f4xx_hal_gpio.o [1]
HAL_GetTick              0x800'dadd     0xc  Code  Wk  stm32f4xx_hal.o [1]
HAL_IncTick              0x801'89a9    0x10  Code  Wk  stm32f4xx_hal.o [1]
HAL_Init                 0x801'7091    0x30  Code  Gb  stm32f4xx_hal.o [1]
HAL_InitTick             0x801'467d    0x28  Code  Wk  stm32f4xx_hal.o [1]
HAL_MspInit              0x801'71a5    0x5e  Code  Gb  stm32f4xx_hal_msp.o [1]
HAL_NVIC_SetPriority     0x801'4775    0x2a  Code  Gb  stm32f4xx_hal_cortex.o [1]
HAL_NVIC_SetPriorityGrouping
                         0x801'4769     0xc  Code  Gb  stm32f4xx_hal_cortex.o [1]
HAL_PWREx_EnableOverDrive
                         0x801'7001    0x84  Code  Gb  stm32f4xx_hal_pwr_ex.o [1]
HAL_RCC_ClockConfig      0x801'44d9   0x188  Code  Gb  stm32f4xx_hal_rcc.o [1]
HAL_RCC_GetHCLKFreq      0x801'4661     0x6  Code  Gb  stm32f4xx_hal_rcc.o [1]
HAL_RCC_GetSysClockFreq
                         0x800'db11   0x11e  Code  Gb  stm32f4xx_hal_rcc_ex.o [1]
HAL_RCC_OscConfig        0x800'dc39   0x3ac  Code  Gb  stm32f4xx_hal_rcc_ex.o [1]
HAL_SYSTICK_CLKSourceConfig
                         0x801'47ab    0x1c  Code  Gb  stm32f4xx_hal_cortex.o [1]
HAL_SYSTICK_Config       0x801'479f     0xc  Code  Gb  stm32f4xx_hal_cortex.o [1]
LL_AHB1_GRP1_EnableClock
                         0x800'b301    0x18  Code  Lc  DisplayApplication.o [1]
LL_AHB1_GRP1_EnableClock
                         0x800'8001    0x18  Code  Lc  DisplayDriver.o [1]
LL_AHB1_GRP1_EnableClock
                         0x800'cb9b    0x16  Code  Lc  usart1.o [1]
LL_AHB1_GRP1_EnableClock
                         0x800'c8c7    0x16  Code  Lc  usart2.o [1]
LL_AHB1_GRP1_EnableClock
                         0x800'ceff    0x16  Code  Lc  usart4.o [1]
LL_AHB2_GRP1_EnableClock
                         0x800'8019    0x18  Code  Lc  DisplayDriver.o [1]
LL_APB1_GRP1_EnableClock
                         0x800'948b    0x16  Code  Lc  TimerTools.o [1]
LL_APB1_GRP1_EnableClock
                         0x800'c8dd    0x16  Code  Lc  usart2.o [1]
LL_APB1_GRP1_EnableClock
                         0x800'cf15    0x16  Code  Lc  usart4.o [1]
LL_APB1_GRP1_ForceReset
                         0x800'd921     0xa  Code  Lc  stm32f4xx_ll_usart.o [1]
LL_APB1_GRP1_ReleaseReset
                         0x800'd92b     0xa  Code  Lc  stm32f4xx_ll_usart.o [1]
LL_APB2_GRP1_EnableClock
                         0x800'94a1    0x16  Code  Lc  TimerTools.o [1]
LL_APB2_GRP1_EnableClock
                         0x800'cbb1    0x16  Code  Lc  usart1.o [1]
LL_APB2_GRP1_ForceReset
                         0x800'd935     0xa  Code  Lc  stm32f4xx_ll_usart.o [1]
LL_APB2_GRP1_ReleaseReset
                         0x800'd93f     0xa  Code  Lc  stm32f4xx_ll_usart.o [1]
LL_GPIO_Init             0x800'a28f    0x9e  Code  Gb  stm32f4xx_ll_gpio.o [1]
LL_GPIO_ResetOutputPin   0x800'9375     0x6  Code  Lc  gpioapi.o [1]
LL_GPIO_SetAFPin_0_7     0x800'9301    0x34  Code  Lc  gpioapi.o [1]
LL_GPIO_SetAFPin_0_7     0x800'a21f    0x34  Code  Lc  stm32f4xx_ll_gpio.o [1]
LL_GPIO_SetAFPin_8_15    0x800'9335    0x3c  Code  Lc  gpioapi.o [1]
LL_GPIO_SetAFPin_8_15    0x800'a253    0x3c  Code  Lc  stm32f4xx_ll_gpio.o [1]
LL_GPIO_SetOutputPin     0x800'9371     0x4  Code  Lc  gpioapi.o [1]
LL_GPIO_SetPinMode       0x800'a171    0x34  Code  Lc  stm32f4xx_ll_gpio.o [1]
LL_GPIO_SetPinOutputType
                         0x800'a1a5    0x12  Code  Lc  stm32f4xx_ll_gpio.o [1]
LL_GPIO_SetPinPull       0x800'a1eb    0x34  Code  Lc  stm32f4xx_ll_gpio.o [1]
LL_GPIO_SetPinSpeed      0x800'a1b7    0x34  Code  Lc  stm32f4xx_ll_gpio.o [1]
LL_RCC_GetAHBPrescaler   0x800'a339     0xc  Code  Lc  stm32f4xx_ll_rcc.o [1]
LL_RCC_GetAPB1Prescaler
                         0x800'a345     0xc  Code  Lc  stm32f4xx_ll_rcc.o [1]
LL_RCC_GetAPB2Prescaler
                         0x800'a351     0xc  Code  Lc  stm32f4xx_ll_rcc.o [1]
LL_RCC_GetSysClkSource   0x800'a32d     0xc  Code  Lc  stm32f4xx_ll_rcc.o [1]
LL_RCC_GetSystemClocksFreq
                         0x800'a399    0x24  Code  Gb  stm32f4xx_ll_rcc.o [1]
LL_RCC_PLL_GetDivider    0x800'a38d     0xc  Code  Lc  stm32f4xx_ll_rcc.o [1]
LL_RCC_PLL_GetMainSource
                         0x800'a381     0xc  Code  Lc  stm32f4xx_ll_rcc.o [1]
LL_RCC_PLL_GetN          0x800'a35d     0xc  Code  Lc  stm32f4xx_ll_rcc.o [1]
LL_RCC_PLL_GetP          0x800'a369     0xc  Code  Lc  stm32f4xx_ll_rcc.o [1]
LL_RCC_PLL_GetR          0x800'a375     0xc  Code  Lc  stm32f4xx_ll_rcc.o [1]
LL_TIM_ClearFlag_CC1     0x800'952f     0x8  Code  Lc  TimerTools.o [1]
LL_TIM_DisableCounter    0x800'94c1     0xa  Code  Lc  TimerTools.o [1]
LL_TIM_EnableCounter     0x800'94b7     0xa  Code  Lc  TimerTools.o [1]
LL_TIM_EnableIT_CC1      0x800'9541     0xa  Code  Lc  TimerTools.o [1]
LL_TIM_GenerateEvent_UPDATE
                         0x800'ac85     0xa  Code  Lc  stm32f4xx_ll_tim.o [1]
LL_TIM_GenerateEvent_UPDATE
                         0x800'9555     0xa  Code  Lc  TimerTools.o [1]
LL_TIM_Init              0x800'ac8f    0xd2  Code  Gb  stm32f4xx_ll_tim.o [1]
LL_TIM_IsActiveFlag_CC1
                         0x800'9537     0xa  Code  Lc  TimerTools.o [1]
LL_TIM_IsEnabledIT_CC1   0x800'954b     0xa  Code  Lc  TimerTools.o [1]
LL_TIM_OC_DisablePreload
                         0x800'94d3    0x5c  Code  Lc  TimerTools.o [1]
LL_TIM_OC_Init           0x800'ad61    0x58  Code  Gb  stm32f4xx_ll_tim.o [1]
LL_TIM_OC_SetCompareCH1
                         0x800'ac75     0x4  Code  Lc  stm32f4xx_ll_tim.o [1]
LL_TIM_OC_SetCompareCH2
                         0x800'ac79     0x4  Code  Lc  stm32f4xx_ll_tim.o [1]
LL_TIM_OC_SetCompareCH3
                         0x800'ac7d     0x4  Code  Lc  stm32f4xx_ll_tim.o [1]
LL_TIM_OC_SetCompareCH4
                         0x800'ac81     0x4  Code  Lc  stm32f4xx_ll_tim.o [1]
LL_TIM_SetAutoReload     0x800'ac6d     0x4  Code  Lc  stm32f4xx_ll_tim.o [1]
LL_TIM_SetCounter        0x800'94cb     0x4  Code  Lc  TimerTools.o [1]
LL_TIM_SetPrescaler      0x800'ac69     0x4  Code  Lc  stm32f4xx_ll_tim.o [1]
LL_TIM_SetPrescaler      0x800'94cf     0x4  Code  Lc  TimerTools.o [1]
LL_TIM_SetRepetitionCounter
                         0x800'ac71     0x4  Code  Lc  stm32f4xx_ll_tim.o [1]
LL_USART_DeInit          0x800'd949    0x98  Code  Gb  stm32f4xx_ll_usart.o [1]
LL_USART_Init            0x800'd9e1    0xac  Code  Gb  stm32f4xx_ll_usart.o [1]
LL_USART_IsEnabled       0x800'd7e9     0xa  Code  Lc  stm32f4xx_ll_usart.o [1]
LL_USART_SetBaudRate     0x800'd80b   0x116  Code  Lc  stm32f4xx_ll_usart.o [1]
LL_USART_SetHWFlowCtrl   0x800'd7ff     0xc  Code  Lc  stm32f4xx_ll_usart.o [1]
LL_USART_SetStopBitsLength
                         0x800'd7f3     0xc  Code  Lc  stm32f4xx_ll_usart.o [1]
MX_GPIO_Init             0x801'70c5    0xe0  Code  Gb  gpio.o [1]
NVIC_EnableIRQ           0x800'9449    0x16  Code  Lc  TimerTools.o [1]
NVIC_EnableIRQ           0x800'cb59    0x16  Code  Lc  usart1.o [1]
NVIC_EnableIRQ           0x800'c885    0x16  Code  Lc  usart2.o [1]
NVIC_EnableIRQ           0x800'cebd    0x16  Code  Lc  usart4.o [1]
NVIC_EncodePriority      0x801'46f9    0x40  Code  Lc  stm32f4xx_hal_cortex.o [1]
NVIC_GetPriorityGrouping
                         0x801'46c3     0xa  Code  Lc  stm32f4xx_hal_cortex.o [1]
NVIC_SetPriority         0x801'46cd    0x2c  Code  Lc  stm32f4xx_hal_cortex.o [1]
NVIC_SetPriority         0x800'945f    0x2c  Code  Lc  TimerTools.o [1]
NVIC_SetPriority         0x800'cb6f    0x2c  Code  Lc  usart1.o [1]
NVIC_SetPriority         0x800'c89b    0x2c  Code  Lc  usart2.o [1]
NVIC_SetPriority         0x800'ced3    0x2c  Code  Lc  usart4.o [1]
NVIC_SetPriorityGrouping
                         0x801'46a5    0x1e  Code  Lc  stm32f4xx_hal_cortex.o [1]
OC1Config                0x800'adb9    0x88  Code  Lc  stm32f4xx_ll_tim.o [1]
OC2Config                0x800'ae41    0x8a  Code  Lc  stm32f4xx_ll_tim.o [1]
OC3Config                0x800'aecb    0x8e  Code  Lc  stm32f4xx_ll_tim.o [1]
OC4Config                0x800'af59    0x6c  Code  Lc  stm32f4xx_ll_tim.o [1]
OFFSET_TAB_CCMRx         0x801'8a04     0x8  Data  Lc  TimerTools.o [1]
PendSV_Handler           0x800'a0c9          Code  Gb  portasm.o [1]
RCC_GetHCLKClockFreq     0x800'a3f7    0x18  Code  Gb  stm32f4xx_ll_rcc.o [1]
RCC_GetPCLK1ClockFreq    0x800'a40f    0x14  Code  Gb  stm32f4xx_ll_rcc.o [1]
RCC_GetPCLK2ClockFreq    0x800'a423    0x14  Code  Gb  stm32f4xx_ll_rcc.o [1]
RCC_GetSystemClockFreq   0x800'a3bd    0x3a  Code  Gb  stm32f4xx_ll_rcc.o [1]
RCC_PLL_GetFreqDomain_SYS
                         0x800'a437    0x76  Code  Gb  stm32f4xx_ll_rcc.o [1]
Region$$Table$$Base      0x801'8864           --   Gb  - Linker created -
Region$$Table$$Limit     0x801'8884           --   Gb  - Linker created -
SHIFT_TAB_OCxx           0x801'8a0c     0x8  Data  Lc  TimerTools.o [1]
SVC_Handler              0x800'a121          Code  Gb  portasm.o [1]
StartDefaultTask         0x800'bd9d    0x76  Code  Gb  DisplayApplication.o [1]
StartDefaultTask::inputBuffer
                        0x2000'6ee8    0x50  Data  Lc  DisplayApplication.o [1]
SysTick_Config           0x801'4739    0x30  Code  Lc  stm32f4xx_hal_cortex.o [1]
SysTick_Handler          0x801'89dd     0xc  Code  Gb  stm32f4xx_it.o [1]
SystemClock_Config       0x801'6f09    0xd0  Code  Gb  main.o [1]
SystemCoreClock         0x2000'00b8     0x4  Data  Gb  system_stm32f4xx.o [1]
SystemInit               0x801'862d    0x40  Code  Gb  system_stm32f4xx.o [1]
TIM1_TRG_COM_TIM11_IRQHandler
                         0x800'95cd    0x4a  Code  Gb  TimerTools.o [1]
TIM_OCInitStructure     0x2000'7054    0x20  Data  Lc  TimerTools.o [1]
TIM_TimeBaseStructure   0x2000'7174    0x14  Data  Lc  TimerTools.o [1]
UART4_IRQHandler         0x800'cf2b    0x86  Code  Gb  usart4.o [1]
USART1_IRQHandler        0x800'cbc7    0x86  Code  Gb  usart1.o [1]
USART2_IRQHandler        0x800'c8f3    0x86  Code  Gb  usart2.o [1]
_Error_Handler           0x801'6ffd     0x2  Code  Gb  main.o [1]
_LocaleC_isalpha         0x800'd77b     0xc  Code  Gb  xlocale_c.o [2]
_LocaleC_islower         0x800'd775     0x4  Code  Gb  xlocale_c.o [2]
_LocaleC_ispunct         0x800'd791    0x22  Code  Gb  xlocale_c.o [2]
_LocaleC_isspace         0x800'd7b3    0x14  Code  Gb  xlocale_c.o [2]
_LocaleC_isupper         0x800'd779     0x2  Code  Gb  xlocale_c.o [2]
_LocaleC_tolower         0x800'd7c7     0xc  Code  Gb  xlocale_c.o [2]
_LocaleC_toupper         0x800'd7d3     0xc  Code  Gb  xlocale_c.o [2]
_Strtok_ssave           0x2000'7258     0x4  Data  Lc  strtok.o [2]
__aeabi_llsl             0x800'd68d          Code  Gb  I64Shl.o [4]
__aeabi_memcpy           0x800'bee9          Code  Gb  ABImemcpy.o [4]
__aeabi_memcpy4          0x800'bf09          Code  Gb  ABImemcpy.o [4]
__aeabi_memcpy8          0x800'bf09          Code  Gb  ABImemcpy.o [4]
__aeabi_memset           0x800'9261          Code  Gb  ABImemset.o [4]
__cmain                  0x801'8885          Code  Gb  cmain.o [4]
__exit                   0x801'88b9          Code  Gb  XXexit.o [4]
__iar_Memchr             0x800'd71d          Code  Gb  memchr.o [4]
__iar_Memset             0x800'9261          Code  Gb  ABImemset.o [4]
__iar_Memset_word        0x800'9269          Code  Gb  ABImemset.o [4]
__iar_Stoulx             0x800'c725   0x13a  Code  Gb  iar_Stoulx.o [2]
__iar_data_init3         0x801'87f5    0x28  Code  Gb  data_init.o [4]
__iar_globLocale        0x2000'00bc    0x48  Data  Lc  xlocale_c.o [2]
__iar_global_Locale      0x800'd7df     0x4  Code  Gb  xlocale_c.o [2]
__iar_init_vfp           0x801'8841          Code  Gb  fpinit_M.o [3]
__iar_lz77_init_single3
                         0x801'847d    0x78  Code  Gb  lz77_init_single.o [4]
__iar_program_start      0x801'89e9          Code  Gb  cstartup_M.o [4]
__iar_zero_init3         0x800'92c7    0x3a  Code  Gb  zero_init3.o [4]
__low_level_init         0x801'88a3     0x4  Code  Gb  low_level_init.o [2]
__vector_table           0x800'0000          Data  Gb  startup_stm32f446xx.o [1]
_call_main               0x801'8891          Code  Gb  cmain.o [4]
_displayBuffer          0x2000'3d08  0x2800  Data  Gb  DisplayDriver.o [1]
_exit                    0x801'88ad          Code  Gb  cexit.o [4]
_main                    0x801'889f          Code  Gb  cmain.o [4]
addCRC16                 0x800'c051    0x1e  Code  Gb  crc.o [1]
atoi                     0x800'c865     0x2  Code  Gb  iar_Stoulx.o [2]
bank                    0x2000'71c4     0x4  Data  Gb  DisplayDriver.o [1]
bigL                     0x800'e6ec   0x240  Data  Gb  Fonts.o [1]
bigLetters               0x801'855c    0x68  Data  Gb  Fonts.o [1]
bigLetters64             0x801'85c4    0x68  Data  Gb  Fonts.o [1]
bigP                     0x800'e26c   0x240  Data  Gb  Fonts.o [1]
bigW                     0x800'e4ac   0x240  Data  Gb  Fonts.o [1]
breakIcon                0x800'f22c   0x240  Data  Gb  Fonts.o [1]
bufferIsPrimed          0x2000'0105     0x1  Data  Gb  Fonts.o [1]
buttonTask               0x800'b37f    0x9e  Code  Gb  DisplayApplication.o [1]
buttonTaskHandle        0x2000'719c     0x4  Data  Gb  DisplayApplication.o [1]
calcCRC                  0x800'c029    0x28  Code  Gb  crc.o [1]
changeImagePlane         0x800'c65d    0x22  Code  Gb  Fonts.o [1]
clearBuffer              0x800'8205    0x2c  Code  Gb  DisplayDriver.o [1]
clearImage               0x800'c685    0x10  Code  Gb  Fonts.o [1]
clockEnableData          0x801'8404    0x78  Data  Gb  TimerTools.o [1]
colors                  0x2000'7014    0x20  Data  Gb  Fonts.o [1]
commitMode               0x800'b359    0x26  Code  Gb  DisplayApplication.o [1]
computeCRC               0x800'bf91    0x8c  Code  Gb  crc.o [1]
currentMode             0x2000'0000     0x4  Data  Gb  DisplayDriver.o [1]
currentWriteAddress     0x2000'71c8     0x4  Data  Lc  FlashInterface.o [1]
defaultTaskHandle       0x2000'7190     0x4  Data  Gb  DisplayApplication.o [1]
digit0                   0x800'f6d8   0x200  Data  Gb  Fonts.o [1]
digit1                   0x800'f8d8   0x200  Data  Gb  Fonts.o [1]
digit2                   0x800'fad8   0x200  Data  Gb  Fonts.o [1]
digit3                   0x800'fcd8   0x200  Data  Gb  Fonts.o [1]
digit4                   0x800'fed8   0x200  Data  Gb  Fonts.o [1]
digit5                   0x801'00d8   0x200  Data  Gb  Fonts.o [1]
digit6                   0x801'02d8   0x200  Data  Gb  Fonts.o [1]
digit7                   0x801'04d8   0x200  Data  Gb  Fonts.o [1]
digit8                   0x801'06d8   0x200  Data  Gb  Fonts.o [1]
digit9                   0x801'08d8   0x200  Data  Gb  Fonts.o [1]
digitA                   0x801'0ad8   0x200  Data  Gb  Fonts.o [1]
digitB                   0x801'0cd8   0x200  Data  Gb  Fonts.o [1]
digitC                   0x801'0ed8   0x200  Data  Gb  Fonts.o [1]
digitD                   0x801'10d8   0x200  Data  Gb  Fonts.o [1]
digitE                   0x801'12d8   0x200  Data  Gb  Fonts.o [1]
digitF                   0x801'14d8   0x200  Data  Gb  Fonts.o [1]
digitG                   0x801'16d8   0x200  Data  Gb  Fonts.o [1]
digitH                   0x801'18d8   0x200  Data  Gb  Fonts.o [1]
digitI                   0x801'1ad8   0x200  Data  Gb  Fonts.o [1]
digitJ                   0x801'1cd8   0x200  Data  Gb  Fonts.o [1]
digitK                   0x801'1ed8   0x200  Data  Gb  Fonts.o [1]
digitL                   0x801'20d8   0x200  Data  Gb  Fonts.o [1]
digitM                   0x801'22d8   0x200  Data  Gb  Fonts.o [1]
digitN                   0x801'24d8   0x200  Data  Gb  Fonts.o [1]
digitO                   0x801'26d8   0x200  Data  Gb  Fonts.o [1]
digitP                   0x801'28d8   0x200  Data  Gb  Fonts.o [1]
digitQ                   0x801'2ad8   0x200  Data  Gb  Fonts.o [1]
digitR                   0x801'2cd8   0x200  Data  Gb  Fonts.o [1]
digitS                   0x801'2ed8   0x200  Data  Gb  Fonts.o [1]
digitT                   0x801'30d8   0x200  Data  Gb  Fonts.o [1]
digitU                   0x801'32d8   0x200  Data  Gb  Fonts.o [1]
digitV                   0x801'34d8   0x200  Data  Gb  Fonts.o [1]
digitW                   0x801'36d8   0x200  Data  Gb  Fonts.o [1]
digitX                   0x801'38d8   0x200  Data  Gb  Fonts.o [1]
digitY                   0x801'3ad8   0x200  Data  Gb  Fonts.o [1]
digitZ                   0x801'3cd8   0x200  Data  Gb  Fonts.o [1]
digits                   0x801'87a4    0x28  Data  Gb  Fonts.o [1]
digits                   0x801'86b4    0x28  Data  Lc  iar_Stoulx.o [2]
digits64                 0x801'87cc    0x28  Data  Gb  Fonts.o [1]
displayBufferOneEighthScan
                        0x2000'006c     0x4  Data  Gb  DisplayDriver.o [1]
displayBufferOneSixtenthScan
                        0x2000'0070     0x4  Data  Gb  DisplayDriver.o [1]
displayMode             0x2000'0004     0x8  Data  Gb  DisplayDriver.o [1]
displayModes            0x2000'000c    0x60  Data  Gb  DisplayDriver.o [1]
doFly                    0x801'40d8   0x200  Data  Gb  Fonts.o [1]
dontFly                  0x801'3ed8   0x200  Data  Gb  Fonts.o [1]
drawFrame               0x2000'0104     0x1  Data  Gb  Fonts.o [1]
drivePixelsOut2x5        0x800'8c7f    0x34  Code  Gb  DisplayDriver.o [1]
eight                    0x801'6d08   0x100  Data  Gb  Fonts.o [1]
enableTimerClock         0x800'955f    0x1c  Code  Gb  TimerTools.o [1]
eraseParameters          0x800'c0b9    0x10  Code  Gb  FlashInterface.o [1]
exit                     0x801'88a7     0x4  Code  Gb  exit.o [2]
extractData              0x800'b41d    0xb4  Code  Gb  DisplayApplication.o [1]
five                     0x801'6a08   0x100  Data  Gb  Fonts.o [1]
flight                  0x2000'71b0     0x4  Data  Gb  DisplayApplication.o [1]
flip                     0x801'47e4   0x100  Data  Gb  crc.o [1]
four                     0x801'6908   0x100  Data  Gb  Fonts.o [1]
getTimerClockFrequency   0x800'957b    0x52  Code  Gb  TimerTools.o [1]
halfBigLetters           0x801'84f4    0x68  Data  Gb  Fonts.o [1]
halfDigits               0x801'877c    0x28  Data  Gb  Fonts.o [1]
halfbigA                 0x801'7704    0x80  Data  Gb  Fonts.o [1]
halfbigB                 0x801'7784    0x80  Data  Gb  Fonts.o [1]
halfbigC                 0x801'7804    0x80  Data  Gb  Fonts.o [1]
halfbigD                 0x801'7884    0x80  Data  Gb  Fonts.o [1]
halfbigE                 0x801'7904    0x80  Data  Gb  Fonts.o [1]
halfbigF                 0x801'7984    0x80  Data  Gb  Fonts.o [1]
halfbigG                 0x801'7a04    0x80  Data  Gb  Fonts.o [1]
halfbigH                 0x801'7a84    0x80  Data  Gb  Fonts.o [1]
halfbigI                 0x801'7b04    0x80  Data  Gb  Fonts.o [1]
halfbigJ                 0x801'7b84    0x80  Data  Gb  Fonts.o [1]
halfbigK                 0x801'7c04    0x80  Data  Gb  Fonts.o [1]
halfbigL                 0x801'7c84    0x80  Data  Gb  Fonts.o [1]
halfbigM                 0x801'7d04    0x80  Data  Gb  Fonts.o [1]
halfbigN                 0x801'7d84    0x80  Data  Gb  Fonts.o [1]
halfbigO                 0x801'7e04    0x80  Data  Gb  Fonts.o [1]
halfbigP                 0x801'7e84    0x80  Data  Gb  Fonts.o [1]
halfbigQ                 0x801'7f04    0x80  Data  Gb  Fonts.o [1]
halfbigR                 0x801'7f84    0x80  Data  Gb  Fonts.o [1]
halfbigS                 0x801'8004    0x80  Data  Gb  Fonts.o [1]
halfbigT                 0x801'8084    0x80  Data  Gb  Fonts.o [1]
halfbigU                 0x801'8104    0x80  Data  Gb  Fonts.o [1]
halfbigV                 0x801'8184    0x80  Data  Gb  Fonts.o [1]
halfbigW                 0x801'8204    0x80  Data  Gb  Fonts.o [1]
halfbigX                 0x801'8284    0x80  Data  Gb  Fonts.o [1]
halfbigY                 0x801'8304    0x80  Data  Gb  Fonts.o [1]
halfbigZ                 0x801'8384    0x80  Data  Gb  Fonts.o [1]
halfeight                0x801'7604    0x80  Data  Gb  Fonts.o [1]
halffive                 0x801'7484    0x80  Data  Gb  Fonts.o [1]
halffour                 0x801'7404    0x80  Data  Gb  Fonts.o [1]
halfnine                 0x801'7684    0x80  Data  Gb  Fonts.o [1]
halfone                  0x801'7284    0x80  Data  Gb  Fonts.o [1]
halfseven                0x801'7584    0x80  Data  Gb  Fonts.o [1]
halfsix                  0x801'7504    0x80  Data  Gb  Fonts.o [1]
halfthree                0x801'7384    0x80  Data  Gb  Fonts.o [1]
halftwo                  0x801'7304    0x80  Data  Gb  Fonts.o [1]
halfzero                 0x801'7204    0x80  Data  Gb  Fonts.o [1]
heat                    0x2000'71ac     0x4  Data  Gb  DisplayApplication.o [1]
hourGlassIcon            0x800'efec   0x240  Data  Gb  Fonts.o [1]
incrementMode            0x800'81b7    0x4e  Code  Gb  DisplayDriver.o [1]
initAFPin                0x800'93c1    0x62  Code  Gb  gpioapi.o [1]
initGPIO                 0x800'8d99   0x134  Code  Gb  DisplayDriver.o [1]
initGPIOPin              0x800'937b    0x46  Code  Gb  gpioapi.o [1]
initTimerTools           0x800'968f    0x3c  Code  Gb  TimerTools.o [1]
isalpha                  0x800'dae9    0x14  Code  Gb  isalpha.o [2]
isprint                  0x800'dab5    0x28  Code  Gb  isprint.o [2]
ispunct                  0x800'dafd    0x14  Code  Gb  ispunct.o [2]
isspace                  0x800'd6f3    0x14  Code  Gb  isspace.o [2]
land                     0x801'42d8   0x200  Data  Gb  Fonts.o [1]
letterOffsets           0x2000'0084    0x14  Data  Gb  Fonts.o [1]
letterOffsetsSmall      0x2000'0098    0x1c  Data  Gb  Fonts.o [1]
main                     0x801'6fe5    0x18  Code  Gb  main.o [1]
makeFreeRtosPriority     0x800'ce2d    0x16  Code  Lc  cmsis_os.o [1]
memchr                   0x800'd71d          Code  Gb  memchr.o [4]
minusIcon                0x800'e92c   0x240  Data  Gb  Fonts.o [1]
minutes                 0x2000'71c0     0x4  Data  Gb  DisplayDriver.o [1]
ndigs                    0x801'868c    0x28  Data  Lc  iar_Stoulx.o [2]
nine                     0x801'6e08   0x100  Data  Gb  Fonts.o [1]
one                      0x801'6608   0x100  Data  Gb  Fonts.o [1]
osKernelStart            0x800'ce43     0xa  Code  Gb  cmsis_os.o [1]
osSystickHandler         0x800'cead    0x10  Code  Gb  cmsis_os.o [1]
osThreadCreate           0x800'ce4d    0x60  Code  Gb  cmsis_os.o [1]
outputRow                0x800'8cc1    0xc6  Code  Gb  DisplayDriver.o [1]
pFlash                  0x2000'7034    0x20  Data  Gb  stm32f4xx_hal_flash.o [1]
parseCommand             0x800'b9a3   0x374  Code  Gb  DisplayApplication.o [1]
pcInterruptPriorityRegisters
                         0x801'8a20     0x4  Data  Lc  port.o [1]
phase                   0x2000'71a0     0x4  Data  Gb  DisplayApplication.o [1]
plusIcon                 0x800'eb6c   0x240  Data  Gb  Fonts.o [1]
prescalerTable           0x801'8a14     0x8  Data  Lc  TimerTools.o [1]
primeTheBuffer           0x800'c67f     0x6  Code  Gb  Fonts.o [1]
prvAddCurrentTaskToDelayedList
                         0x800'a009    0x82  Code  Lc  tasks.o [1]
prvAddNewTaskToReadyList
                         0x800'9919    0x9a  Code  Lc  tasks.o [1]
prvCheckTasksWaitingTermination
                         0x800'9f01    0x50  Code  Lc  tasks.o [1]
prvCopyDataFromQueue     0x800'ab85    0x36  Code  Lc  queue.o [1]
prvCopyDataToQueue       0x800'aafd    0x88  Code  Lc  queue.o [1]
prvDeleteTCB             0x800'9f5d    0x44  Code  Lc  tasks.o [1]
prvHeapInit              0x800'b185    0x62  Code  Lc  heap_4.o [1]
prvIdleTask              0x800'9e85    0x24  Code  Lc  tasks.o [1]
prvInitialiseNewQueue    0x800'a675    0x32  Code  Lc  queue.o [1]
prvInitialiseNewTask     0x800'985d    0xbc  Code  Lc  tasks.o [1]
prvInitialiseTaskLists   0x800'9ead    0x50  Code  Lc  tasks.o [1]
prvInsertBlockIntoFreeList
                         0x800'b1e7    0x5e  Code  Lc  heap_4.o [1]
prvIsQueueEmpty          0x800'ac29    0x1c  Code  Lc  queue.o [1]
prvIsQueueFull           0x800'ac45    0x1e  Code  Lc  queue.o [1]
prvResetNextTaskUnblockTime
                         0x800'9fa1    0x2a  Code  Lc  tasks.o [1]
prvTaskExitError         0x800'9051    0x2a  Code  Lc  port.o [1]
prvUnlockQueue           0x800'abbb    0x6e  Code  Lc  queue.o [1]
putBigLetter             0x800'c367    0x66  Code  Gb  Fonts.o [1]
putBigLetter64           0x800'c5e3    0x7a  Code  Gb  Fonts.o [1]
putColon                 0x800'c177    0x26  Code  Gb  Fonts.o [1]
putDot                   0x800'c119    0x5e  Code  Gb  Fonts.o [1]
putFly                   0x800'c267    0x1a  Code  Gb  Fonts.o [1]
putHalfBigLetter         0x800'c4a9    0x5c  Code  Gb  Fonts.o [1]
putHalfBigValue          0x800'c44d    0x5c  Code  Gb  Fonts.o [1]
putLand                  0x800'c281    0x1a  Code  Gb  Fonts.o [1]
putLittleColon           0x800'c19d    0x22  Code  Gb  Fonts.o [1]
putNoFly                 0x800'c24d    0x1a  Code  Gb  Fonts.o [1]
putPattern               0x800'c1bf    0x8e  Code  Gb  Fonts.o [1]
putPixel                 0x800'8c59    0x26  Code  Gb  DisplayDriver.o [1]
putPixelPointer         0x2000'71b8     0x4  Data  Lc  DisplayDriver.o [1]
putPixelScan16           0x800'89a1    0x76  Code  Gb  DisplayDriver.o [1]
putPixelScan16Inverted   0x800'8afd    0x7c  Code  Gb  DisplayDriver.o [1]
putPixelScan16InvertedSmallDisplay
                         0x800'8b79    0xdc  Code  Gb  DisplayDriver.o [1]
putPixelScan16SmallDisplay
                         0x800'8a19    0xe2  Code  Gb  DisplayDriver.o [1]
putPixelScan8            0x800'8405    0x9e  Code  Gb  DisplayDriver.o [1]
putPixelScan8Alternate   0x800'8231    0x9e  Code  Gb  DisplayDriver.o [1]
putPixelScan8AlternateInverted
                         0x800'87bd    0xa6  Code  Gb  DisplayDriver.o [1]
putPixelScan8AlternateInvertedSmallDisplay
                         0x800'8865   0x13c  Code  Gb  DisplayDriver.o [1]
putPixelScan8AlternateSmallDisplay
                         0x800'82d1   0x132  Code  Gb  DisplayDriver.o [1]
putPixelScan8Inverted    0x800'85d9    0xa6  Code  Gb  DisplayDriver.o [1]
putPixelScan8InvertedSmallDisplay
                         0x800'8681   0x13c  Code  Gb  DisplayDriver.o [1]
putPixelScan8SmallDisplay
                         0x800'84a5   0x132  Code  Gb  DisplayDriver.o [1]
putStage                 0x800'c29b    0xcc  Code  Gb  Fonts.o [1]
putSymbol                0x800'c56b    0x78  Code  Gb  Fonts.o [1]
putValue                 0x800'c505    0x66  Code  Gb  Fonts.o [1]
putValue64               0x800'c3cd    0x80  Code  Gb  Fonts.o [1]
pvPortMalloc             0x800'aff1   0x120  Code  Gb  heap_4.o [1]
pxCurrentTCB            0x2000'71e4     0x4  Data  Gb  tasks.o [1]
pxDelayedTaskList       0x2000'71e8     0x4  Data  Lc  tasks.o [1]
pxEnd                   0x2000'71cc     0x4  Data  Lc  heap_4.o [1]
pxOverflowDelayedTaskList
                        0x2000'71ec     0x4  Data  Lc  tasks.o [1]
pxPortInitialiseStack    0x800'9029    0x28  Code  Gb  port.o [1]
pxReadyTasksLists       0x2000'6d08   0x140  Data  Lc  tasks.o [1]
radioReceiverTask        0x800'bd17    0x1c  Code  Gb  DisplayApplication.o [1]
radioReceiverTask::inputBuffer
                        0x2000'6e48    0x50  Data  Lc  DisplayApplication.o [1]
radioReceiverTaskHandle
                        0x2000'7198     0x4  Data  Gb  DisplayApplication.o [1]
receiverTask             0x800'bd33    0x6a  Code  Gb  DisplayApplication.o [1]
receiverTask::inputBuffer
                        0x2000'6e98    0x50  Data  Lc  DisplayApplication.o [1]
receiverTaskHandle      0x2000'7194     0x4  Data  Gb  DisplayApplication.o [1]
recoverMode              0x800'b32b    0x2e  Code  Gb  DisplayApplication.o [1]
remainderHigh            0x801'48e4   0x100  Data  Gb  crc.o [1]
remainderLow             0x801'49e4   0x100  Data  Gb  crc.o [1]
round                   0x2000'71a8     0x4  Data  Gb  DisplayApplication.o [1]
sGPIOInitStructure      0x2000'70e4    0x18  Data  Lc  gpioapi.o [1]
scannerTask              0x800'8ee5   0x110  Code  Gb  DisplayDriver.o [1]
scannerTaskHandle       0x2000'71b4     0x4  Data  Gb  DisplayDriver.o [1]
seconds                 0x2000'71bc     0x4  Data  Gb  DisplayDriver.o [1]
secondsIn               0x2000'71a4     0x4  Data  Gb  DisplayApplication.o [1]
sectorErase              0x800'c071    0x48  Code  Gb  FlashInterface.o [1]
sectorErase::options    0x2000'7074    0x1c  Data  Lc  FlashInterface.o [1]
setMode                  0x800'8169    0x4e  Code  Gb  DisplayDriver.o [1]
setupAlternateColors     0x800'8057    0x26  Code  Gb  DisplayDriver.o [1]
setupColors              0x800'8031    0x26  Code  Gb  DisplayDriver.o [1]
setupPixelPutFunction    0x800'807d    0xec  Code  Gb  DisplayDriver.o [1]
setupTimer               0x800'9617    0x78  Code  Gb  TimerTools.o [1]
seven                    0x801'6c08   0x100  Data  Gb  Fonts.o [1]
showData                 0x800'b4d9   0x306  Code  Gb  DisplayApplication.o [1]
showFrame               0x2000'725c     0x1  Data  Gb  Fonts.o [1]
showRoundAndHeat         0x800'b7df    0xa2  Code  Gb  DisplayApplication.o [1]
showTimeOnly             0x800'b881   0x122  Code  Gb  DisplayApplication.o [1]
six                      0x801'6b08   0x100  Data  Gb  Fonts.o [1]
smallA                   0x801'4b08   0x100  Data  Gb  Fonts.o [1]
smallB                   0x801'4c08   0x100  Data  Gb  Fonts.o [1]
smallC                   0x801'4d08   0x100  Data  Gb  Fonts.o [1]
smallD                   0x801'4e08   0x100  Data  Gb  Fonts.o [1]
smallDot                 0x801'881c    0x24  Data  Gb  Fonts.o [1]
smallE                   0x801'4f08   0x100  Data  Gb  Fonts.o [1]
smallF                   0x801'5008   0x100  Data  Gb  Fonts.o [1]
smallG                   0x801'5108   0x100  Data  Gb  Fonts.o [1]
smallH                   0x801'5208   0x100  Data  Gb  Fonts.o [1]
smallI                   0x801'5308   0x100  Data  Gb  Fonts.o [1]
smallJ                   0x801'5408   0x100  Data  Gb  Fonts.o [1]
smallK                   0x801'5508   0x100  Data  Gb  Fonts.o [1]
smallL                   0x801'5608   0x100  Data  Gb  Fonts.o [1]
smallM                   0x801'5708   0x100  Data  Gb  Fonts.o [1]
smallN                   0x801'5808   0x100  Data  Gb  Fonts.o [1]
smallO                   0x801'5908   0x100  Data  Gb  Fonts.o [1]
smallP                   0x801'5a08   0x100  Data  Gb  Fonts.o [1]
smallQ                   0x801'5b08   0x100  Data  Gb  Fonts.o [1]
smallR                   0x801'5c08   0x100  Data  Gb  Fonts.o [1]
smallS                   0x801'5d08   0x100  Data  Gb  Fonts.o [1]
smallT                   0x801'5e08   0x100  Data  Gb  Fonts.o [1]
smallU                   0x801'5f08   0x100  Data  Gb  Fonts.o [1]
smallV                   0x801'6008   0x100  Data  Gb  Fonts.o [1]
smallW                   0x801'6108   0x100  Data  Gb  Fonts.o [1]
smallX                   0x801'6208   0x100  Data  Gb  Fonts.o [1]
smallY                   0x801'6308   0x100  Data  Gb  Fonts.o [1]
smallZ                   0x801'6408   0x100  Data  Gb  Fonts.o [1]
startDisplayDriver       0x800'be13    0x48  Code  Gb  DisplayApplication.o [1]
startTimer               0x800'96cb    0x28  Code  Gb  TimerTools.o [1]
stopIcon                 0x800'edac   0x240  Data  Gb  Fonts.o [1]
strcspn                  0x800'd6d1    0x22  Code  Gb  strcspn.o [2]
strspn                   0x800'd6af    0x22  Code  Gb  strspn.o [2]
strtok                   0x800'c6d9    0x4c  Code  Gb  strtok.o [2]
symbols                  0x801'4ae4    0x24  Data  Gb  Fonts.o [1]
three                    0x801'6808   0x100  Data  Gb  Fonts.o [1]
timerToolsCompleteSema  0x2000'7224     0x4  Data  Gb  TimerTools.o [1]
timerToolsCompleteSemaData
                        0x2000'6fcc    0x48  Data  Gb  TimerTools.o [1]
timerToolsMutexSema     0x2000'7220     0x4  Data  Gb  TimerTools.o [1]
timerToolsMutexSemaData
                        0x2000'6f84    0x48  Data  Gb  TimerTools.o [1]
timerToolsPrecisionDelay
                         0x800'96f3    0x1c  Code  Gb  TimerTools.o [1]
tolower                  0x800'd707    0x14  Code  Gb  tolower.o [2]
toupper                  0x800'c871    0x14  Code  Gb  toupper.o [2]
two                      0x801'6708   0x100  Data  Gb  Fonts.o [1]
uart1Getch               0x800'cdad    0x1e  Code  Gb  usart1.o [1]
uart1GetchTO             0x800'cceb    0x82  Code  Gb  usart1.o [1]
uart1Gets                0x800'cdcb    0x60  Code  Gb  usart1.o [1]
uart1Init                0x800'cc4d    0x9e  Code  Gb  usart1.o [1]
uart1RxBuffer           0x2000'6708   0x200  Data  Gb  usart1.o [1]
uart1RxCount            0x2000'7230     0x4  Data  Gb  usart1.o [1]
uart1RxReadIndex        0x2000'722c     0x4  Data  Gb  usart1.o [1]
uart1RxSema             0x2000'7234     0x4  Data  Gb  usart1.o [1]
uart1RxWriteIndex       0x2000'7228     0x4  Data  Gb  usart1.o [1]
uart2Getch               0x800'cad9    0x1e  Code  Gb  usart2.o [1]
uart2GetchTO             0x800'ca17    0x82  Code  Gb  usart2.o [1]
uart2Gets                0x800'caf7    0x60  Code  Gb  usart2.o [1]
uart2Init                0x800'c979    0x9e  Code  Gb  usart2.o [1]
uart2RxBuffer           0x2000'6908   0x200  Data  Gb  usart2.o [1]
uart2RxCount            0x2000'7240     0x4  Data  Gb  usart2.o [1]
uart2RxReadIndex        0x2000'723c     0x4  Data  Gb  usart2.o [1]
uart2RxSema             0x2000'7244     0x4  Data  Gb  usart2.o [1]
uart2RxWriteIndex       0x2000'7238     0x4  Data  Gb  usart2.o [1]
uart4Getch               0x800'd111    0x1e  Code  Gb  usart4.o [1]
uart4GetchTO             0x800'd04f    0x82  Code  Gb  usart4.o [1]
uart4Gets                0x800'd12f    0x60  Code  Gb  usart4.o [1]
uart4Init                0x800'cfb1    0x9e  Code  Gb  usart4.o [1]
uart4RxBuffer           0x2000'6b08   0x200  Data  Gb  usart4.o [1]
uart4RxCount            0x2000'7250     0x4  Data  Gb  usart4.o [1]
uart4RxReadIndex        0x2000'724c     0x4  Data  Gb  usart4.o [1]
uart4RxSema             0x2000'7254     0x4  Data  Gb  usart4.o [1]
uart4RxWriteIndex       0x2000'7248     0x4  Data  Gb  usart4.o [1]
ucHeap                  0x2000'0108  0x3c00  Data  Lc  heap_4.o [1]
ucMaxSysCallPriority    0x2000'725d     0x1  Data  Lc  port.o [1]
ulMaxPRIGROUPValue      0x2000'71dc     0x4  Data  Lc  port.o [1]
usartInit               0x2000'7090    0x1c  Data  Lc  usart1.o [1]
usartInit               0x2000'70ac    0x1c  Data  Lc  usart2.o [1]
usartInit               0x2000'70c8    0x1c  Data  Lc  usart4.o [1]
uwTick                  0x2000'71e0     0x4  Data  Gb  stm32f4xx_hal.o [1]
uxCriticalNesting       0x2000'00b4     0x4  Data  Lc  port.o [1]
uxCurrentNumberOfTasks  0x2000'71f4     0x4  Data  Lc  tasks.o [1]
uxDeletedTasksWaitingCleanUp
                        0x2000'71f0     0x4  Data  Lc  tasks.o [1]
uxListRemove             0x800'b2d7    0x28  Code  Gb  list.o [1]
uxPendedTicks           0x2000'7204     0x4  Data  Lc  tasks.o [1]
uxSchedulerSuspended    0x2000'721c     0x4  Data  Lc  tasks.o [1]
uxTaskNumber            0x2000'7210     0x4  Data  Lc  tasks.o [1]
uxTopReadyPriority      0x2000'71fc     0x4  Data  Lc  tasks.o [1]
vApplicationGetIdleTaskMemory
                         0x800'b319    0x12  Code  Gb  DisplayApplication.o [1]
vApplicationGetIdleTaskMemory::uxIdleTaskStack
                        0x2000'6508   0x200  Data  Lc  DisplayApplication.o [1]
vApplicationGetIdleTaskMemory::xIdleTaskTCB
                        0x2000'6f38    0x4c  Data  Lc  DisplayApplication.o [1]
vListInitialise          0x800'b265    0x1e  Code  Gb  list.o [1]
vListInitialiseItem      0x800'b283     0x6  Code  Gb  list.o [1]
vListInsert              0x800'b2a1    0x36  Code  Gb  list.o [1]
vListInsertEnd           0x800'b289    0x18  Code  Gb  list.o [1]
vPortEnableVFP           0x800'a155          Code  Gb  portasm.o [1]
vPortEnterCritical       0x800'912f    0x34  Code  Gb  port.o [1]
vPortExitCritical        0x800'9163    0x2c  Code  Gb  port.o [1]
vPortFree                0x800'b111    0x74  Code  Gb  heap_4.o [1]
vPortStartFirstTask      0x800'a13d          Code  Gb  portasm.o [1]
vPortValidateInterruptPriority
                         0x800'91b9    0x4e  Code  Gb  port.o [1]
vTaskDelay               0x800'99b3    0x4e  Code  Gb  tasks.o [1]
vTaskMissedYield         0x800'9e71     0xa  Code  Gb  tasks.o [1]
vTaskPlaceOnEventList    0x800'9d0d    0x34  Code  Gb  tasks.o [1]
vTaskSetTimeOutState     0x800'9dbd    0x26  Code  Gb  tasks.o [1]
vTaskStartScheduler      0x800'9a01    0x90  Code  Gb  tasks.o [1]
vTaskSuspendAll          0x800'9a91     0xc  Code  Gb  tasks.o [1]
vTaskSwitchContext       0x800'9c9f    0x6e  Code  Gb  tasks.o [1]
windowIcon               0x800'f46c   0x240  Data  Gb  Fonts.o [1]
writeFlash               0x800'c0c9    0x40  Code  Gb  FlashInterface.o [1]
x1Delta                  0x800'f6ac    0x2c  Data  Gb  DisplayDriver.o [1]
x2Delta                  0x801'8964    0x14  Data  Gb  DisplayDriver.o [1]
x3Delta                  0x801'871c    0x30  Data  Gb  DisplayDriver.o [1]
x4Delta                  0x801'874c    0x30  Data  Gb  DisplayDriver.o [1]
xBlockAllocatedBit      0x2000'71d8     0x4  Data  Lc  heap_4.o [1]
xDelayedTaskList1       0x2000'7110    0x14  Data  Lc  tasks.o [1]
xDelayedTaskList2       0x2000'7124    0x14  Data  Lc  tasks.o [1]
xFreeBytesRemaining     0x2000'71d0     0x4  Data  Lc  heap_4.o [1]
xHeapStructSize          0x801'8a1c     0x4  Data  Lc  heap_4.o [1]
xIdleTaskHandle         0x2000'7218     0x4  Data  Lc  tasks.o [1]
xMaximum                0x2000'0074     0x4  Data  Lc  DisplayDriver.o [1]
xMaximumSmallDisplay    0x2000'007c     0x4  Data  Lc  DisplayDriver.o [1]
xMinimumEverFreeBytesRemaining
                        0x2000'71d4     0x4  Data  Lc  heap_4.o [1]
xNextTaskUnblockTime    0x2000'7214     0x4  Data  Lc  tasks.o [1]
xNumOfOverflows         0x2000'720c     0x4  Data  Lc  tasks.o [1]
xPendingReadyList       0x2000'7138    0x14  Data  Lc  tasks.o [1]
xPortStartScheduler      0x800'907b    0xb4  Code  Gb  port.o [1]
xPortSysTickHandler      0x800'918f    0x28  Code  Gb  port.o [1]
xQueueCreateCountingSemaphore
                         0x800'a6a7    0x40  Code  Gb  queue.o [1]
xQueueGenericCreate      0x800'a619    0x5c  Code  Gb  queue.o [1]
xQueueGenericCreateStatic
                         0x800'a559    0xc0  Code  Gb  queue.o [1]
xQueueGenericReceive     0x800'a951   0x1ac  Code  Gb  queue.o [1]
xQueueGenericReset       0x800'a4c5    0x94  Code  Gb  queue.o [1]
xQueueGenericSend        0x800'a6e7   0x1a6  Code  Gb  queue.o [1]
xQueueGiveFromISR        0x800'a88d    0xc4  Code  Gb  queue.o [1]
xSchedulerRunning       0x2000'7200     0x4  Data  Lc  tasks.o [1]
xStart                  0x2000'7188     0x8  Data  Lc  heap_4.o [1]
xSuspendedTaskList      0x2000'7160    0x14  Data  Lc  tasks.o [1]
xTaskCheckForTimeOut     0x800'9de9    0x82  Code  Gb  tasks.o [1]
xTaskCreate              0x800'97eb    0x72  Code  Gb  tasks.o [1]
xTaskCreateStatic        0x800'976d    0x7e  Code  Gb  tasks.o [1]
xTaskGetSchedulerState   0x800'9fcb    0x20  Code  Gb  tasks.o [1]
xTaskGetTickCount        0x800'9b85     0x8  Code  Gb  tasks.o [1]
xTaskIncrementTick       0x800'9b8d   0x112  Code  Gb  tasks.o [1]
xTaskRemoveFromEventList
                         0x800'9d41    0x7c  Code  Gb  tasks.o [1]
xTaskResumeAll           0x800'9a9d    0xe8  Code  Gb  tasks.o [1]
xTasksWaitingTermination
                        0x2000'714c    0x14  Data  Lc  tasks.o [1]
xTickCount              0x2000'71f8     0x4  Data  Lc  tasks.o [1]
xYieldPending           0x2000'7208     0x4  Data  Lc  tasks.o [1]
yMaximum                0x2000'0078     0x4  Data  Lc  DisplayDriver.o [1]
yMaximumSmallDisplay    0x2000'0080     0x4  Data  Lc  DisplayDriver.o [1]
zero                     0x801'6508   0x100  Data  Gb  Fonts.o [1]


[1] = C:\Work\TimerOpenSource\BigClockOS\BigDisplay2019\EWARM\BigDisplay2019\Obj
[2] = dl7M_tlf.a
[3] = m7M_tls.a
[4] = rt7M_tl.a

  27'950 bytes of readonly  code memory
  41'130 bytes of readonly  data memory
  30'300 bytes of readwrite data memory

Errors: none
Warnings: none
