###############################################################################
#
# IAR ELF Linker V8.42.1.233/W32 for ARM                  02/Jan/2020  09:47:24
# Copyright 2007-2019 IAR Systems AB.
#
#    Output file  =
#        C:\Work\TimerOpenSource\Display\BigDisplay2019\EWARM\BigDisplay2019\Exe\BigDisplay2019.out
#    Map file     =
#        C:\Work\TimerOpenSource\Display\BigDisplay2019\EWARM\BigDisplay2019\List\BigDisplay2019.map
#    Command line =
#        -f C:\Users\CHARLE~1\AppData\Local\Temp\EW7C6D.tmp
#        (C:\Work\TimerOpenSource\Display\BigDisplay2019\EWARM\BigDisplay2019\Obj\cmsis_os.o
#        C:\Work\TimerOpenSource\Display\BigDisplay2019\EWARM\BigDisplay2019\Obj\crc.o
#        C:\Work\TimerOpenSource\Display\BigDisplay2019\EWARM\BigDisplay2019\Obj\croutine.o
#        C:\Work\TimerOpenSource\Display\BigDisplay2019\EWARM\BigDisplay2019\Obj\DisplayApplication.o
#        C:\Work\TimerOpenSource\Display\BigDisplay2019\EWARM\BigDisplay2019\Obj\DisplayDriver.o
#        C:\Work\TimerOpenSource\Display\BigDisplay2019\EWARM\BigDisplay2019\Obj\event_groups.o
#        C:\Work\TimerOpenSource\Display\BigDisplay2019\EWARM\BigDisplay2019\Obj\FlashInterface.o
#        C:\Work\TimerOpenSource\Display\BigDisplay2019\EWARM\BigDisplay2019\Obj\Fonts.o
#        C:\Work\TimerOpenSource\Display\BigDisplay2019\EWARM\BigDisplay2019\Obj\gpio.o
#        C:\Work\TimerOpenSource\Display\BigDisplay2019\EWARM\BigDisplay2019\Obj\gpioapi.o
#        C:\Work\TimerOpenSource\Display\BigDisplay2019\EWARM\BigDisplay2019\Obj\heap_4.o
#        C:\Work\TimerOpenSource\Display\BigDisplay2019\EWARM\BigDisplay2019\Obj\list.o
#        C:\Work\TimerOpenSource\Display\BigDisplay2019\EWARM\BigDisplay2019\Obj\main.o
#        C:\Work\TimerOpenSource\Display\BigDisplay2019\EWARM\BigDisplay2019\Obj\port.o
#        C:\Work\TimerOpenSource\Display\BigDisplay2019\EWARM\BigDisplay2019\Obj\portasm.o
#        C:\Work\TimerOpenSource\Display\BigDisplay2019\EWARM\BigDisplay2019\Obj\queue.o
#        C:\Work\TimerOpenSource\Display\BigDisplay2019\EWARM\BigDisplay2019\Obj\startup_stm32f446xx.o
#        C:\Work\TimerOpenSource\Display\BigDisplay2019\EWARM\BigDisplay2019\Obj\stm32f4xx_hal.o
#        C:\Work\TimerOpenSource\Display\BigDisplay2019\EWARM\BigDisplay2019\Obj\stm32f4xx_hal_cortex.o
#        C:\Work\TimerOpenSource\Display\BigDisplay2019\EWARM\BigDisplay2019\Obj\stm32f4xx_hal_dma.o
#        C:\Work\TimerOpenSource\Display\BigDisplay2019\EWARM\BigDisplay2019\Obj\stm32f4xx_hal_dma_ex.o
#        C:\Work\TimerOpenSource\Display\BigDisplay2019\EWARM\BigDisplay2019\Obj\stm32f4xx_hal_flash.o
#        C:\Work\TimerOpenSource\Display\BigDisplay2019\EWARM\BigDisplay2019\Obj\stm32f4xx_hal_flash_ex.o
#        C:\Work\TimerOpenSource\Display\BigDisplay2019\EWARM\BigDisplay2019\Obj\stm32f4xx_hal_flash_ramfunc.o
#        C:\Work\TimerOpenSource\Display\BigDisplay2019\EWARM\BigDisplay2019\Obj\stm32f4xx_hal_gpio.o
#        C:\Work\TimerOpenSource\Display\BigDisplay2019\EWARM\BigDisplay2019\Obj\stm32f4xx_hal_msp.o
#        C:\Work\TimerOpenSource\Display\BigDisplay2019\EWARM\BigDisplay2019\Obj\stm32f4xx_hal_pwr.o
#        C:\Work\TimerOpenSource\Display\BigDisplay2019\EWARM\BigDisplay2019\Obj\stm32f4xx_hal_pwr_ex.o
#        C:\Work\TimerOpenSource\Display\BigDisplay2019\EWARM\BigDisplay2019\Obj\stm32f4xx_hal_rcc.o
#        C:\Work\TimerOpenSource\Display\BigDisplay2019\EWARM\BigDisplay2019\Obj\stm32f4xx_hal_rcc_ex.o
#        C:\Work\TimerOpenSource\Display\BigDisplay2019\EWARM\BigDisplay2019\Obj\stm32f4xx_hal_tim.o
#        C:\Work\TimerOpenSource\Display\BigDisplay2019\EWARM\BigDisplay2019\Obj\stm32f4xx_hal_tim_ex.o
#        C:\Work\TimerOpenSource\Display\BigDisplay2019\EWARM\BigDisplay2019\Obj\stm32f4xx_hal_uart.o
#        C:\Work\TimerOpenSource\Display\BigDisplay2019\EWARM\BigDisplay2019\Obj\stm32f4xx_it.o
#        C:\Work\TimerOpenSource\Display\BigDisplay2019\EWARM\BigDisplay2019\Obj\stm32f4xx_ll_gpio.o
#        C:\Work\TimerOpenSource\Display\BigDisplay2019\EWARM\BigDisplay2019\Obj\stm32f4xx_ll_rcc.o
#        C:\Work\TimerOpenSource\Display\BigDisplay2019\EWARM\BigDisplay2019\Obj\stm32f4xx_ll_usart.o
#        C:\Work\TimerOpenSource\Display\BigDisplay2019\EWARM\BigDisplay2019\Obj\system_stm32f4xx.o
#        C:\Work\TimerOpenSource\Display\BigDisplay2019\EWARM\BigDisplay2019\Obj\tasks.o
#        C:\Work\TimerOpenSource\Display\BigDisplay2019\EWARM\BigDisplay2019\Obj\timers.o
#        C:\Work\TimerOpenSource\Display\BigDisplay2019\EWARM\BigDisplay2019\Obj\usart1.o
#        C:\Work\TimerOpenSource\Display\BigDisplay2019\EWARM\BigDisplay2019\Obj\usart2.o
#        C:\Work\TimerOpenSource\Display\BigDisplay2019\EWARM\BigDisplay2019\Obj\usart4.o
#        --redirect _Printf=_PrintfFull --redirect _Scanf=_ScanfFull
#        --no_out_extension -o
#        C:\Work\TimerOpenSource\Display\BigDisplay2019\EWARM\BigDisplay2019\Exe\BigDisplay2019.out
#        --map
#        C:\Work\TimerOpenSource\Display\BigDisplay2019\EWARM\BigDisplay2019\List\BigDisplay2019.map
#        --config
#        C:\Work\TimerOpenSource\Display\BigDisplay2019\EWARM/stm32f446xx_flash.icf
#        --entry __iar_program_start --vfe --text_out locale --no_free_heap)
#
###############################################################################

*******************************************************************************
*** RUNTIME MODEL ATTRIBUTES
***

CppFlavor       = *
__SystemLibrary = DLib
__dlib_version  = 6


*******************************************************************************
*** HEAP SELECTION
***

The no free heap was selected because of --no_free_heap.


*******************************************************************************
*** PLACEMENT SUMMARY
***

"A0":  place at address 0x800'0000 { ro section .intvec };
"P1":  place in [from 0x800'8000 to 0x807'ffff] { ro };
define block CSTACK with size = 1K, alignment = 8 { };
define block HEAP with size = 512, alignment = 8 { };
"P2":  place in [from 0x2000'0000 to 0x2001'ffff] {
          rw, block CSTACK, block HEAP };
initialize by copy { rw };

  Section            Kind         Address      Size  Object
  -------            ----         -------      ----  ------
"A0":                                         0x1c4
  .intvec            ro code   0x800'0000     0x1c4  startup_stm32f446xx.o [1]
                             - 0x800'01c4     0x1c4

"P1":                                      0x1'016b
  .text              ro code   0x800'8000    0x1024  DisplayDriver.o [1]
  .text              ro code   0x800'9024     0x238  port.o [1]
  .text              ro code   0x800'925c      0x66  ABImemset.o [4]
  .text              ro code   0x800'92c2      0x3a  zero_init3.o [4]
  .text              ro code   0x800'92fc     0x148  gpioapi.o [1]
  .text              ro code   0x800'9444     0x95c  tasks.o [1]
  CODE               ro code   0x800'9da0      0xa8  portasm.o [1]
  .text              ro code   0x800'9e48     0x1bc  stm32f4xx_ll_gpio.o [1]
  .text              ro code   0x800'a004     0x274  heap_4.o [1]
  .text              ro code   0x800'a278      0x9a  list.o [1]
  .rodata            const     0x800'a312       0x2  xlocale_c.o [2]
  .text              ro code   0x800'a314     0xba8  DisplayApplication.o [1]
  .text              ro code   0x800'aebc      0xde  crc.o [1]
  .text              ro code   0x800'af9c      0xa8  FlashInterface.o [1]
  .text              ro code   0x800'b044      0x4c  strtok.o [2]
  .text              ro code   0x800'b090     0x14c  iar_Stoulx.o [2]
  .text              ro code   0x800'b1dc     0x5a4  Fonts.o [1]
  .text              ro code   0x800'b780      0x14  toupper.o [2]
  .text              ro code   0x800'b794     0x2d2  usart2.o [1]
  .text              ro code   0x800'ba68     0x2d2  usart1.o [1]
  .text              ro code   0x800'bd3c      0xa6  ABImemcpy.o [4]
  .text              ro code   0x800'bde4      0x90  cmsis_os.o [1]
  .text              ro code   0x800'be74     0x2d2  usart4.o [1]
  .text              ro code   0x800'c148     0x220  stm32f4xx_hal_flash.o [1]
  .text              ro code   0x800'c368     0x2dc  stm32f4xx_hal_flash_ex.o [1]
  .text              ro code   0x800'c644      0x22  strspn.o [2]
  .text              ro code   0x800'c666      0x22  strcspn.o [2]
  .text              ro code   0x800'c688      0x14  isspace.o [2]
  .text              ro code   0x800'c69c      0x14  tolower.o [2]
  .text              ro code   0x800'c6b0      0x58  memchr.o [4]
  .text              ro code   0x800'c708      0x22  I64Shl.o [4]
  .text              ro code   0x800'c72c      0x74  xlocale_c.o [2]
  .text              ro code   0x800'c7a0     0x498  queue.o [1]
  .text              ro code   0x800'cc38     0x2cc  stm32f4xx_ll_usart.o [1]
  .text              ro code   0x800'cf04      0x28  isprint.o [2]
  .text              ro code   0x800'cf2c       0xc  stm32f4xx_hal.o [1]
  .text              ro code   0x800'cf38     0x198  stm32f4xx_ll_rcc.o [1]
  .text              ro code   0x800'd0d0      0x14  isalpha.o [2]
  .text              ro code   0x800'd0e4      0x14  ispunct.o [2]
  .text              ro code   0x800'd0f8     0x508  stm32f4xx_hal_rcc_ex.o [1]
  .text              ro code   0x800'd600     0x254  stm32f4xx_hal_gpio.o [1]
  .rodata            const     0x800'd854     0x240  Fonts.o [1]
  .rodata            const     0x800'da94     0x240  Fonts.o [1]
  .rodata            const     0x800'dcd4     0x240  Fonts.o [1]
  .rodata            const     0x800'df14     0x240  Fonts.o [1]
  .rodata            const     0x800'e154     0x240  Fonts.o [1]
  .rodata            const     0x800'e394     0x240  Fonts.o [1]
  .rodata            const     0x800'e5d4     0x240  Fonts.o [1]
  .rodata            const     0x800'e814     0x240  Fonts.o [1]
  .rodata            const     0x800'ea54     0x240  Fonts.o [1]
  .rodata            const     0x800'ec94      0x3c  main.o [1]
  .rodata            const     0x800'ecd0     0x200  Fonts.o [1]
  .rodata            const     0x800'eed0     0x200  Fonts.o [1]
  .rodata            const     0x800'f0d0     0x200  Fonts.o [1]
  .rodata            const     0x800'f2d0     0x200  Fonts.o [1]
  .rodata            const     0x800'f4d0     0x200  Fonts.o [1]
  .rodata            const     0x800'f6d0     0x200  Fonts.o [1]
  .rodata            const     0x800'f8d0     0x200  Fonts.o [1]
  .rodata            const     0x800'fad0     0x200  Fonts.o [1]
  .rodata            const     0x800'fcd0     0x200  Fonts.o [1]
  .rodata            const     0x800'fed0     0x200  Fonts.o [1]
  .rodata            const     0x801'00d0     0x200  Fonts.o [1]
  .rodata            const     0x801'02d0     0x200  Fonts.o [1]
  .rodata            const     0x801'04d0     0x200  Fonts.o [1]
  .rodata            const     0x801'06d0     0x200  Fonts.o [1]
  .rodata            const     0x801'08d0     0x200  Fonts.o [1]
  .rodata            const     0x801'0ad0     0x200  Fonts.o [1]
  .rodata            const     0x801'0cd0     0x200  Fonts.o [1]
  .rodata            const     0x801'0ed0     0x200  Fonts.o [1]
  .rodata            const     0x801'10d0     0x200  Fonts.o [1]
  .rodata            const     0x801'12d0     0x200  Fonts.o [1]
  .rodata            const     0x801'14d0     0x200  Fonts.o [1]
  .rodata            const     0x801'16d0     0x200  Fonts.o [1]
  .rodata            const     0x801'18d0     0x200  Fonts.o [1]
  .rodata            const     0x801'1ad0     0x200  Fonts.o [1]
  .rodata            const     0x801'1cd0     0x200  Fonts.o [1]
  .rodata            const     0x801'1ed0     0x200  Fonts.o [1]
  .rodata            const     0x801'20d0     0x200  Fonts.o [1]
  .rodata            const     0x801'22d0     0x200  Fonts.o [1]
  .rodata            const     0x801'24d0     0x200  Fonts.o [1]
  .rodata            const     0x801'26d0     0x200  Fonts.o [1]
  .rodata            const     0x801'28d0     0x200  Fonts.o [1]
  .rodata            const     0x801'2ad0     0x200  Fonts.o [1]
  .rodata            const     0x801'2cd0     0x200  Fonts.o [1]
  .rodata            const     0x801'2ed0     0x200  Fonts.o [1]
  .rodata            const     0x801'30d0     0x200  Fonts.o [1]
  .rodata            const     0x801'32d0     0x200  Fonts.o [1]
  .rodata            const     0x801'34d0     0x200  Fonts.o [1]
  .rodata            const     0x801'36d0     0x200  Fonts.o [1]
  .rodata            const     0x801'38d0     0x200  Fonts.o [1]
  .text              ro code   0x801'3ad0     0x1a4  stm32f4xx_hal_rcc.o [1]
  .text              ro code   0x801'3c74      0x28  stm32f4xx_hal.o [1]
  .text              ro code   0x801'3c9c     0x140  stm32f4xx_hal_cortex.o [1]
  .rodata            const     0x801'3ddc     0x100  crc.o [1]
  .rodata            const     0x801'3edc     0x100  crc.o [1]
  .rodata            const     0x801'3fdc     0x100  crc.o [1]
  .rodata            const     0x801'40dc      0x2c  DisplayDriver.o [1]
  .rodata            const     0x801'4108     0x100  Fonts.o [1]
  .rodata            const     0x801'4208     0x100  Fonts.o [1]
  .rodata            const     0x801'4308     0x100  Fonts.o [1]
  .rodata            const     0x801'4408     0x100  Fonts.o [1]
  .rodata            const     0x801'4508     0x100  Fonts.o [1]
  .rodata            const     0x801'4608     0x100  Fonts.o [1]
  .rodata            const     0x801'4708     0x100  Fonts.o [1]
  .rodata            const     0x801'4808     0x100  Fonts.o [1]
  .rodata            const     0x801'4908     0x100  Fonts.o [1]
  .rodata            const     0x801'4a08     0x100  Fonts.o [1]
  .rodata            const     0x801'4b08     0x100  Fonts.o [1]
  .rodata            const     0x801'4c08     0x100  Fonts.o [1]
  .rodata            const     0x801'4d08     0x100  Fonts.o [1]
  .rodata            const     0x801'4e08     0x100  Fonts.o [1]
  .rodata            const     0x801'4f08     0x100  Fonts.o [1]
  .rodata            const     0x801'5008     0x100  Fonts.o [1]
  .rodata            const     0x801'5108     0x100  Fonts.o [1]
  .rodata            const     0x801'5208     0x100  Fonts.o [1]
  .rodata            const     0x801'5308     0x100  Fonts.o [1]
  .rodata            const     0x801'5408     0x100  Fonts.o [1]
  .rodata            const     0x801'5508     0x100  Fonts.o [1]
  .rodata            const     0x801'5608     0x100  Fonts.o [1]
  .rodata            const     0x801'5708     0x100  Fonts.o [1]
  .rodata            const     0x801'5808     0x100  Fonts.o [1]
  .rodata            const     0x801'5908     0x100  Fonts.o [1]
  .rodata            const     0x801'5a08     0x100  Fonts.o [1]
  .rodata            const     0x801'5b08     0x100  Fonts.o [1]
  .rodata            const     0x801'5c08     0x100  Fonts.o [1]
  .rodata            const     0x801'5d08     0x100  Fonts.o [1]
  .rodata            const     0x801'5e08     0x100  Fonts.o [1]
  .rodata            const     0x801'5f08     0x100  Fonts.o [1]
  .rodata            const     0x801'6008     0x100  Fonts.o [1]
  .rodata            const     0x801'6108     0x100  Fonts.o [1]
  .rodata            const     0x801'6208     0x100  Fonts.o [1]
  .rodata            const     0x801'6308     0x100  Fonts.o [1]
  .rodata            const     0x801'6408     0x100  Fonts.o [1]
  .text              ro code   0x801'6508      0xf6  main.o [1]
  .text              ro code   0x801'6600      0x90  stm32f4xx_hal_pwr_ex.o [1]
  .text              ro code   0x801'6690      0x34  stm32f4xx_hal.o [1]
  .text              ro code   0x801'66c4      0xe0  gpio.o [1]
  .text              ro code   0x801'67a4      0x5e  stm32f4xx_hal_msp.o [1]
  .rodata            const     0x801'6804      0x80  Fonts.o [1]
  .rodata            const     0x801'6884      0x80  Fonts.o [1]
  .rodata            const     0x801'6904      0x80  Fonts.o [1]
  .rodata            const     0x801'6984      0x80  Fonts.o [1]
  .rodata            const     0x801'6a04      0x80  Fonts.o [1]
  .rodata            const     0x801'6a84      0x80  Fonts.o [1]
  .rodata            const     0x801'6b04      0x80  Fonts.o [1]
  .rodata            const     0x801'6b84      0x80  Fonts.o [1]
  .rodata            const     0x801'6c04      0x80  Fonts.o [1]
  .rodata            const     0x801'6c84      0x80  Fonts.o [1]
  .rodata            const     0x801'6d04      0x80  Fonts.o [1]
  .rodata            const     0x801'6d84      0x80  Fonts.o [1]
  .rodata            const     0x801'6e04      0x80  Fonts.o [1]
  .rodata            const     0x801'6e84      0x80  Fonts.o [1]
  .rodata            const     0x801'6f04      0x80  Fonts.o [1]
  .rodata            const     0x801'6f84      0x80  Fonts.o [1]
  .rodata            const     0x801'7004      0x80  Fonts.o [1]
  .rodata            const     0x801'7084      0x80  Fonts.o [1]
  .rodata            const     0x801'7104      0x80  Fonts.o [1]
  .rodata            const     0x801'7184      0x80  Fonts.o [1]
  .rodata            const     0x801'7204      0x80  Fonts.o [1]
  .rodata            const     0x801'7284      0x80  Fonts.o [1]
  .rodata            const     0x801'7304      0x80  Fonts.o [1]
  .rodata            const     0x801'7384      0x80  Fonts.o [1]
  .rodata            const     0x801'7404      0x80  Fonts.o [1]
  .rodata            const     0x801'7484      0x80  Fonts.o [1]
  .rodata            const     0x801'7504      0x80  Fonts.o [1]
  .rodata            const     0x801'7584      0x80  Fonts.o [1]
  .rodata            const     0x801'7604      0x80  Fonts.o [1]
  .rodata            const     0x801'7684      0x80  Fonts.o [1]
  .rodata            const     0x801'7704      0x80  Fonts.o [1]
  .rodata            const     0x801'7784      0x80  Fonts.o [1]
  .rodata            const     0x801'7804      0x80  Fonts.o [1]
  .rodata            const     0x801'7884      0x80  Fonts.o [1]
  .rodata            const     0x801'7904      0x80  Fonts.o [1]
  .rodata            const     0x801'7984      0x80  Fonts.o [1]
  .text              ro code   0x801'7a04      0x78  lz77_init_single.o [4]
  .rodata            const     0x801'7a7c      0x68  Fonts.o [1]
  .rodata            const     0x801'7ae4      0x68  Fonts.o [1]
  .rodata            const     0x801'7b4c      0x68  Fonts.o [1]
  .text              ro code   0x801'7bb4      0x60  system_stm32f4xx.o [1]
  .rodata            const     0x801'7c14      0x50  iar_Stoulx.o [2]
  .rodata            const     0x801'7c64      0x30  DisplayDriver.o [1]
  .rodata            const     0x801'7c94      0x30  DisplayDriver.o [1]
  .rodata            const     0x801'7cc4      0x28  Fonts.o [1]
  .rodata            const     0x801'7cec      0x28  Fonts.o [1]
  .rodata            const     0x801'7d14      0x28  Fonts.o [1]
  .text              ro code   0x801'7d3c      0x28  data_init.o [4]
  .rodata            const     0x801'7d64      0x24  Fonts.o [1]
  .rodata            const     0x801'7d88      0x24  Fonts.o [1]
  .text              ro code   0x801'7dac      0x22  fpinit_M.o [3]
  .iar.init_table    const     0x801'7dd0      0x20  - Linker created -
  .text              ro code   0x801'7df0      0x1e  cmain.o [4]
  .text              ro code   0x801'7e0e       0x4  low_level_init.o [2]
  .text              ro code   0x801'7e12       0x4  exit.o [2]
  .text              ro code   0x801'7e18       0xa  cexit.o [4]
  .text              ro code   0x801'7e24       0xc  XXexit.o [4]
  .rodata            const     0x801'7e30      0x1c  DisplayApplication.o [1]
  .rodata            const     0x801'7e4c      0x1c  DisplayApplication.o [1]
  .rodata            const     0x801'7e68      0x1c  DisplayApplication.o [1]
  .rodata            const     0x801'7e84      0x1c  DisplayApplication.o [1]
  .rodata            const     0x801'7ea0      0x1c  DisplayApplication.o [1]
  .rodata            const     0x801'7ebc      0x14  DisplayApplication.o [1]
  .rodata            const     0x801'7ed0      0x14  DisplayDriver.o [1]
  .rodata            const     0x801'7ee4      0x10  DisplayApplication.o [1]
  .rodata            const     0x801'7ef4      0x10  system_stm32f4xx.o [1]
  .text              ro code   0x801'7f04      0x10  startup_stm32f446xx.o [1]
  .text              ro code   0x801'7f14      0x10  stm32f4xx_hal.o [1]
  .rodata            const     0x801'7f24       0xc  DisplayApplication.o [1]
  .rodata            const     0x801'7f30       0xc  DisplayApplication.o [1]
  .rodata            const     0x801'7f3c       0xc  DisplayApplication.o [1]
  .text              ro code   0x801'7f48       0xc  stm32f4xx_it.o [1]
  .text              ro code   0x801'7f54       0xc  cstartup_M.o [4]
  .rodata            const     0x801'7f60       0x8  system_stm32f4xx.o [1]
  .rodata            const     0x801'7f68       0x8  tasks.o [1]
  .rodata            const     0x801'7f70       0x4  heap_4.o [1]
  .rodata            const     0x801'7f74       0x4  port.o [1]
  .text              ro code   0x801'7f78       0x4  startup_stm32f446xx.o [1]
  .text              ro code   0x801'7f7c       0x4  startup_stm32f446xx.o [1]
  .text              ro code   0x801'7f80       0x4  startup_stm32f446xx.o [1]
  .text              ro code   0x801'7f84       0x4  startup_stm32f446xx.o [1]
  .text              ro code   0x801'7f88       0x4  startup_stm32f446xx.o [1]
  .text              ro code   0x801'7f8c       0x4  startup_stm32f446xx.o [1]
  .text              ro code   0x801'7f90       0x4  startup_stm32f446xx.o [1]
  .text              ro code   0x801'7f94       0x4  startup_stm32f446xx.o [1]
  .text              ro code   0x801'7f98       0x4  startup_stm32f446xx.o [1]
  .text              ro code   0x801'7f9c       0x4  startup_stm32f446xx.o [1]
  .text              ro code   0x801'7fa0       0x4  startup_stm32f446xx.o [1]
  .text              ro code   0x801'7fa4       0x4  startup_stm32f446xx.o [1]
  .text              ro code   0x801'7fa8       0x4  startup_stm32f446xx.o [1]
  .text              ro code   0x801'7fac       0x4  startup_stm32f446xx.o [1]
  .text              ro code   0x801'7fb0       0x4  startup_stm32f446xx.o [1]
  .text              ro code   0x801'7fb4       0x4  startup_stm32f446xx.o [1]
  .text              ro code   0x801'7fb8       0x4  startup_stm32f446xx.o [1]
  .text              ro code   0x801'7fbc       0x4  startup_stm32f446xx.o [1]
  .text              ro code   0x801'7fc0       0x4  startup_stm32f446xx.o [1]
  .text              ro code   0x801'7fc4       0x4  startup_stm32f446xx.o [1]
  .text              ro code   0x801'7fc8       0x4  startup_stm32f446xx.o [1]
  .text              ro code   0x801'7fcc       0x4  startup_stm32f446xx.o [1]
  .text              ro code   0x801'7fd0       0x4  startup_stm32f446xx.o [1]
  .text              ro code   0x801'7fd4       0x4  startup_stm32f446xx.o [1]
  .text              ro code   0x801'7fd8       0x4  startup_stm32f446xx.o [1]
  .text              ro code   0x801'7fdc       0x4  startup_stm32f446xx.o [1]
  .text              ro code   0x801'7fe0       0x4  startup_stm32f446xx.o [1]
  .text              ro code   0x801'7fe4       0x4  startup_stm32f446xx.o [1]
  .text              ro code   0x801'7fe8       0x4  startup_stm32f446xx.o [1]
  .text              ro code   0x801'7fec       0x4  startup_stm32f446xx.o [1]
  .text              ro code   0x801'7ff0       0x4  startup_stm32f446xx.o [1]
  .text              ro code   0x801'7ff4       0x4  startup_stm32f446xx.o [1]
  .text              ro code   0x801'7ff8       0x4  startup_stm32f446xx.o [1]
  .text              ro code   0x801'7ffc       0x4  startup_stm32f446xx.o [1]
  .text              ro code   0x801'8000       0x4  startup_stm32f446xx.o [1]
  .text              ro code   0x801'8004       0x4  startup_stm32f446xx.o [1]
  .text              ro code   0x801'8008       0x4  startup_stm32f446xx.o [1]
  .text              ro code   0x801'800c       0x4  startup_stm32f446xx.o [1]
  .text              ro code   0x801'8010       0x4  startup_stm32f446xx.o [1]
  .text              ro code   0x801'8014       0x4  startup_stm32f446xx.o [1]
  .text              ro code   0x801'8018       0x4  startup_stm32f446xx.o [1]
  .text              ro code   0x801'801c       0x4  startup_stm32f446xx.o [1]
  .text              ro code   0x801'8020       0x4  startup_stm32f446xx.o [1]
  .text              ro code   0x801'8024       0x4  startup_stm32f446xx.o [1]
  .text              ro code   0x801'8028       0x4  startup_stm32f446xx.o [1]
  .text              ro code   0x801'802c       0x4  startup_stm32f446xx.o [1]
  .text              ro code   0x801'8030       0x4  startup_stm32f446xx.o [1]
  .text              ro code   0x801'8034       0x4  startup_stm32f446xx.o [1]
  .text              ro code   0x801'8038       0x4  startup_stm32f446xx.o [1]
  .text              ro code   0x801'803c       0x4  startup_stm32f446xx.o [1]
  .text              ro code   0x801'8040       0x4  startup_stm32f446xx.o [1]
  .text              ro code   0x801'8044       0x4  startup_stm32f446xx.o [1]
  .text              ro code   0x801'8048       0x4  startup_stm32f446xx.o [1]
  .text              ro code   0x801'804c       0x4  startup_stm32f446xx.o [1]
  .text              ro code   0x801'8050       0x4  startup_stm32f446xx.o [1]
  .text              ro code   0x801'8054       0x4  startup_stm32f446xx.o [1]
  .text              ro code   0x801'8058       0x4  startup_stm32f446xx.o [1]
  .text              ro code   0x801'805c       0x4  startup_stm32f446xx.o [1]
  .text              ro code   0x801'8060       0x4  startup_stm32f446xx.o [1]
  .text              ro code   0x801'8064       0x4  startup_stm32f446xx.o [1]
  .text              ro code   0x801'8068       0x4  startup_stm32f446xx.o [1]
  .text              ro code   0x801'806c       0x4  startup_stm32f446xx.o [1]
  .text              ro code   0x801'8070       0x4  startup_stm32f446xx.o [1]
  .text              ro code   0x801'8074       0x4  startup_stm32f446xx.o [1]
  .text              ro code   0x801'8078       0x4  startup_stm32f446xx.o [1]
  .text              ro code   0x801'807c       0x4  startup_stm32f446xx.o [1]
  .text              ro code   0x801'8080       0x4  startup_stm32f446xx.o [1]
  .text              ro code   0x801'8084       0x4  startup_stm32f446xx.o [1]
  .text              ro code   0x801'8088       0x4  startup_stm32f446xx.o [1]
  .text              ro code   0x801'808c       0x4  startup_stm32f446xx.o [1]
  .text              ro code   0x801'8090       0x4  startup_stm32f446xx.o [1]
  .text              ro code   0x801'8094       0x4  startup_stm32f446xx.o [1]
  .text              ro code   0x801'8098       0x4  startup_stm32f446xx.o [1]
  .text              ro code   0x801'809c       0x4  startup_stm32f446xx.o [1]
  .text              ro code   0x801'80a0       0x4  startup_stm32f446xx.o [1]
  .text              ro code   0x801'80a4       0x4  startup_stm32f446xx.o [1]
  .text              ro code   0x801'80a8       0x4  startup_stm32f446xx.o [1]
  .text              ro code   0x801'80ac       0x4  startup_stm32f446xx.o [1]
  .text              ro code   0x801'80b0       0x4  startup_stm32f446xx.o [1]
  .text              ro code   0x801'80b4       0x4  startup_stm32f446xx.o [1]
  .text              ro code   0x801'80b8       0x4  startup_stm32f446xx.o [1]
  .text              ro code   0x801'80bc       0x4  startup_stm32f446xx.o [1]
  .text              ro code   0x801'80c0       0x4  startup_stm32f446xx.o [1]
  .text              ro code   0x801'80c4       0x4  startup_stm32f446xx.o [1]
  .text              ro code   0x801'80c8       0x4  startup_stm32f446xx.o [1]
  .text              ro code   0x801'80cc       0x4  startup_stm32f446xx.o [1]
  .text              ro code   0x801'80d0       0x4  startup_stm32f446xx.o [1]
  .text              ro code   0x801'80d4       0x4  startup_stm32f446xx.o [1]
  .text              ro code   0x801'80d8       0x4  startup_stm32f446xx.o [1]
  .rodata            const     0x801'80dc       0x0  zero_init3.o [4]
  .rodata            const     0x801'80dc       0x0  lz77_init_single.o [4]
  Initializer bytes  const     0x801'80dc      0x8f  <for P2-1>
                             - 0x801'816b  0x1'016b

"P2", part 1 of 3:                            0x105
  P2-1                        0x2000'0000     0x105  <Init block>
    .data            inited   0x2000'0000       0x4  DisplayDriver.o [1]
    .data            inited   0x2000'0004       0x8  DisplayDriver.o [1]
    .data            inited   0x2000'000c      0x60  DisplayDriver.o [1]
    .data            inited   0x2000'006c       0x4  DisplayDriver.o [1]
    .data            inited   0x2000'0070       0x4  DisplayDriver.o [1]
    .data            inited   0x2000'0074       0x4  DisplayDriver.o [1]
    .data            inited   0x2000'0078       0x4  DisplayDriver.o [1]
    .data            inited   0x2000'007c       0x4  DisplayDriver.o [1]
    .data            inited   0x2000'0080       0x4  DisplayDriver.o [1]
    .data            inited   0x2000'0084      0x14  Fonts.o [1]
    .data            inited   0x2000'0098      0x1c  Fonts.o [1]
    .data            inited   0x2000'00b4       0x4  port.o [1]
    .data            inited   0x2000'00b8       0x4  system_stm32f4xx.o [1]
    .data            inited   0x2000'00bc      0x48  xlocale_c.o [2]
    .data            inited   0x2000'0104       0x1  Fonts.o [1]
                            - 0x2000'0105     0x105

"P2", part 2 of 3:                           0x708c
  .bss               zero     0x2000'0108    0x3c00  heap_4.o [1]
  .bss               zero     0x2000'3d08    0x2800  DisplayDriver.o [1]
  .bss               zero     0x2000'6508     0x200  DisplayApplication.o [1]
  .bss               zero     0x2000'6708     0x200  usart1.o [1]
  .bss               zero     0x2000'6908     0x200  usart2.o [1]
  .bss               zero     0x2000'6b08     0x200  usart4.o [1]
  .bss               zero     0x2000'6d08     0x140  tasks.o [1]
  .bss               zero     0x2000'6e48      0x50  DisplayApplication.o [1]
  .bss               zero     0x2000'6e98      0x50  DisplayApplication.o [1]
  .bss               zero     0x2000'6ee8      0x50  DisplayApplication.o [1]
  .bss               zero     0x2000'6f38      0x4c  DisplayApplication.o [1]
  .bss               zero     0x2000'6f84      0x20  Fonts.o [1]
  .bss               zero     0x2000'6fa4      0x20  stm32f4xx_hal_flash.o [1]
  .bss               zero     0x2000'6fc4      0x1c  FlashInterface.o [1]
  .bss               zero     0x2000'6fe0      0x1c  usart1.o [1]
  .bss               zero     0x2000'6ffc      0x1c  usart2.o [1]
  .bss               zero     0x2000'7018      0x1c  usart4.o [1]
  .bss               zero     0x2000'7034      0x18  gpioapi.o [1]
  .bss               zero     0x2000'704c      0x14  FlashInterface.o [1]
  .bss               zero     0x2000'7060      0x14  tasks.o [1]
  .bss               zero     0x2000'7074      0x14  tasks.o [1]
  .bss               zero     0x2000'7088      0x14  tasks.o [1]
  .bss               zero     0x2000'709c      0x14  tasks.o [1]
  .bss               zero     0x2000'70b0      0x14  tasks.o [1]
  .bss               zero     0x2000'70c4       0x8  heap_4.o [1]
  .bss               zero     0x2000'70cc       0x4  DisplayApplication.o [1]
  .bss               zero     0x2000'70d0       0x4  DisplayApplication.o [1]
  .bss               zero     0x2000'70d4       0x4  DisplayApplication.o [1]
  .bss               zero     0x2000'70d8       0x4  DisplayApplication.o [1]
  .bss               zero     0x2000'70dc       0x4  DisplayApplication.o [1]
  .bss               zero     0x2000'70e0       0x4  DisplayApplication.o [1]
  .bss               zero     0x2000'70e4       0x4  DisplayApplication.o [1]
  .bss               zero     0x2000'70e8       0x4  DisplayApplication.o [1]
  .bss               zero     0x2000'70ec       0x4  DisplayApplication.o [1]
  .bss               zero     0x2000'70f0       0x4  DisplayDriver.o [1]
  .bss               zero     0x2000'70f4       0x4  DisplayDriver.o [1]
  .bss               zero     0x2000'70f8       0x4  DisplayDriver.o [1]
  .bss               zero     0x2000'70fc       0x4  DisplayDriver.o [1]
  .bss               zero     0x2000'7100       0x4  DisplayDriver.o [1]
  .bss               zero     0x2000'7104       0x4  FlashInterface.o [1]
  .bss               zero     0x2000'7108       0x4  heap_4.o [1]
  .bss               zero     0x2000'710c       0x4  heap_4.o [1]
  .bss               zero     0x2000'7110       0x4  heap_4.o [1]
  .bss               zero     0x2000'7114       0x4  heap_4.o [1]
  .bss               zero     0x2000'7118       0x4  port.o [1]
  .bss               zero     0x2000'711c       0x4  stm32f4xx_hal.o [1]
  .bss               zero     0x2000'7120       0x4  tasks.o [1]
  .bss               zero     0x2000'7124       0x4  tasks.o [1]
  .bss               zero     0x2000'7128       0x4  tasks.o [1]
  .bss               zero     0x2000'712c       0x4  tasks.o [1]
  .bss               zero     0x2000'7130       0x4  tasks.o [1]
  .bss               zero     0x2000'7134       0x4  tasks.o [1]
  .bss               zero     0x2000'7138       0x4  tasks.o [1]
  .bss               zero     0x2000'713c       0x4  tasks.o [1]
  .bss               zero     0x2000'7140       0x4  tasks.o [1]
  .bss               zero     0x2000'7144       0x4  tasks.o [1]
  .bss               zero     0x2000'7148       0x4  tasks.o [1]
  .bss               zero     0x2000'714c       0x4  tasks.o [1]
  .bss               zero     0x2000'7150       0x4  tasks.o [1]
  .bss               zero     0x2000'7154       0x4  tasks.o [1]
  .bss               zero     0x2000'7158       0x4  tasks.o [1]
  .bss               zero     0x2000'715c       0x4  usart1.o [1]
  .bss               zero     0x2000'7160       0x4  usart1.o [1]
  .bss               zero     0x2000'7164       0x4  usart1.o [1]
  .bss               zero     0x2000'7168       0x4  usart1.o [1]
  .bss               zero     0x2000'716c       0x4  usart2.o [1]
  .bss               zero     0x2000'7170       0x4  usart2.o [1]
  .bss               zero     0x2000'7174       0x4  usart2.o [1]
  .bss               zero     0x2000'7178       0x4  usart2.o [1]
  .bss               zero     0x2000'717c       0x4  usart4.o [1]
  .bss               zero     0x2000'7180       0x4  usart4.o [1]
  .bss               zero     0x2000'7184       0x4  usart4.o [1]
  .bss               zero     0x2000'7188       0x4  usart4.o [1]
  .bss               zero     0x2000'718c       0x4  strtok.o [2]
  .bss               zero     0x2000'7190       0x1  Fonts.o [1]
  .bss               zero     0x2000'7191       0x1  port.o [1]
                            - 0x2000'7192    0x708a

"P2", part 3 of 3:                            0x400
  CSTACK                      0x2000'7198     0x400  <Block>
    CSTACK           uninit   0x2000'7198     0x400  <Block tail>
                            - 0x2000'7598     0x400

Unused ranges:

         From           To      Size
         ----           --      ----
   0x801'816b   0x807'ffff  0x6'7e95
  0x2000'0105  0x2000'0107       0x3
  0x2000'7194  0x2000'7197       0x4
  0x2000'7598  0x2001'ffff  0x1'8a68


*******************************************************************************
*** INIT TABLE
***

          Address      Size
          -------      ----
Zero (__iar_zero_init3)
    1 destination range, total size 0x708a:
          0x2000'0108  0x708a

Copy/lz77 (__iar_lz77_init_single3)
    1 source range, total size 0x8f (54% of destination):
           0x801'80dc    0x8f
    1 destination range, total size 0x105:
          0x2000'0000   0x105



*******************************************************************************
*** MODULE SUMMARY
***

    Module                    ro code  ro data  rw data
    ------                    -------  -------  -------
command line/config:
    ---------------------------------------------------
    Total:

C:\Work\TimerOpenSource\Display\BigDisplay2019\EWARM\BigDisplay2019\Obj: [1]
    DisplayApplication.o        2'984      212      864
    DisplayDriver.o             4'132      232   10'392
    FlashInterface.o              168                52
    Fonts.o                     1'444   39'507       82
    cmsis_os.o                    144
    crc.o                         222      768
    gpio.o                        224
    gpioapi.o                     328                24
    heap_4.o                      628        4   15'384
    list.o                        154
    main.o                        246       60
    port.o                        568        6        9
    portasm.o                     168
    queue.o                     1'176
    startup_stm32f446xx.o         824
    stm32f4xx_hal.o               120                 4
    stm32f4xx_hal_cortex.o        320
    stm32f4xx_hal_flash.o         544                32
    stm32f4xx_hal_flash_ex.o      732
    stm32f4xx_hal_gpio.o          596
    stm32f4xx_hal_msp.o            94
    stm32f4xx_hal_pwr_ex.o        144
    stm32f4xx_hal_rcc.o           420
    stm32f4xx_hal_rcc_ex.o      1'288
    stm32f4xx_it.o                 12
    stm32f4xx_ll_gpio.o           444
    stm32f4xx_ll_rcc.o            408
    stm32f4xx_ll_usart.o          716
    system_stm32f4xx.o             96       27        4
    tasks.o                     2'396        8      480
    usart1.o                      722               556
    usart2.o                      722               556
    usart4.o                      722               556
    ---------------------------------------------------
    Total:                     23'906   40'824   28'995

dl7M_tlf.a: [2]
    exit.o                          4
    iar_Stoulx.o                  332       80
    isalpha.o                      20
    isprint.o                      40
    ispunct.o                      20
    isspace.o                      20
    low_level_init.o                4
    strcspn.o                      34
    strspn.o                       34
    strtok.o                       76                 4
    tolower.o                      20
    toupper.o                      20
    xlocale_c.o                   116       41       72
    ---------------------------------------------------
    Total:                        740      121       76

m7M_tls.a: [3]
    fpinit_M.o                     34
    ---------------------------------------------------
    Total:                         34

rt7M_tl.a: [4]
    ABImemcpy.o                   166
    ABImemset.o                   102
    I64Shl.o                       34
    XXexit.o                       12
    cexit.o                        10
    cmain.o                        30
    cstartup_M.o                   12
    data_init.o                    40
    lz77_init_single.o            120
    memchr.o                       88
    zero_init3.o                   58
    ---------------------------------------------------
    Total:                        672

    Gaps                           18        4
    Linker created                          32    1'024
-------------------------------------------------------
    Grand Total:               25'370   40'981   30'095


*******************************************************************************
*** ENTRY LIST
***

Entry                       Address    Size  Type      Object
-----                       -------    ----  ----      ------
.iar.init_table$$Base    0x801'7dd0           --   Gb  - Linker created -
.iar.init_table$$Limit   0x801'7df0           --   Gb  - Linker created -
?main                    0x801'7df1          Code  Gb  cmain.o [4]
AHBPrescTable            0x801'7ef4    0x10  Data  Gb  system_stm32f4xx.o [1]
APBPrescTable            0x801'7f60     0x8  Data  Gb  system_stm32f4xx.o [1]
CSTACK$$Base            0x2000'7198           --   Gb  - Linker created -
CSTACK$$Limit           0x2000'7598           --   Gb  - Linker created -
EraseInitStruct         0x2000'704c    0x14  Data  Lc  FlashInterface.o [1]
FLASH_Erase_Sector       0x800'c4bd    0x6a  Code  Gb  stm32f4xx_hal_flash_ex.o [1]
FLASH_FlushCaches        0x800'c5dd    0x50  Code  Gb  stm32f4xx_hal_flash_ex.o [1]
FLASH_MassErase          0x800'c495    0x28  Code  Lc  stm32f4xx_hal_flash_ex.o [1]
FLASH_OB_BOR_LevelConfig
                         0x800'c5c7    0x16  Code  Lc  stm32f4xx_hal_flash_ex.o [1]
FLASH_OB_DisableWRP      0x800'c54b    0x24  Code  Lc  stm32f4xx_hal_flash_ex.o [1]
FLASH_OB_EnableWRP       0x800'c527    0x24  Code  Lc  stm32f4xx_hal_flash_ex.o [1]
FLASH_OB_RDP_LevelConfig
                         0x800'c56f    0x1e  Code  Lc  stm32f4xx_hal_flash_ex.o [1]
FLASH_OB_UserConfig      0x800'c58d    0x3a  Code  Lc  stm32f4xx_hal_flash_ex.o [1]
FLASH_Program_Byte       0x800'c2b5    0x1a  Code  Lc  stm32f4xx_hal_flash.o [1]
FLASH_Program_DoubleWord
                         0x800'c253    0x26  Code  Lc  stm32f4xx_hal_flash.o [1]
FLASH_Program_HalfWord   0x800'c297    0x1e  Code  Lc  stm32f4xx_hal_flash.o [1]
FLASH_Program_Word       0x800'c279    0x1e  Code  Lc  stm32f4xx_hal_flash.o [1]
FLASH_SetErrorCode       0x800'c2cf    0x7e  Code  Lc  stm32f4xx_hal_flash.o [1]
FLASH_WaitForLastOperation
                         0x800'c203    0x50  Code  Gb  stm32f4xx_hal_flash.o [1]
GPIO_WriteBit            0x800'9425    0x20  Code  Gb  gpioapi.o [1]
HAL_FLASHEx_Erase        0x800'c369    0xac  Code  Gb  stm32f4xx_hal_flash_ex.o [1]
HAL_FLASHEx_OBProgram    0x800'c415    0x80  Code  Gb  stm32f4xx_hal_flash_ex.o [1]
HAL_FLASH_Lock           0x800'c1f5     0xe  Code  Gb  stm32f4xx_hal_flash.o [1]
HAL_FLASH_Program        0x800'c149    0x92  Code  Gb  stm32f4xx_hal_flash.o [1]
HAL_FLASH_Unlock         0x800'c1db    0x1a  Code  Gb  stm32f4xx_hal_flash.o [1]
HAL_GPIO_Init            0x800'd601   0x204  Code  Gb  stm32f4xx_hal_gpio.o [1]
HAL_GPIO_WritePin        0x800'd805    0x1a  Code  Gb  stm32f4xx_hal_gpio.o [1]
HAL_GetTick              0x800'cf2d     0xc  Code  Wk  stm32f4xx_hal.o [1]
HAL_IncTick              0x801'7f15    0x10  Code  Wk  stm32f4xx_hal.o [1]
HAL_Init                 0x801'6691    0x30  Code  Gb  stm32f4xx_hal.o [1]
HAL_InitTick             0x801'3c75    0x28  Code  Wk  stm32f4xx_hal.o [1]
HAL_MspInit              0x801'67a5    0x5e  Code  Gb  stm32f4xx_hal_msp.o [1]
HAL_NVIC_SetPriority     0x801'3d6d    0x2a  Code  Gb  stm32f4xx_hal_cortex.o [1]
HAL_NVIC_SetPriorityGrouping
                         0x801'3d61     0xc  Code  Gb  stm32f4xx_hal_cortex.o [1]
HAL_PWREx_EnableOverDrive
                         0x801'6601    0x84  Code  Gb  stm32f4xx_hal_pwr_ex.o [1]
HAL_RCC_ClockConfig      0x801'3ad1   0x188  Code  Gb  stm32f4xx_hal_rcc.o [1]
HAL_RCC_GetHCLKFreq      0x801'3c59     0x6  Code  Gb  stm32f4xx_hal_rcc.o [1]
HAL_RCC_GetSysClockFreq
                         0x800'd0f9   0x11e  Code  Gb  stm32f4xx_hal_rcc_ex.o [1]
HAL_RCC_OscConfig        0x800'd221   0x3ac  Code  Gb  stm32f4xx_hal_rcc_ex.o [1]
HAL_SYSTICK_CLKSourceConfig
                         0x801'3da3    0x1c  Code  Gb  stm32f4xx_hal_cortex.o [1]
HAL_SYSTICK_Config       0x801'3d97     0xc  Code  Gb  stm32f4xx_hal_cortex.o [1]
LL_AHB1_GRP1_EnableClock
                         0x800'a315    0x18  Code  Lc  DisplayApplication.o [1]
LL_AHB1_GRP1_EnableClock
                         0x800'8001    0x18  Code  Lc  DisplayDriver.o [1]
LL_AHB1_GRP1_EnableClock
                         0x800'baab    0x16  Code  Lc  usart1.o [1]
LL_AHB1_GRP1_EnableClock
                         0x800'b7d7    0x16  Code  Lc  usart2.o [1]
LL_AHB1_GRP1_EnableClock
                         0x800'beb7    0x16  Code  Lc  usart4.o [1]
LL_AHB2_GRP1_EnableClock
                         0x800'8019    0x18  Code  Lc  DisplayDriver.o [1]
LL_APB1_GRP1_EnableClock
                         0x800'b7ed    0x16  Code  Lc  usart2.o [1]
LL_APB1_GRP1_EnableClock
                         0x800'becd    0x16  Code  Lc  usart4.o [1]
LL_APB1_GRP1_ForceReset
                         0x800'cd71     0xa  Code  Lc  stm32f4xx_ll_usart.o [1]
LL_APB1_GRP1_ReleaseReset
                         0x800'cd7b     0xa  Code  Lc  stm32f4xx_ll_usart.o [1]
LL_APB2_GRP1_EnableClock
                         0x800'bac1    0x16  Code  Lc  usart1.o [1]
LL_APB2_GRP1_ForceReset
                         0x800'cd85     0xa  Code  Lc  stm32f4xx_ll_usart.o [1]
LL_APB2_GRP1_ReleaseReset
                         0x800'cd8f     0xa  Code  Lc  stm32f4xx_ll_usart.o [1]
LL_GPIO_Init             0x800'9f67    0x9e  Code  Gb  stm32f4xx_ll_gpio.o [1]
LL_GPIO_ResetOutputPin   0x800'9371     0x6  Code  Lc  gpioapi.o [1]
LL_GPIO_SetAFPin_0_7     0x800'92fd    0x34  Code  Lc  gpioapi.o [1]
LL_GPIO_SetAFPin_0_7     0x800'9ef7    0x34  Code  Lc  stm32f4xx_ll_gpio.o [1]
LL_GPIO_SetAFPin_8_15    0x800'9331    0x3c  Code  Lc  gpioapi.o [1]
LL_GPIO_SetAFPin_8_15    0x800'9f2b    0x3c  Code  Lc  stm32f4xx_ll_gpio.o [1]
LL_GPIO_SetOutputPin     0x800'936d     0x4  Code  Lc  gpioapi.o [1]
LL_GPIO_SetPinMode       0x800'9e49    0x34  Code  Lc  stm32f4xx_ll_gpio.o [1]
LL_GPIO_SetPinOutputType
                         0x800'9e7d    0x12  Code  Lc  stm32f4xx_ll_gpio.o [1]
LL_GPIO_SetPinPull       0x800'9ec3    0x34  Code  Lc  stm32f4xx_ll_gpio.o [1]
LL_GPIO_SetPinSpeed      0x800'9e8f    0x34  Code  Lc  stm32f4xx_ll_gpio.o [1]
LL_RCC_GetAHBPrescaler   0x800'cf45     0xc  Code  Lc  stm32f4xx_ll_rcc.o [1]
LL_RCC_GetAPB1Prescaler
                         0x800'cf51     0xc  Code  Lc  stm32f4xx_ll_rcc.o [1]
LL_RCC_GetAPB2Prescaler
                         0x800'cf5d     0xc  Code  Lc  stm32f4xx_ll_rcc.o [1]
LL_RCC_GetSysClkSource   0x800'cf39     0xc  Code  Lc  stm32f4xx_ll_rcc.o [1]
LL_RCC_GetSystemClocksFreq
                         0x800'cfa5    0x24  Code  Gb  stm32f4xx_ll_rcc.o [1]
LL_RCC_PLL_GetDivider    0x800'cf99     0xc  Code  Lc  stm32f4xx_ll_rcc.o [1]
LL_RCC_PLL_GetMainSource
                         0x800'cf8d     0xc  Code  Lc  stm32f4xx_ll_rcc.o [1]
LL_RCC_PLL_GetN          0x800'cf69     0xc  Code  Lc  stm32f4xx_ll_rcc.o [1]
LL_RCC_PLL_GetP          0x800'cf75     0xc  Code  Lc  stm32f4xx_ll_rcc.o [1]
LL_RCC_PLL_GetR          0x800'cf81     0xc  Code  Lc  stm32f4xx_ll_rcc.o [1]
LL_USART_DeInit          0x800'cd99    0x98  Code  Gb  stm32f4xx_ll_usart.o [1]
LL_USART_Init            0x800'ce31    0xac  Code  Gb  stm32f4xx_ll_usart.o [1]
LL_USART_IsEnabled       0x800'cc39     0xa  Code  Lc  stm32f4xx_ll_usart.o [1]
LL_USART_SetBaudRate     0x800'cc5b   0x116  Code  Lc  stm32f4xx_ll_usart.o [1]
LL_USART_SetHWFlowCtrl   0x800'cc4f     0xc  Code  Lc  stm32f4xx_ll_usart.o [1]
LL_USART_SetStopBitsLength
                         0x800'cc43     0xc  Code  Lc  stm32f4xx_ll_usart.o [1]
MX_GPIO_Init             0x801'66c5    0xe0  Code  Gb  gpio.o [1]
NVIC_EnableIRQ           0x800'ba69    0x16  Code  Lc  usart1.o [1]
NVIC_EnableIRQ           0x800'b795    0x16  Code  Lc  usart2.o [1]
NVIC_EnableIRQ           0x800'be75    0x16  Code  Lc  usart4.o [1]
NVIC_EncodePriority      0x801'3cf1    0x40  Code  Lc  stm32f4xx_hal_cortex.o [1]
NVIC_GetPriorityGrouping
                         0x801'3cbb     0xa  Code  Lc  stm32f4xx_hal_cortex.o [1]
NVIC_SetPriority         0x801'3cc5    0x2c  Code  Lc  stm32f4xx_hal_cortex.o [1]
NVIC_SetPriority         0x800'ba7f    0x2c  Code  Lc  usart1.o [1]
NVIC_SetPriority         0x800'b7ab    0x2c  Code  Lc  usart2.o [1]
NVIC_SetPriority         0x800'be8b    0x2c  Code  Lc  usart4.o [1]
NVIC_SetPriorityGrouping
                         0x801'3c9d    0x1e  Code  Lc  stm32f4xx_hal_cortex.o [1]
PendSV_Handler           0x800'9da1          Code  Gb  portasm.o [1]
RCC_GetHCLKClockFreq     0x800'd003    0x18  Code  Gb  stm32f4xx_ll_rcc.o [1]
RCC_GetPCLK1ClockFreq    0x800'd01b    0x14  Code  Gb  stm32f4xx_ll_rcc.o [1]
RCC_GetPCLK2ClockFreq    0x800'd02f    0x14  Code  Gb  stm32f4xx_ll_rcc.o [1]
RCC_GetSystemClockFreq   0x800'cfc9    0x3a  Code  Gb  stm32f4xx_ll_rcc.o [1]
RCC_PLL_GetFreqDomain_SYS
                         0x800'd043    0x76  Code  Gb  stm32f4xx_ll_rcc.o [1]
Region$$Table$$Base      0x801'7dd0           --   Gb  - Linker created -
Region$$Table$$Limit     0x801'7df0           --   Gb  - Linker created -
SVC_Handler              0x800'9df9          Code  Gb  portasm.o [1]
StartDefaultTask         0x800'ad77    0x76  Code  Gb  DisplayApplication.o [1]
StartDefaultTask::inputBuffer
                        0x2000'6ee8    0x50  Data  Lc  DisplayApplication.o [1]
SysTick_Config           0x801'3d31    0x30  Code  Lc  stm32f4xx_hal_cortex.o [1]
SysTick_Handler          0x801'7f49     0xc  Code  Gb  stm32f4xx_it.o [1]
SystemClock_Config       0x801'6509    0xd0  Code  Gb  main.o [1]
SystemCoreClock         0x2000'00b8     0x4  Data  Gb  system_stm32f4xx.o [1]
SystemInit               0x801'7bb5    0x40  Code  Gb  system_stm32f4xx.o [1]
UART4_IRQHandler         0x800'bee3    0x86  Code  Gb  usart4.o [1]
USART1_IRQHandler        0x800'bad7    0x86  Code  Gb  usart1.o [1]
USART2_IRQHandler        0x800'b803    0x86  Code  Gb  usart2.o [1]
_Error_Handler           0x801'65fd     0x2  Code  Gb  main.o [1]
_LocaleC_isalpha         0x800'c733     0xc  Code  Gb  xlocale_c.o [2]
_LocaleC_islower         0x800'c72d     0x4  Code  Gb  xlocale_c.o [2]
_LocaleC_ispunct         0x800'c749    0x22  Code  Gb  xlocale_c.o [2]
_LocaleC_isspace         0x800'c76b    0x14  Code  Gb  xlocale_c.o [2]
_LocaleC_isupper         0x800'c731     0x2  Code  Gb  xlocale_c.o [2]
_LocaleC_tolower         0x800'c77f     0xc  Code  Gb  xlocale_c.o [2]
_LocaleC_toupper         0x800'c78b     0xc  Code  Gb  xlocale_c.o [2]
_Strtok_ssave           0x2000'718c     0x4  Data  Lc  strtok.o [2]
__aeabi_llsl             0x800'c709          Code  Gb  I64Shl.o [4]
__aeabi_memcpy           0x800'bd3d          Code  Gb  ABImemcpy.o [4]
__aeabi_memcpy4          0x800'bd5d          Code  Gb  ABImemcpy.o [4]
__aeabi_memcpy8          0x800'bd5d          Code  Gb  ABImemcpy.o [4]
__aeabi_memset           0x800'925d          Code  Gb  ABImemset.o [4]
__cmain                  0x801'7df1          Code  Gb  cmain.o [4]
__exit                   0x801'7e25          Code  Gb  XXexit.o [4]
__iar_Memchr             0x800'c6b1          Code  Gb  memchr.o [4]
__iar_Memset             0x800'925d          Code  Gb  ABImemset.o [4]
__iar_Memset_word        0x800'9265          Code  Gb  ABImemset.o [4]
__iar_Stoulx             0x800'b091   0x13a  Code  Gb  iar_Stoulx.o [2]
__iar_data_init3         0x801'7d3d    0x28  Code  Gb  data_init.o [4]
__iar_globLocale        0x2000'00bc    0x48  Data  Lc  xlocale_c.o [2]
__iar_global_Locale      0x800'c797     0x4  Code  Gb  xlocale_c.o [2]
__iar_init_vfp           0x801'7dad          Code  Gb  fpinit_M.o [3]
__iar_lz77_init_single3
                         0x801'7a05    0x78  Code  Gb  lz77_init_single.o [4]
__iar_program_start      0x801'7f55          Code  Gb  cstartup_M.o [4]
__iar_zero_init3         0x800'92c3    0x3a  Code  Gb  zero_init3.o [4]
__low_level_init         0x801'7e0f     0x4  Code  Gb  low_level_init.o [2]
__vector_table           0x800'0000          Data  Gb  startup_stm32f446xx.o [1]
_call_main               0x801'7dfd          Code  Gb  cmain.o [4]
_displayBuffer          0x2000'3d08  0x2800  Data  Gb  DisplayDriver.o [1]
_exit                    0x801'7e19          Code  Gb  cexit.o [4]
_main                    0x801'7e0b          Code  Gb  cmain.o [4]
addCRC16                 0x800'af7d    0x1e  Code  Gb  crc.o [1]
atoi                     0x800'b1d1     0x2  Code  Gb  iar_Stoulx.o [2]
bank                    0x2000'7100     0x4  Data  Gb  DisplayDriver.o [1]
bigL                     0x800'dcd4   0x240  Data  Gb  Fonts.o [1]
bigLetters               0x801'7ae4    0x68  Data  Gb  Fonts.o [1]
bigLetters64             0x801'7b4c    0x68  Data  Gb  Fonts.o [1]
bigP                     0x800'd854   0x240  Data  Gb  Fonts.o [1]
bigW                     0x800'da94   0x240  Data  Gb  Fonts.o [1]
breakIcon                0x800'e814   0x240  Data  Gb  Fonts.o [1]
buttonTask               0x800'a393    0x76  Code  Gb  DisplayApplication.o [1]
buttonTaskHandle        0x2000'70d8     0x4  Data  Gb  DisplayApplication.o [1]
calcCRC                  0x800'af55    0x28  Code  Gb  crc.o [1]
changeImagePlane         0x800'b71b    0x16  Code  Gb  Fonts.o [1]
clearBuffer              0x800'8205    0x2c  Code  Gb  DisplayDriver.o [1]
clearImage               0x800'b731    0x10  Code  Gb  Fonts.o [1]
colors                  0x2000'6f84    0x20  Data  Gb  Fonts.o [1]
commitMode               0x800'a36d    0x26  Code  Gb  DisplayApplication.o [1]
computeCRC               0x800'aebd    0x8c  Code  Gb  crc.o [1]
currentMode             0x2000'0000     0x4  Data  Gb  DisplayDriver.o [1]
currentWriteAddress     0x2000'7104     0x4  Data  Lc  FlashInterface.o [1]
defaultTaskHandle       0x2000'70cc     0x4  Data  Gb  DisplayApplication.o [1]
digit0                   0x800'ecd0   0x200  Data  Gb  Fonts.o [1]
digit1                   0x800'eed0   0x200  Data  Gb  Fonts.o [1]
digit2                   0x800'f0d0   0x200  Data  Gb  Fonts.o [1]
digit3                   0x800'f2d0   0x200  Data  Gb  Fonts.o [1]
digit4                   0x800'f4d0   0x200  Data  Gb  Fonts.o [1]
digit5                   0x800'f6d0   0x200  Data  Gb  Fonts.o [1]
digit6                   0x800'f8d0   0x200  Data  Gb  Fonts.o [1]
digit7                   0x800'fad0   0x200  Data  Gb  Fonts.o [1]
digit8                   0x800'fcd0   0x200  Data  Gb  Fonts.o [1]
digit9                   0x800'fed0   0x200  Data  Gb  Fonts.o [1]
digitA                   0x801'00d0   0x200  Data  Gb  Fonts.o [1]
digitB                   0x801'02d0   0x200  Data  Gb  Fonts.o [1]
digitC                   0x801'04d0   0x200  Data  Gb  Fonts.o [1]
digitD                   0x801'06d0   0x200  Data  Gb  Fonts.o [1]
digitE                   0x801'08d0   0x200  Data  Gb  Fonts.o [1]
digitF                   0x801'0ad0   0x200  Data  Gb  Fonts.o [1]
digitG                   0x801'0cd0   0x200  Data  Gb  Fonts.o [1]
digitH                   0x801'0ed0   0x200  Data  Gb  Fonts.o [1]
digitI                   0x801'10d0   0x200  Data  Gb  Fonts.o [1]
digitJ                   0x801'12d0   0x200  Data  Gb  Fonts.o [1]
digitK                   0x801'14d0   0x200  Data  Gb  Fonts.o [1]
digitL                   0x801'16d0   0x200  Data  Gb  Fonts.o [1]
digitM                   0x801'18d0   0x200  Data  Gb  Fonts.o [1]
digitN                   0x801'1ad0   0x200  Data  Gb  Fonts.o [1]
digitO                   0x801'1cd0   0x200  Data  Gb  Fonts.o [1]
digitP                   0x801'1ed0   0x200  Data  Gb  Fonts.o [1]
digitQ                   0x801'20d0   0x200  Data  Gb  Fonts.o [1]
digitR                   0x801'22d0   0x200  Data  Gb  Fonts.o [1]
digitS                   0x801'24d0   0x200  Data  Gb  Fonts.o [1]
digitT                   0x801'26d0   0x200  Data  Gb  Fonts.o [1]
digitU                   0x801'28d0   0x200  Data  Gb  Fonts.o [1]
digitV                   0x801'2ad0   0x200  Data  Gb  Fonts.o [1]
digitW                   0x801'2cd0   0x200  Data  Gb  Fonts.o [1]
digitX                   0x801'2ed0   0x200  Data  Gb  Fonts.o [1]
digitY                   0x801'30d0   0x200  Data  Gb  Fonts.o [1]
digitZ                   0x801'32d0   0x200  Data  Gb  Fonts.o [1]
digits                   0x801'7cec    0x28  Data  Gb  Fonts.o [1]
digits                   0x801'7c3c    0x28  Data  Lc  iar_Stoulx.o [2]
digits64                 0x801'7d14    0x28  Data  Gb  Fonts.o [1]
displayBufferOneEighthScan
                        0x2000'006c     0x4  Data  Gb  DisplayDriver.o [1]
displayBufferOneSixtenthScan
                        0x2000'0070     0x4  Data  Gb  DisplayDriver.o [1]
displayMode             0x2000'0004     0x8  Data  Gb  DisplayDriver.o [1]
displayModes            0x2000'000c    0x60  Data  Gb  DisplayDriver.o [1]
doFly                    0x801'36d0   0x200  Data  Gb  Fonts.o [1]
dontFly                  0x801'34d0   0x200  Data  Gb  Fonts.o [1]
drawFrame               0x2000'0104     0x1  Data  Gb  Fonts.o [1]
drivePixelsOut2x5        0x800'8c7f    0x34  Code  Gb  DisplayDriver.o [1]
eight                    0x801'6308   0x100  Data  Gb  Fonts.o [1]
eraseParameters          0x800'afe5    0x10  Code  Gb  FlashInterface.o [1]
exit                     0x801'7e13     0x4  Code  Gb  exit.o [2]
extractData              0x800'a409    0xb4  Code  Gb  DisplayApplication.o [1]
five                     0x801'6008   0x100  Data  Gb  Fonts.o [1]
flight                  0x2000'70ec     0x4  Data  Gb  DisplayApplication.o [1]
flip                     0x801'3ddc   0x100  Data  Gb  crc.o [1]
four                     0x801'5f08   0x100  Data  Gb  Fonts.o [1]
halfBigLetters           0x801'7a7c    0x68  Data  Gb  Fonts.o [1]
halfDigits               0x801'7cc4    0x28  Data  Gb  Fonts.o [1]
halfbigA                 0x801'6d04    0x80  Data  Gb  Fonts.o [1]
halfbigB                 0x801'6d84    0x80  Data  Gb  Fonts.o [1]
halfbigC                 0x801'6e04    0x80  Data  Gb  Fonts.o [1]
halfbigD                 0x801'6e84    0x80  Data  Gb  Fonts.o [1]
halfbigE                 0x801'6f04    0x80  Data  Gb  Fonts.o [1]
halfbigF                 0x801'6f84    0x80  Data  Gb  Fonts.o [1]
halfbigG                 0x801'7004    0x80  Data  Gb  Fonts.o [1]
halfbigH                 0x801'7084    0x80  Data  Gb  Fonts.o [1]
halfbigI                 0x801'7104    0x80  Data  Gb  Fonts.o [1]
halfbigJ                 0x801'7184    0x80  Data  Gb  Fonts.o [1]
halfbigK                 0x801'7204    0x80  Data  Gb  Fonts.o [1]
halfbigL                 0x801'7284    0x80  Data  Gb  Fonts.o [1]
halfbigM                 0x801'7304    0x80  Data  Gb  Fonts.o [1]
halfbigN                 0x801'7384    0x80  Data  Gb  Fonts.o [1]
halfbigO                 0x801'7404    0x80  Data  Gb  Fonts.o [1]
halfbigP                 0x801'7484    0x80  Data  Gb  Fonts.o [1]
halfbigQ                 0x801'7504    0x80  Data  Gb  Fonts.o [1]
halfbigR                 0x801'7584    0x80  Data  Gb  Fonts.o [1]
halfbigS                 0x801'7604    0x80  Data  Gb  Fonts.o [1]
halfbigT                 0x801'7684    0x80  Data  Gb  Fonts.o [1]
halfbigU                 0x801'7704    0x80  Data  Gb  Fonts.o [1]
halfbigV                 0x801'7784    0x80  Data  Gb  Fonts.o [1]
halfbigW                 0x801'7804    0x80  Data  Gb  Fonts.o [1]
halfbigX                 0x801'7884    0x80  Data  Gb  Fonts.o [1]
halfbigY                 0x801'7904    0x80  Data  Gb  Fonts.o [1]
halfbigZ                 0x801'7984    0x80  Data  Gb  Fonts.o [1]
halfeight                0x801'6c04    0x80  Data  Gb  Fonts.o [1]
halffive                 0x801'6a84    0x80  Data  Gb  Fonts.o [1]
halffour                 0x801'6a04    0x80  Data  Gb  Fonts.o [1]
halfnine                 0x801'6c84    0x80  Data  Gb  Fonts.o [1]
halfone                  0x801'6884    0x80  Data  Gb  Fonts.o [1]
halfseven                0x801'6b84    0x80  Data  Gb  Fonts.o [1]
halfsix                  0x801'6b04    0x80  Data  Gb  Fonts.o [1]
halfthree                0x801'6984    0x80  Data  Gb  Fonts.o [1]
halftwo                  0x801'6904    0x80  Data  Gb  Fonts.o [1]
halfzero                 0x801'6804    0x80  Data  Gb  Fonts.o [1]
heat                    0x2000'70e8     0x4  Data  Gb  DisplayApplication.o [1]
hourGlassIcon            0x800'e5d4   0x240  Data  Gb  Fonts.o [1]
incrementMode            0x800'81b7    0x4e  Code  Gb  DisplayDriver.o [1]
initAFPin                0x800'93bd    0x62  Code  Gb  gpioapi.o [1]
initGPIO                 0x800'8d99   0x134  Code  Gb  DisplayDriver.o [1]
initGPIOPin              0x800'9377    0x46  Code  Gb  gpioapi.o [1]
isalpha                  0x800'd0d1    0x14  Code  Gb  isalpha.o [2]
isprint                  0x800'cf05    0x28  Code  Gb  isprint.o [2]
ispunct                  0x800'd0e5    0x14  Code  Gb  ispunct.o [2]
isspace                  0x800'c689    0x14  Code  Gb  isspace.o [2]
land                     0x801'38d0   0x200  Data  Gb  Fonts.o [1]
letterOffsets           0x2000'0084    0x14  Data  Gb  Fonts.o [1]
letterOffsetsSmall      0x2000'0098    0x1c  Data  Gb  Fonts.o [1]
main                     0x801'65e5    0x18  Code  Gb  main.o [1]
makeFreeRtosPriority     0x800'bde5    0x16  Code  Lc  cmsis_os.o [1]
memchr                   0x800'c6b1          Code  Gb  memchr.o [4]
minusIcon                0x800'df14   0x240  Data  Gb  Fonts.o [1]
minutes                 0x2000'70fc     0x4  Data  Gb  DisplayDriver.o [1]
ndigs                    0x801'7c14    0x28  Data  Lc  iar_Stoulx.o [2]
nine                     0x801'6408   0x100  Data  Gb  Fonts.o [1]
one                      0x801'5c08   0x100  Data  Gb  Fonts.o [1]
osKernelStart            0x800'bdfb     0xa  Code  Gb  cmsis_os.o [1]
osSystickHandler         0x800'be65    0x10  Code  Gb  cmsis_os.o [1]
osThreadCreate           0x800'be05    0x60  Code  Gb  cmsis_os.o [1]
outputRow                0x800'8cc1    0xc6  Code  Gb  DisplayDriver.o [1]
pFlash                  0x2000'6fa4    0x20  Data  Gb  stm32f4xx_hal_flash.o [1]
parseCommand             0x800'a97d   0x374  Code  Gb  DisplayApplication.o [1]
pcInterruptPriorityRegisters
                         0x801'7f74     0x4  Data  Lc  port.o [1]
phase                   0x2000'70dc     0x4  Data  Gb  DisplayApplication.o [1]
plusIcon                 0x800'e154   0x240  Data  Gb  Fonts.o [1]
prvAddCurrentTaskToDelayedList
                         0x800'9ce1    0x82  Code  Lc  tasks.o [1]
prvAddNewTaskToReadyList
                         0x800'95f1    0x9a  Code  Lc  tasks.o [1]
prvCheckTasksWaitingTermination
                         0x800'9bd9    0x50  Code  Lc  tasks.o [1]
prvCopyDataFromQueue     0x800'cb73    0x36  Code  Lc  queue.o [1]
prvDeleteTCB             0x800'9c35    0x44  Code  Lc  tasks.o [1]
prvHeapInit              0x800'a199    0x62  Code  Lc  heap_4.o [1]
prvIdleTask              0x800'9b5d    0x24  Code  Lc  tasks.o [1]
prvInitialiseNewQueue    0x800'c891    0x32  Code  Lc  queue.o [1]
prvInitialiseNewTask     0x800'9535    0xbc  Code  Lc  tasks.o [1]
prvInitialiseTaskLists   0x800'9b85    0x50  Code  Lc  tasks.o [1]
prvInsertBlockIntoFreeList
                         0x800'a1fb    0x5e  Code  Lc  heap_4.o [1]
prvIsQueueEmpty          0x800'cc17    0x1c  Code  Lc  queue.o [1]
prvResetNextTaskUnblockTime
                         0x800'9c79    0x2a  Code  Lc  tasks.o [1]
prvTaskExitError         0x800'904d    0x2a  Code  Lc  port.o [1]
prvUnlockQueue           0x800'cba9    0x6e  Code  Lc  queue.o [1]
putBigLetter             0x800'b42b    0x66  Code  Gb  Fonts.o [1]
putBigLetter64           0x800'b6a1    0x7a  Code  Gb  Fonts.o [1]
putColon                 0x800'b23b    0x26  Code  Gb  Fonts.o [1]
putDot                   0x800'b1dd    0x5e  Code  Gb  Fonts.o [1]
putFly                   0x800'b32b    0x1a  Code  Gb  Fonts.o [1]
putHalfBigLetter         0x800'b56d    0x5c  Code  Gb  Fonts.o [1]
putHalfBigValue          0x800'b511    0x5c  Code  Gb  Fonts.o [1]
putLand                  0x800'b345    0x1a  Code  Gb  Fonts.o [1]
putLittleColon           0x800'b261    0x22  Code  Gb  Fonts.o [1]
putNoFly                 0x800'b311    0x1a  Code  Gb  Fonts.o [1]
putPattern               0x800'b283    0x8e  Code  Gb  Fonts.o [1]
putPixel                 0x800'8c59    0x26  Code  Gb  DisplayDriver.o [1]
putPixelPointer         0x2000'70f4     0x4  Data  Lc  DisplayDriver.o [1]
putPixelScan16           0x800'89a1    0x76  Code  Gb  DisplayDriver.o [1]
putPixelScan16Inverted   0x800'8afd    0x7c  Code  Gb  DisplayDriver.o [1]
putPixelScan16InvertedSmallDisplay
                         0x800'8b79    0xdc  Code  Gb  DisplayDriver.o [1]
putPixelScan16SmallDisplay
                         0x800'8a19    0xe2  Code  Gb  DisplayDriver.o [1]
putPixelScan8            0x800'8405    0x9e  Code  Gb  DisplayDriver.o [1]
putPixelScan8Alternate   0x800'8231    0x9e  Code  Gb  DisplayDriver.o [1]
putPixelScan8AlternateInverted
                         0x800'87bd    0xa6  Code  Gb  DisplayDriver.o [1]
putPixelScan8AlternateInvertedSmallDisplay
                         0x800'8865   0x13c  Code  Gb  DisplayDriver.o [1]
putPixelScan8AlternateSmallDisplay
                         0x800'82d1   0x132  Code  Gb  DisplayDriver.o [1]
putPixelScan8Inverted    0x800'85d9    0xa6  Code  Gb  DisplayDriver.o [1]
putPixelScan8InvertedSmallDisplay
                         0x800'8681   0x13c  Code  Gb  DisplayDriver.o [1]
putPixelScan8SmallDisplay
                         0x800'84a5   0x132  Code  Gb  DisplayDriver.o [1]
putStage                 0x800'b35f    0xcc  Code  Gb  Fonts.o [1]
putSymbol                0x800'b62b    0x76  Code  Gb  Fonts.o [1]
putValue                 0x800'b5c9    0x62  Code  Gb  Fonts.o [1]
putValue64               0x800'b491    0x80  Code  Gb  Fonts.o [1]
pvPortMalloc             0x800'a005   0x120  Code  Gb  heap_4.o [1]
pxCurrentTCB            0x2000'7120     0x4  Data  Gb  tasks.o [1]
pxDelayedTaskList       0x2000'7124     0x4  Data  Lc  tasks.o [1]
pxEnd                   0x2000'7108     0x4  Data  Lc  heap_4.o [1]
pxOverflowDelayedTaskList
                        0x2000'7128     0x4  Data  Lc  tasks.o [1]
pxPortInitialiseStack    0x800'9025    0x28  Code  Gb  port.o [1]
pxReadyTasksLists       0x2000'6d08   0x140  Data  Lc  tasks.o [1]
radioReceiverTask        0x800'acf1    0x3c  Code  Gb  DisplayApplication.o [1]
radioReceiverTask::inputBuffer
                        0x2000'6e48    0x50  Data  Lc  DisplayApplication.o [1]
radioReceiverTaskHandle
                        0x2000'70d4     0x4  Data  Gb  DisplayApplication.o [1]
receiverTask             0x800'ad2d    0x4a  Code  Gb  DisplayApplication.o [1]
receiverTask::inputBuffer
                        0x2000'6e98    0x50  Data  Lc  DisplayApplication.o [1]
receiverTaskHandle      0x2000'70d0     0x4  Data  Gb  DisplayApplication.o [1]
recoverMode              0x800'a33f    0x2e  Code  Gb  DisplayApplication.o [1]
remainderHigh            0x801'3edc   0x100  Data  Gb  crc.o [1]
remainderLow             0x801'3fdc   0x100  Data  Gb  crc.o [1]
round                   0x2000'70e4     0x4  Data  Gb  DisplayApplication.o [1]
sGPIOInitStructure      0x2000'7034    0x18  Data  Lc  gpioapi.o [1]
scannerTask              0x800'8ee5   0x10a  Code  Gb  DisplayDriver.o [1]
scannerTaskHandle       0x2000'70f0     0x4  Data  Gb  DisplayDriver.o [1]
seconds                 0x2000'70f8     0x4  Data  Gb  DisplayDriver.o [1]
secondsIn               0x2000'70e0     0x4  Data  Gb  DisplayApplication.o [1]
sectorErase              0x800'af9d    0x48  Code  Gb  FlashInterface.o [1]
sectorErase::options    0x2000'6fc4    0x1c  Data  Lc  FlashInterface.o [1]
setMode                  0x800'8169    0x4e  Code  Gb  DisplayDriver.o [1]
setupAlternateColors     0x800'8057    0x26  Code  Gb  DisplayDriver.o [1]
setupColors              0x800'8031    0x26  Code  Gb  DisplayDriver.o [1]
setupPixelPutFunction    0x800'807d    0xec  Code  Gb  DisplayDriver.o [1]
seven                    0x801'6208   0x100  Data  Gb  Fonts.o [1]
showData                 0x800'a4c5   0x300  Code  Gb  DisplayApplication.o [1]
showFrame               0x2000'7190     0x1  Data  Gb  Fonts.o [1]
showRoundAndHeat         0x800'a7c5    0x9c  Code  Gb  DisplayApplication.o [1]
showTimeOnly             0x800'a861   0x11c  Code  Gb  DisplayApplication.o [1]
six                      0x801'6108   0x100  Data  Gb  Fonts.o [1]
smallA                   0x801'4108   0x100  Data  Gb  Fonts.o [1]
smallB                   0x801'4208   0x100  Data  Gb  Fonts.o [1]
smallC                   0x801'4308   0x100  Data  Gb  Fonts.o [1]
smallD                   0x801'4408   0x100  Data  Gb  Fonts.o [1]
smallDot                 0x801'7d88    0x24  Data  Gb  Fonts.o [1]
smallE                   0x801'4508   0x100  Data  Gb  Fonts.o [1]
smallF                   0x801'4608   0x100  Data  Gb  Fonts.o [1]
smallG                   0x801'4708   0x100  Data  Gb  Fonts.o [1]
smallH                   0x801'4808   0x100  Data  Gb  Fonts.o [1]
smallI                   0x801'4908   0x100  Data  Gb  Fonts.o [1]
smallJ                   0x801'4a08   0x100  Data  Gb  Fonts.o [1]
smallK                   0x801'4b08   0x100  Data  Gb  Fonts.o [1]
smallL                   0x801'4c08   0x100  Data  Gb  Fonts.o [1]
smallM                   0x801'4d08   0x100  Data  Gb  Fonts.o [1]
smallN                   0x801'4e08   0x100  Data  Gb  Fonts.o [1]
smallO                   0x801'4f08   0x100  Data  Gb  Fonts.o [1]
smallP                   0x801'5008   0x100  Data  Gb  Fonts.o [1]
smallQ                   0x801'5108   0x100  Data  Gb  Fonts.o [1]
smallR                   0x801'5208   0x100  Data  Gb  Fonts.o [1]
smallS                   0x801'5308   0x100  Data  Gb  Fonts.o [1]
smallT                   0x801'5408   0x100  Data  Gb  Fonts.o [1]
smallU                   0x801'5508   0x100  Data  Gb  Fonts.o [1]
smallV                   0x801'5608   0x100  Data  Gb  Fonts.o [1]
smallW                   0x801'5708   0x100  Data  Gb  Fonts.o [1]
smallX                   0x801'5808   0x100  Data  Gb  Fonts.o [1]
smallY                   0x801'5908   0x100  Data  Gb  Fonts.o [1]
smallZ                   0x801'5a08   0x100  Data  Gb  Fonts.o [1]
startDisplayDriver       0x800'aded    0x48  Code  Gb  DisplayApplication.o [1]
stopIcon                 0x800'e394   0x240  Data  Gb  Fonts.o [1]
strcspn                  0x800'c667    0x22  Code  Gb  strcspn.o [2]
strspn                   0x800'c645    0x22  Code  Gb  strspn.o [2]
strtok                   0x800'b045    0x4c  Code  Gb  strtok.o [2]
symbols                  0x801'7d64    0x24  Data  Gb  Fonts.o [1]
three                    0x801'5e08   0x100  Data  Gb  Fonts.o [1]
tolower                  0x800'c69d    0x14  Code  Gb  tolower.o [2]
toupper                  0x800'b781    0x14  Code  Gb  toupper.o [2]
two                      0x801'5d08   0x100  Data  Gb  Fonts.o [1]
uart1Getch               0x800'bcbd    0x1e  Code  Gb  usart1.o [1]
uart1GetchTO             0x800'bbfb    0x82  Code  Gb  usart1.o [1]
uart1Gets                0x800'bcdb    0x60  Code  Gb  usart1.o [1]
uart1Init                0x800'bb5d    0x9e  Code  Gb  usart1.o [1]
uart1RxBuffer           0x2000'6708   0x200  Data  Gb  usart1.o [1]
uart1RxCount            0x2000'7164     0x4  Data  Gb  usart1.o [1]
uart1RxReadIndex        0x2000'7160     0x4  Data  Gb  usart1.o [1]
uart1RxSema             0x2000'7168     0x4  Data  Gb  usart1.o [1]
uart1RxWriteIndex       0x2000'715c     0x4  Data  Gb  usart1.o [1]
uart2Getch               0x800'b9e9    0x1e  Code  Gb  usart2.o [1]
uart2GetchTO             0x800'b927    0x82  Code  Gb  usart2.o [1]
uart2Gets                0x800'ba07    0x60  Code  Gb  usart2.o [1]
uart2Init                0x800'b889    0x9e  Code  Gb  usart2.o [1]
uart2RxBuffer           0x2000'6908   0x200  Data  Gb  usart2.o [1]
uart2RxCount            0x2000'7174     0x4  Data  Gb  usart2.o [1]
uart2RxReadIndex        0x2000'7170     0x4  Data  Gb  usart2.o [1]
uart2RxSema             0x2000'7178     0x4  Data  Gb  usart2.o [1]
uart2RxWriteIndex       0x2000'716c     0x4  Data  Gb  usart2.o [1]
uart4Getch               0x800'c0c9    0x1e  Code  Gb  usart4.o [1]
uart4GetchTO             0x800'c007    0x82  Code  Gb  usart4.o [1]
uart4Gets                0x800'c0e7    0x60  Code  Gb  usart4.o [1]
uart4Init                0x800'bf69    0x9e  Code  Gb  usart4.o [1]
uart4RxBuffer           0x2000'6b08   0x200  Data  Gb  usart4.o [1]
uart4RxCount            0x2000'7184     0x4  Data  Gb  usart4.o [1]
uart4RxReadIndex        0x2000'7180     0x4  Data  Gb  usart4.o [1]
uart4RxSema             0x2000'7188     0x4  Data  Gb  usart4.o [1]
uart4RxWriteIndex       0x2000'717c     0x4  Data  Gb  usart4.o [1]
ucHeap                  0x2000'0108  0x3c00  Data  Lc  heap_4.o [1]
ucMaxSysCallPriority    0x2000'7191     0x1  Data  Lc  port.o [1]
ulMaxPRIGROUPValue      0x2000'7118     0x4  Data  Lc  port.o [1]
usartInit               0x2000'6fe0    0x1c  Data  Lc  usart1.o [1]
usartInit               0x2000'6ffc    0x1c  Data  Lc  usart2.o [1]
usartInit               0x2000'7018    0x1c  Data  Lc  usart4.o [1]
uwTick                  0x2000'711c     0x4  Data  Gb  stm32f4xx_hal.o [1]
uxCriticalNesting       0x2000'00b4     0x4  Data  Lc  port.o [1]
uxCurrentNumberOfTasks  0x2000'7130     0x4  Data  Lc  tasks.o [1]
uxDeletedTasksWaitingCleanUp
                        0x2000'712c     0x4  Data  Lc  tasks.o [1]
uxListRemove             0x800'a2eb    0x28  Code  Gb  list.o [1]
uxPendedTicks           0x2000'7140     0x4  Data  Lc  tasks.o [1]
uxSchedulerSuspended    0x2000'7158     0x4  Data  Lc  tasks.o [1]
uxTaskNumber            0x2000'714c     0x4  Data  Lc  tasks.o [1]
uxTopReadyPriority      0x2000'7138     0x4  Data  Lc  tasks.o [1]
vApplicationGetIdleTaskMemory
                         0x800'a32d    0x12  Code  Gb  DisplayApplication.o [1]
vApplicationGetIdleTaskMemory::uxIdleTaskStack
                        0x2000'6508   0x200  Data  Lc  DisplayApplication.o [1]
vApplicationGetIdleTaskMemory::xIdleTaskTCB
                        0x2000'6f38    0x4c  Data  Lc  DisplayApplication.o [1]
vListInitialise          0x800'a279    0x1e  Code  Gb  list.o [1]
vListInitialiseItem      0x800'a297     0x6  Code  Gb  list.o [1]
vListInsert              0x800'a2b5    0x36  Code  Gb  list.o [1]
vListInsertEnd           0x800'a29d    0x18  Code  Gb  list.o [1]
vPortEnableVFP           0x800'9e2d          Code  Gb  portasm.o [1]
vPortEnterCritical       0x800'912b    0x34  Code  Gb  port.o [1]
vPortExitCritical        0x800'915f    0x2c  Code  Gb  port.o [1]
vPortFree                0x800'a125    0x74  Code  Gb  heap_4.o [1]
vPortStartFirstTask      0x800'9e15          Code  Gb  portasm.o [1]
vPortValidateInterruptPriority
                         0x800'91b5    0x4e  Code  Gb  port.o [1]
vTaskDelay               0x800'968b    0x4e  Code  Gb  tasks.o [1]
vTaskMissedYield         0x800'9b49     0xa  Code  Gb  tasks.o [1]
vTaskPlaceOnEventList    0x800'99e5    0x34  Code  Gb  tasks.o [1]
vTaskSetTimeOutState     0x800'9a95    0x26  Code  Gb  tasks.o [1]
vTaskStartScheduler      0x800'96d9    0x90  Code  Gb  tasks.o [1]
vTaskSuspendAll          0x800'9769     0xc  Code  Gb  tasks.o [1]
vTaskSwitchContext       0x800'9977    0x6e  Code  Gb  tasks.o [1]
windowIcon               0x800'ea54   0x240  Data  Gb  Fonts.o [1]
writeFlash               0x800'aff5    0x40  Code  Gb  FlashInterface.o [1]
x1Delta                  0x801'40dc    0x2c  Data  Gb  DisplayDriver.o [1]
x2Delta                  0x801'7ed0    0x14  Data  Gb  DisplayDriver.o [1]
x3Delta                  0x801'7c64    0x30  Data  Gb  DisplayDriver.o [1]
x4Delta                  0x801'7c94    0x30  Data  Gb  DisplayDriver.o [1]
xBlockAllocatedBit      0x2000'7114     0x4  Data  Lc  heap_4.o [1]
xDelayedTaskList1       0x2000'7060    0x14  Data  Lc  tasks.o [1]
xDelayedTaskList2       0x2000'7074    0x14  Data  Lc  tasks.o [1]
xFreeBytesRemaining     0x2000'710c     0x4  Data  Lc  heap_4.o [1]
xHeapStructSize          0x801'7f70     0x4  Data  Lc  heap_4.o [1]
xIdleTaskHandle         0x2000'7154     0x4  Data  Lc  tasks.o [1]
xMaximum                0x2000'0074     0x4  Data  Lc  DisplayDriver.o [1]
xMaximumSmallDisplay    0x2000'007c     0x4  Data  Lc  DisplayDriver.o [1]
xMinimumEverFreeBytesRemaining
                        0x2000'7110     0x4  Data  Lc  heap_4.o [1]
xNextTaskUnblockTime    0x2000'7150     0x4  Data  Lc  tasks.o [1]
xNumOfOverflows         0x2000'7148     0x4  Data  Lc  tasks.o [1]
xPendingReadyList       0x2000'7088    0x14  Data  Lc  tasks.o [1]
xPortStartScheduler      0x800'9077    0xb4  Code  Gb  port.o [1]
xPortSysTickHandler      0x800'918b    0x28  Code  Gb  port.o [1]
xQueueCreateCountingSemaphore
                         0x800'c8c3    0x40  Code  Gb  queue.o [1]
xQueueGenericCreate      0x800'c835    0x5c  Code  Gb  queue.o [1]
xQueueGenericReceive     0x800'c9c7   0x1ac  Code  Gb  queue.o [1]
xQueueGenericReset       0x800'c7a1    0x94  Code  Gb  queue.o [1]
xQueueGiveFromISR        0x800'c903    0xc4  Code  Gb  queue.o [1]
xSchedulerRunning       0x2000'713c     0x4  Data  Lc  tasks.o [1]
xStart                  0x2000'70c4     0x8  Data  Lc  heap_4.o [1]
xSuspendedTaskList      0x2000'70b0    0x14  Data  Lc  tasks.o [1]
xTaskCheckForTimeOut     0x800'9ac1    0x82  Code  Gb  tasks.o [1]
xTaskCreate              0x800'94c3    0x72  Code  Gb  tasks.o [1]
xTaskCreateStatic        0x800'9445    0x7e  Code  Gb  tasks.o [1]
xTaskGetSchedulerState   0x800'9ca3    0x20  Code  Gb  tasks.o [1]
xTaskGetTickCount        0x800'985d     0x8  Code  Gb  tasks.o [1]
xTaskIncrementTick       0x800'9865   0x112  Code  Gb  tasks.o [1]
xTaskRemoveFromEventList
                         0x800'9a19    0x7c  Code  Gb  tasks.o [1]
xTaskResumeAll           0x800'9775    0xe8  Code  Gb  tasks.o [1]
xTasksWaitingTermination
                        0x2000'709c    0x14  Data  Lc  tasks.o [1]
xTickCount              0x2000'7134     0x4  Data  Lc  tasks.o [1]
xYieldPending           0x2000'7144     0x4  Data  Lc  tasks.o [1]
yMaximum                0x2000'0078     0x4  Data  Lc  DisplayDriver.o [1]
yMaximumSmallDisplay    0x2000'0080     0x4  Data  Lc  DisplayDriver.o [1]
zero                     0x801'5b08   0x100  Data  Gb  Fonts.o [1]


[1] = C:\Work\TimerOpenSource\Display\BigDisplay2019\EWARM\BigDisplay2019\Obj
[2] = dl7M_tlf.a
[3] = m7M_tls.a
[4] = rt7M_tl.a

  25'370 bytes of readonly  code memory
  40'981 bytes of readonly  data memory
  30'095 bytes of readwrite data memory

Errors: none
Warnings: none
